[0.011s] Invoking command in '/home/mvibot/floorCleaningRobot_ws/build/opennav_row_coverage': AMENT_PREFIX_PATH=/home/mvibot/floorCleaningRobot_ws/install/opennav_coverage:/home/mvibot/floorCleaningRobot_ws/install/opennav_coverage_msgs:${AMENT_PREFIX_PATH} CMAKE_PREFIX_PATH=/home/mvibot/floorCleaningRobot_ws/install/opennav_coverage:/home/mvibot/floorCleaningRobot_ws/install/opennav_coverage_msgs:/home/mvibot/floorCleaningRobot_ws/install/fields2cover:/opt/ros/jazzy/opt/gz_math_vendor:/opt/ros/jazzy/opt/gz_utils_vendor:/opt/ros/jazzy/opt/gz_cmake_vendor:/opt/ros/jazzy DEBUGINFOD_URLS=https://debuginfod.ubuntu.com LD_LIBRARY_PATH=/home/mvibot/floorCleaningRobot_ws/install/opennav_coverage/lib:/home/mvibot/floorCleaningRobot_ws/install/opennav_coverage_msgs/lib:/home/mvibot/floorCleaningRobot_ws/install/fields2cover/lib:${LD_LIBRARY_PATH} PKG_CONFIG_PATH=/home/mvibot/floorCleaningRobot_ws/install/fields2cover/lib/x86_64-linux-gnu/pkgconfig:/home/mvibot/floorCleaningRobot_ws/install/fields2cover/lib/pkgconfig PYTHONPATH=/home/mvibot/floorCleaningRobot_ws/install/opennav_coverage_msgs/lib/python3.12/site-packages:${PYTHONPATH} /usr/bin/cmake /home/mvibot/floorCleaningRobot_ws/src/opennav_coverage/opennav_row_coverage -DAMENT_CMAKE_SYMLINK_INSTALL=1 -DCMAKE_INSTALL_PREFIX=/home/mvibot/floorCleaningRobot_ws/install/opennav_row_coverage
[0.050s] -- The C compiler identification is GNU 13.3.0
[0.092s] -- The CXX compiler identification is GNU 13.3.0
[0.103s] -- Detecting C compiler ABI info
[0.176s] -- Detecting C compiler ABI info - done
[0.186s] -- Check for working C compiler: /usr/bin/cc - skipped
[0.186s] -- Detecting C compile features
[0.187s] -- Detecting C compile features - done
[0.194s] -- Detecting CXX compiler ABI info
[0.271s] -- Detecting CXX compiler ABI info - done
[0.277s] -- Check for working CXX compiler: /usr/bin/c++ - skipped
[0.278s] -- Detecting CXX compile features
[0.278s] -- Detecting CXX compile features - done
[0.280s] -- Found ament_cmake: 2.5.4 (/opt/ros/jazzy/share/ament_cmake/cmake)
[0.387s] -- Found Python3: /usr/bin/python3 (found version "3.12.3") found components: Interpreter 
[0.442s] -- Override CMake install command with custom implementation using symlinks instead of copying resources
[0.463s] -- Found rclcpp: 28.1.12 (/opt/ros/jazzy/share/rclcpp/cmake)
[0.491s] -- Found rosidl_generator_c: 4.6.6 (/opt/ros/jazzy/share/rosidl_generator_c/cmake)
[0.500s] -- Found rosidl_generator_cpp: 4.6.6 (/opt/ros/jazzy/share/rosidl_generator_cpp/cmake)
[0.514s] -- Using all available rosidl_typesupport_c: rosidl_typesupport_fastrtps_c;rosidl_typesupport_introspection_c
[0.526s] -- Using all available rosidl_typesupport_cpp: rosidl_typesupport_fastrtps_cpp;rosidl_typesupport_introspection_cpp
[0.580s] -- Found rmw_implementation_cmake: 7.3.2 (/opt/ros/jazzy/share/rmw_implementation_cmake/cmake)
[0.582s] -- Found rmw_fastrtps_cpp: 8.4.3 (/opt/ros/jazzy/share/rmw_fastrtps_cpp/cmake)
[0.636s] -- Found OpenSSL: /usr/lib/x86_64-linux-gnu/libcrypto.so (found version "3.0.13")  
[0.650s] -- Found FastRTPS: /opt/ros/jazzy/include (Required is at least version "2.13") 
[0.667s] -- Using RMW implementation 'rmw_fastrtps_cpp' as default
[0.720s] -- Found rclcpp_components: 28.1.12 (/opt/ros/jazzy/share/rclcpp_components/cmake)
[0.746s] -- Found rclcpp_lifecycle: 28.1.12 (/opt/ros/jazzy/share/rclcpp_lifecycle/cmake)
[0.769s] -- Found nav2_util: 1.3.8 (/opt/ros/jazzy/share/nav2_util/cmake)
[0.951s] -- Found eigen3_cmake_module: 0.3.0 (/opt/ros/jazzy/share/eigen3_cmake_module/cmake)
[0.952s] -- Found Eigen3: TRUE (found version "3.4.0") 
[0.952s] -- Ensuring Eigen3 include directory is part of orocos-kdl CMake target
[0.998s] -- Found GDAL: /usr/lib/x86_64-linux-gnu/libgdal.so (found suitable version "3.8.4", minimum required is "3.0") 
[0.999s] -- Found opennav_coverage: 0.0.1 (/home/mvibot/floorCleaningRobot_ws/install/opennav_coverage/share/opennav_coverage/cmake)
[1.118s] -- Found ament_lint_auto: 0.17.3 (/opt/ros/jazzy/share/ament_lint_auto/cmake)
[1.120s] -- Found ament_cmake_gtest: 2.5.4 (/opt/ros/jazzy/share/ament_cmake_gtest/cmake)
[1.199s] -- Added test 'copyright' to check source files copyright and LICENSE
[1.200s] -- Added test 'cppcheck' to perform static code analysis on C / C++ code
[1.200s] -- Configured cppcheck include dirs: /home/mvibot/floorCleaningRobot_ws/src/opennav_coverage/opennav_row_coverage/include
[1.200s] -- Configured cppcheck exclude dirs and/or files: 
[1.201s] -- Added test 'cpplint' to check C / C++ code against the Google style
[1.201s] -- Configured cpplint exclude dirs and/or files: 
[1.201s] -- Added test 'flake8' to check Python code syntax and style conventions
[1.201s] -- Configured 'flake8' exclude dirs and/or files: 
[1.202s] -- Added test 'lint_cmake' to check CMake code style
[1.202s] -- Added test 'pep257' to check Python code against some of the docstring style conventions in PEP 257
[1.203s] -- Added test 'uncrustify' to check C / C++ code style
[1.203s] -- Configured uncrustify additional arguments: 
[1.203s] -- Added test 'xmllint' to check XML markup files
[1.206s] -- Configuring done (1.2s)
[1.253s] -- Generating done (0.0s)
[1.258s] -- Build files have been written to: /home/mvibot/floorCleaningRobot_ws/build/opennav_row_coverage
[1.268s] Invoked command in '/home/mvibot/floorCleaningRobot_ws/build/opennav_row_coverage' returned '0': AMENT_PREFIX_PATH=/home/mvibot/floorCleaningRobot_ws/install/opennav_coverage:/home/mvibot/floorCleaningRobot_ws/install/opennav_coverage_msgs:${AMENT_PREFIX_PATH} CMAKE_PREFIX_PATH=/home/mvibot/floorCleaningRobot_ws/install/opennav_coverage:/home/mvibot/floorCleaningRobot_ws/install/opennav_coverage_msgs:/home/mvibot/floorCleaningRobot_ws/install/fields2cover:/opt/ros/jazzy/opt/gz_math_vendor:/opt/ros/jazzy/opt/gz_utils_vendor:/opt/ros/jazzy/opt/gz_cmake_vendor:/opt/ros/jazzy DEBUGINFOD_URLS=https://debuginfod.ubuntu.com LD_LIBRARY_PATH=/home/mvibot/floorCleaningRobot_ws/install/opennav_coverage/lib:/home/mvibot/floorCleaningRobot_ws/install/opennav_coverage_msgs/lib:/home/mvibot/floorCleaningRobot_ws/install/fields2cover/lib:${LD_LIBRARY_PATH} PKG_CONFIG_PATH=/home/mvibot/floorCleaningRobot_ws/install/fields2cover/lib/x86_64-linux-gnu/pkgconfig:/home/mvibot/floorCleaningRobot_ws/install/fields2cover/lib/pkgconfig PYTHONPATH=/home/mvibot/floorCleaningRobot_ws/install/opennav_coverage_msgs/lib/python3.12/site-packages:${PYTHONPATH} /usr/bin/cmake /home/mvibot/floorCleaningRobot_ws/src/opennav_coverage/opennav_row_coverage -DAMENT_CMAKE_SYMLINK_INSTALL=1 -DCMAKE_INSTALL_PREFIX=/home/mvibot/floorCleaningRobot_ws/install/opennav_row_coverage
[1.269s] Invoking command in '/home/mvibot/floorCleaningRobot_ws/build/opennav_row_coverage': AMENT_PREFIX_PATH=/home/mvibot/floorCleaningRobot_ws/install/opennav_coverage:/home/mvibot/floorCleaningRobot_ws/install/opennav_coverage_msgs:${AMENT_PREFIX_PATH} CMAKE_PREFIX_PATH=/home/mvibot/floorCleaningRobot_ws/install/opennav_coverage:/home/mvibot/floorCleaningRobot_ws/install/opennav_coverage_msgs:/home/mvibot/floorCleaningRobot_ws/install/fields2cover:/opt/ros/jazzy/opt/gz_math_vendor:/opt/ros/jazzy/opt/gz_utils_vendor:/opt/ros/jazzy/opt/gz_cmake_vendor:/opt/ros/jazzy DEBUGINFOD_URLS=https://debuginfod.ubuntu.com LD_LIBRARY_PATH=/home/mvibot/floorCleaningRobot_ws/install/opennav_coverage/lib:/home/mvibot/floorCleaningRobot_ws/install/opennav_coverage_msgs/lib:/home/mvibot/floorCleaningRobot_ws/install/fields2cover/lib:${LD_LIBRARY_PATH} PKG_CONFIG_PATH=/home/mvibot/floorCleaningRobot_ws/install/fields2cover/lib/x86_64-linux-gnu/pkgconfig:/home/mvibot/floorCleaningRobot_ws/install/fields2cover/lib/pkgconfig PYTHONPATH=/home/mvibot/floorCleaningRobot_ws/install/opennav_coverage_msgs/lib/python3.12/site-packages:${PYTHONPATH} /usr/bin/cmake --build /home/mvibot/floorCleaningRobot_ws/build/opennav_row_coverage -- -j8 -l8
[1.308s] [ 40%] [32mBuilding CXX object CMakeFiles/opennav_row_coverage_core.dir/src/row_coverage_server.cpp.o[0m
[1.308s] [ 40%] [32mBuilding CXX object CMakeFiles/opennav_row_coverage_core.dir/src/row_swath_generator.cpp.o[0m
[7.940s] [ 60%] [32m[1mLinking CXX shared library libopennav_row_coverage_core.so[0m
[8.392s] [ 60%] Built target opennav_row_coverage_core
[8.407s] [ 80%] [32mBuilding CXX object CMakeFiles/opennav_row_coverage.dir/src/main.cpp.o[0m
[11.823s] [100%] [32m[1mLinking CXX executable opennav_row_coverage[0m
[12.295s] [100%] Built target opennav_row_coverage
[12.303s] Invoked command in '/home/mvibot/floorCleaningRobot_ws/build/opennav_row_coverage' returned '0': AMENT_PREFIX_PATH=/home/mvibot/floorCleaningRobot_ws/install/opennav_coverage:/home/mvibot/floorCleaningRobot_ws/install/opennav_coverage_msgs:${AMENT_PREFIX_PATH} CMAKE_PREFIX_PATH=/home/mvibot/floorCleaningRobot_ws/install/opennav_coverage:/home/mvibot/floorCleaningRobot_ws/install/opennav_coverage_msgs:/home/mvibot/floorCleaningRobot_ws/install/fields2cover:/opt/ros/jazzy/opt/gz_math_vendor:/opt/ros/jazzy/opt/gz_utils_vendor:/opt/ros/jazzy/opt/gz_cmake_vendor:/opt/ros/jazzy DEBUGINFOD_URLS=https://debuginfod.ubuntu.com LD_LIBRARY_PATH=/home/mvibot/floorCleaningRobot_ws/install/opennav_coverage/lib:/home/mvibot/floorCleaningRobot_ws/install/opennav_coverage_msgs/lib:/home/mvibot/floorCleaningRobot_ws/install/fields2cover/lib:${LD_LIBRARY_PATH} PKG_CONFIG_PATH=/home/mvibot/floorCleaningRobot_ws/install/fields2cover/lib/x86_64-linux-gnu/pkgconfig:/home/mvibot/floorCleaningRobot_ws/install/fields2cover/lib/pkgconfig PYTHONPATH=/home/mvibot/floorCleaningRobot_ws/install/opennav_coverage_msgs/lib/python3.12/site-packages:${PYTHONPATH} /usr/bin/cmake --build /home/mvibot/floorCleaningRobot_ws/build/opennav_row_coverage -- -j8 -l8
[12.310s] Invoking command in '/home/mvibot/floorCleaningRobot_ws/build/opennav_row_coverage': AMENT_PREFIX_PATH=/home/mvibot/floorCleaningRobot_ws/install/opennav_coverage:/home/mvibot/floorCleaningRobot_ws/install/opennav_coverage_msgs:${AMENT_PREFIX_PATH} CMAKE_PREFIX_PATH=/home/mvibot/floorCleaningRobot_ws/install/opennav_coverage:/home/mvibot/floorCleaningRobot_ws/install/opennav_coverage_msgs:/home/mvibot/floorCleaningRobot_ws/install/fields2cover:/opt/ros/jazzy/opt/gz_math_vendor:/opt/ros/jazzy/opt/gz_utils_vendor:/opt/ros/jazzy/opt/gz_cmake_vendor:/opt/ros/jazzy DEBUGINFOD_URLS=https://debuginfod.ubuntu.com LD_LIBRARY_PATH=/home/mvibot/floorCleaningRobot_ws/install/opennav_coverage/lib:/home/mvibot/floorCleaningRobot_ws/install/opennav_coverage_msgs/lib:/home/mvibot/floorCleaningRobot_ws/install/fields2cover/lib:${LD_LIBRARY_PATH} PKG_CONFIG_PATH=/home/mvibot/floorCleaningRobot_ws/install/fields2cover/lib/x86_64-linux-gnu/pkgconfig:/home/mvibot/floorCleaningRobot_ws/install/fields2cover/lib/pkgconfig PYTHONPATH=/home/mvibot/floorCleaningRobot_ws/install/opennav_coverage_msgs/lib/python3.12/site-packages:${PYTHONPATH} /usr/bin/cmake --install /home/mvibot/floorCleaningRobot_ws/build/opennav_row_coverage
[12.315s] -- Install configuration: ""
[12.315s] -- Execute custom install script
[12.315s] -- Symlinking: /home/mvibot/floorCleaningRobot_ws/install/opennav_row_coverage/lib/libopennav_row_coverage_core.so
[12.322s] -- Symlinking: /home/mvibot/floorCleaningRobot_ws/install/opennav_row_coverage/lib/opennav_row_coverage/opennav_row_coverage
[12.328s] -- Symlinking: /home/mvibot/floorCleaningRobot_ws/install/opennav_row_coverage/include//opennav_row_coverage/row_coverage_server.hpp
[12.334s] -- Symlinking: /home/mvibot/floorCleaningRobot_ws/install/opennav_row_coverage/include//opennav_row_coverage/row_swath_generator.hpp
[12.342s] -- Symlinking: /home/mvibot/floorCleaningRobot_ws/install/opennav_row_coverage/include//opennav_row_coverage/types.hpp
[12.348s] -- Symlinking: /home/mvibot/floorCleaningRobot_ws/install/opennav_row_coverage/include//opennav_row_coverage/utils.hpp
[12.354s] -- Symlinking: /home/mvibot/floorCleaningRobot_ws/install/opennav_row_coverage/share/opennav_row_coverage/environment/library_path.sh
[12.360s] -- Symlinking: /home/mvibot/floorCleaningRobot_ws/install/opennav_row_coverage/share/opennav_row_coverage/environment/library_path.dsv
[12.367s] -- Symlinking: /home/mvibot/floorCleaningRobot_ws/install/opennav_row_coverage/share/ament_index/resource_index/package_run_dependencies/opennav_row_coverage
[12.373s] -- Symlinking: /home/mvibot/floorCleaningRobot_ws/install/opennav_row_coverage/share/ament_index/resource_index/parent_prefix_path/opennav_row_coverage
[12.379s] -- Symlinking: /home/mvibot/floorCleaningRobot_ws/install/opennav_row_coverage/share/opennav_row_coverage/environment/ament_prefix_path.sh
[12.385s] -- Symlinking: /home/mvibot/floorCleaningRobot_ws/install/opennav_row_coverage/share/opennav_row_coverage/environment/ament_prefix_path.dsv
[12.391s] -- Symlinking: /home/mvibot/floorCleaningRobot_ws/install/opennav_row_coverage/share/opennav_row_coverage/environment/path.sh
[12.397s] -- Symlinking: /home/mvibot/floorCleaningRobot_ws/install/opennav_row_coverage/share/opennav_row_coverage/environment/path.dsv
[12.403s] -- Symlinking: /home/mvibot/floorCleaningRobot_ws/install/opennav_row_coverage/share/opennav_row_coverage/local_setup.bash
[12.409s] -- Symlinking: /home/mvibot/floorCleaningRobot_ws/install/opennav_row_coverage/share/opennav_row_coverage/local_setup.sh
[12.415s] -- Symlinking: /home/mvibot/floorCleaningRobot_ws/install/opennav_row_coverage/share/opennav_row_coverage/local_setup.zsh
[12.421s] -- Symlinking: /home/mvibot/floorCleaningRobot_ws/install/opennav_row_coverage/share/opennav_row_coverage/local_setup.dsv
[12.427s] -- Symlinking: /home/mvibot/floorCleaningRobot_ws/install/opennav_row_coverage/share/opennav_row_coverage/package.dsv
[12.433s] -- Symlinking: /home/mvibot/floorCleaningRobot_ws/install/opennav_row_coverage/share/ament_index/resource_index/packages/opennav_row_coverage
[12.440s] -- Symlinking: /home/mvibot/floorCleaningRobot_ws/install/opennav_row_coverage/share/ament_index/resource_index/rclcpp_components/opennav_row_coverage
[12.447s] -- Symlinking: /home/mvibot/floorCleaningRobot_ws/install/opennav_row_coverage/share/opennav_row_coverage/cmake/ament_cmake_export_include_directories-extras.cmake
[12.454s] -- Symlinking: /home/mvibot/floorCleaningRobot_ws/install/opennav_row_coverage/share/opennav_row_coverage/cmake/ament_cmake_export_libraries-extras.cmake
[12.460s] -- Symlinking: /home/mvibot/floorCleaningRobot_ws/install/opennav_row_coverage/share/opennav_row_coverage/cmake/ament_cmake_export_dependencies-extras.cmake
[12.466s] -- Symlinking: /home/mvibot/floorCleaningRobot_ws/install/opennav_row_coverage/share/opennav_row_coverage/cmake/opennav_row_coverageConfig.cmake
[12.472s] -- Symlinking: /home/mvibot/floorCleaningRobot_ws/install/opennav_row_coverage/share/opennav_row_coverage/cmake/opennav_row_coverageConfig-version.cmake
[12.478s] -- Symlinking: /home/mvibot/floorCleaningRobot_ws/install/opennav_row_coverage/share/opennav_row_coverage/package.xml
[12.486s] Invoked command in '/home/mvibot/floorCleaningRobot_ws/build/opennav_row_coverage' returned '0': AMENT_PREFIX_PATH=/home/mvibot/floorCleaningRobot_ws/install/opennav_coverage:/home/mvibot/floorCleaningRobot_ws/install/opennav_coverage_msgs:${AMENT_PREFIX_PATH} CMAKE_PREFIX_PATH=/home/mvibot/floorCleaningRobot_ws/install/opennav_coverage:/home/mvibot/floorCleaningRobot_ws/install/opennav_coverage_msgs:/home/mvibot/floorCleaningRobot_ws/install/fields2cover:/opt/ros/jazzy/opt/gz_math_vendor:/opt/ros/jazzy/opt/gz_utils_vendor:/opt/ros/jazzy/opt/gz_cmake_vendor:/opt/ros/jazzy DEBUGINFOD_URLS=https://debuginfod.ubuntu.com LD_LIBRARY_PATH=/home/mvibot/floorCleaningRobot_ws/install/opennav_coverage/lib:/home/mvibot/floorCleaningRobot_ws/install/opennav_coverage_msgs/lib:/home/mvibot/floorCleaningRobot_ws/install/fields2cover/lib:${LD_LIBRARY_PATH} PKG_CONFIG_PATH=/home/mvibot/floorCleaningRobot_ws/install/fields2cover/lib/x86_64-linux-gnu/pkgconfig:/home/mvibot/floorCleaningRobot_ws/install/fields2cover/lib/pkgconfig PYTHONPATH=/home/mvibot/floorCleaningRobot_ws/install/opennav_coverage_msgs/lib/python3.12/site-packages:${PYTHONPATH} /usr/bin/cmake --install /home/mvibot/floorCleaningRobot_ws/build/opennav_row_coverage
