[0.010s] Invoking command in '/home/mvibot/floorCleaningRobot_ws/build/opennav_coverage': AMENT_PREFIX_PATH=/home/mvibot/floorCleaningRobot_ws/install/opennav_coverage_msgs:${AMENT_PREFIX_PATH} CMAKE_PREFIX_PATH=/home/mvibot/floorCleaningRobot_ws/install/opennav_coverage_msgs:/home/mvibot/floorCleaningRobot_ws/install/fields2cover:/opt/ros/jazzy/opt/gz_math_vendor:/opt/ros/jazzy/opt/gz_utils_vendor:/opt/ros/jazzy/opt/gz_cmake_vendor:/opt/ros/jazzy DEBUGINFOD_URLS=https://debuginfod.ubuntu.com LD_LIBRARY_PATH=/home/mvibot/floorCleaningRobot_ws/install/opennav_coverage_msgs/lib:/home/mvibot/floorCleaningRobot_ws/install/fields2cover/lib:${LD_LIBRARY_PATH} PKG_CONFIG_PATH=/home/mvibot/floorCleaningRobot_ws/install/fields2cover/lib/x86_64-linux-gnu/pkgconfig:/home/mvibot/floorCleaningRobot_ws/install/fields2cover/lib/pkgconfig PYTHONPATH=/home/mvibot/floorCleaningRobot_ws/install/opennav_coverage_msgs/lib/python3.12/site-packages:${PYTHONPATH} /usr/bin/cmake /home/mvibot/floorCleaningRobot_ws/src/opennav_coverage/opennav_coverage -DAMENT_CMAKE_SYMLINK_INSTALL=1 -DCMAKE_INSTALL_PREFIX=/home/mvibot/floorCleaningRobot_ws/install/opennav_coverage
[0.054s] -- The C compiler identification is GNU 13.3.0
[0.103s] -- The CXX compiler identification is GNU 13.3.0
[0.116s] -- Detecting C compiler ABI info
[0.186s] -- Detecting C compiler ABI info - done
[0.193s] -- Check for working C compiler: /usr/bin/cc - skipped
[0.193s] -- Detecting C compile features
[0.194s] -- Detecting C compile features - done
[0.201s] -- Detecting CXX compiler ABI info
[0.281s] -- Detecting CXX compiler ABI info - done
[0.287s] -- Check for working CXX compiler: /usr/bin/c++ - skipped
[0.288s] -- Detecting CXX compile features
[0.288s] -- Detecting CXX compile features - done
[0.290s] -- Found ament_cmake: 2.5.4 (/opt/ros/jazzy/share/ament_cmake/cmake)
[0.393s] -- Found Python3: /usr/bin/python3 (found version "3.12.3") found components: Interpreter 
[0.447s] -- Override CMake install command with custom implementation using symlinks instead of copying resources
[0.468s] -- Found ament_index_cpp: 1.8.1 (/opt/ros/jazzy/share/ament_index_cpp/cmake)
[0.470s] -- Found rclcpp: 28.1.12 (/opt/ros/jazzy/share/rclcpp/cmake)
[0.497s] -- Found rosidl_generator_c: 4.6.6 (/opt/ros/jazzy/share/rosidl_generator_c/cmake)
[0.508s] -- Found rosidl_generator_cpp: 4.6.6 (/opt/ros/jazzy/share/rosidl_generator_cpp/cmake)
[0.519s] -- Using all available rosidl_typesupport_c: rosidl_typesupport_fastrtps_c;rosidl_typesupport_introspection_c
[0.532s] -- Using all available rosidl_typesupport_cpp: rosidl_typesupport_fastrtps_cpp;rosidl_typesupport_introspection_cpp
[0.587s] -- Found rmw_implementation_cmake: 7.3.2 (/opt/ros/jazzy/share/rmw_implementation_cmake/cmake)
[0.589s] -- Found rmw_fastrtps_cpp: 8.4.3 (/opt/ros/jazzy/share/rmw_fastrtps_cpp/cmake)
[0.642s] -- Found OpenSSL: /usr/lib/x86_64-linux-gnu/libcrypto.so (found version "3.0.13")  
[0.656s] -- Found FastRTPS: /opt/ros/jazzy/include (Required is at least version "2.13") 
[0.672s] -- Using RMW implementation 'rmw_fastrtps_cpp' as default
[0.723s] -- Found rclcpp_action: 28.1.12 (/opt/ros/jazzy/share/rclcpp_action/cmake)
[0.755s] -- Found rclcpp_lifecycle: 28.1.12 (/opt/ros/jazzy/share/rclcpp_lifecycle/cmake)
[0.778s] -- Found rclcpp_components: 28.1.12 (/opt/ros/jazzy/share/rclcpp_components/cmake)
[0.803s] -- Found std_msgs: 5.3.6 (/opt/ros/jazzy/share/std_msgs/cmake)
[0.816s] -- Found visualization_msgs: 5.3.6 (/opt/ros/jazzy/share/visualization_msgs/cmake)
[0.872s] -- Found nav2_util: 1.3.8 (/opt/ros/jazzy/share/nav2_util/cmake)
[1.023s] -- Found eigen3_cmake_module: 0.3.0 (/opt/ros/jazzy/share/eigen3_cmake_module/cmake)
[1.024s] -- Found Eigen3: TRUE (found version "3.4.0") 
[1.024s] -- Ensuring Eigen3 include directory is part of orocos-kdl CMake target
[1.060s] -- Found opennav_coverage_msgs: 0.0.1 (/home/mvibot/floorCleaningRobot_ws/install/opennav_coverage_msgs/share/opennav_coverage_msgs/cmake)
[1.097s] -- Found GDAL: /usr/lib/x86_64-linux-gnu/libgdal.so (found suitable version "3.8.4", minimum required is "3.0") 
[1.107s] -- Found ament_lint_auto: 0.17.3 (/opt/ros/jazzy/share/ament_lint_auto/cmake)
[1.109s] -- Found ament_cmake_gtest: 2.5.4 (/opt/ros/jazzy/share/ament_cmake_gtest/cmake)
[1.191s] -- Added test 'copyright' to check source files copyright and LICENSE
[1.192s] -- Added test 'cppcheck' to perform static code analysis on C / C++ code
[1.192s] -- Configured cppcheck include dirs: /home/mvibot/floorCleaningRobot_ws/src/opennav_coverage/opennav_coverage/include
[1.192s] -- Configured cppcheck exclude dirs and/or files: 
[1.193s] -- Added test 'cpplint' to check C / C++ code against the Google style
[1.193s] -- Configured cpplint exclude dirs and/or files: 
[1.194s] -- Added test 'flake8' to check Python code syntax and style conventions
[1.194s] -- Configured 'flake8' exclude dirs and/or files: 
[1.194s] -- Added test 'lint_cmake' to check CMake code style
[1.194s] -- Added test 'pep257' to check Python code against some of the docstring style conventions in PEP 257
[1.195s] -- Added test 'uncrustify' to check C / C++ code style
[1.196s] -- Configured uncrustify additional arguments: 
[1.196s] -- Added test 'xmllint' to check XML markup files
[1.198s] -- Configuring done (1.2s)
[1.221s] -- Generating done (0.0s)
[1.226s] -- Build files have been written to: /home/mvibot/floorCleaningRobot_ws/build/opennav_coverage
[1.235s] Invoked command in '/home/mvibot/floorCleaningRobot_ws/build/opennav_coverage' returned '0': AMENT_PREFIX_PATH=/home/mvibot/floorCleaningRobot_ws/install/opennav_coverage_msgs:${AMENT_PREFIX_PATH} CMAKE_PREFIX_PATH=/home/mvibot/floorCleaningRobot_ws/install/opennav_coverage_msgs:/home/mvibot/floorCleaningRobot_ws/install/fields2cover:/opt/ros/jazzy/opt/gz_math_vendor:/opt/ros/jazzy/opt/gz_utils_vendor:/opt/ros/jazzy/opt/gz_cmake_vendor:/opt/ros/jazzy DEBUGINFOD_URLS=https://debuginfod.ubuntu.com LD_LIBRARY_PATH=/home/mvibot/floorCleaningRobot_ws/install/opennav_coverage_msgs/lib:/home/mvibot/floorCleaningRobot_ws/install/fields2cover/lib:${LD_LIBRARY_PATH} PKG_CONFIG_PATH=/home/mvibot/floorCleaningRobot_ws/install/fields2cover/lib/x86_64-linux-gnu/pkgconfig:/home/mvibot/floorCleaningRobot_ws/install/fields2cover/lib/pkgconfig PYTHONPATH=/home/mvibot/floorCleaningRobot_ws/install/opennav_coverage_msgs/lib/python3.12/site-packages:${PYTHONPATH} /usr/bin/cmake /home/mvibot/floorCleaningRobot_ws/src/opennav_coverage/opennav_coverage -DAMENT_CMAKE_SYMLINK_INSTALL=1 -DCMAKE_INSTALL_PREFIX=/home/mvibot/floorCleaningRobot_ws/install/opennav_coverage
[1.236s] Invoking command in '/home/mvibot/floorCleaningRobot_ws/build/opennav_coverage': AMENT_PREFIX_PATH=/home/mvibot/floorCleaningRobot_ws/install/opennav_coverage_msgs:${AMENT_PREFIX_PATH} CMAKE_PREFIX_PATH=/home/mvibot/floorCleaningRobot_ws/install/opennav_coverage_msgs:/home/mvibot/floorCleaningRobot_ws/install/fields2cover:/opt/ros/jazzy/opt/gz_math_vendor:/opt/ros/jazzy/opt/gz_utils_vendor:/opt/ros/jazzy/opt/gz_cmake_vendor:/opt/ros/jazzy DEBUGINFOD_URLS=https://debuginfod.ubuntu.com LD_LIBRARY_PATH=/home/mvibot/floorCleaningRobot_ws/install/opennav_coverage_msgs/lib:/home/mvibot/floorCleaningRobot_ws/install/fields2cover/lib:${LD_LIBRARY_PATH} PKG_CONFIG_PATH=/home/mvibot/floorCleaningRobot_ws/install/fields2cover/lib/x86_64-linux-gnu/pkgconfig:/home/mvibot/floorCleaningRobot_ws/install/fields2cover/lib/pkgconfig PYTHONPATH=/home/mvibot/floorCleaningRobot_ws/install/opennav_coverage_msgs/lib/python3.12/site-packages:${PYTHONPATH} /usr/bin/cmake --build /home/mvibot/floorCleaningRobot_ws/build/opennav_coverage -- -j8 -l8
[1.278s] [ 11%] [32mBuilding CXX object CMakeFiles/opennav_coverage_core.dir/src/coverage_server.cpp.o[0m
[1.278s] [ 22%] [32mBuilding CXX object CMakeFiles/opennav_coverage_core.dir/src/visualizer.cpp.o[0m
[1.279s] [ 33%] [32mBuilding CXX object CMakeFiles/opennav_coverage_core.dir/src/headland_generator.cpp.o[0m
[1.280s] [ 44%] [32mBuilding CXX object CMakeFiles/opennav_coverage_core.dir/src/swath_generator.cpp.o[0m
[1.280s] [ 55%] [32mBuilding CXX object CMakeFiles/opennav_coverage_core.dir/src/route_generator.cpp.o[0m
[1.280s] [ 66%] [32mBuilding CXX object CMakeFiles/opennav_coverage_core.dir/src/path_generator.cpp.o[0m
[9.906s] [ 77%] [32m[1mLinking CXX shared library libopennav_coverage_core.so[0m
[10.272s] [ 77%] Built target opennav_coverage_core
[10.287s] [ 88%] [32mBuilding CXX object CMakeFiles/opennav_coverage.dir/src/main.cpp.o[0m
[13.680s] [100%] [32m[1mLinking CXX executable opennav_coverage[0m
[14.060s] [100%] Built target opennav_coverage
[14.068s] Invoked command in '/home/mvibot/floorCleaningRobot_ws/build/opennav_coverage' returned '0': AMENT_PREFIX_PATH=/home/mvibot/floorCleaningRobot_ws/install/opennav_coverage_msgs:${AMENT_PREFIX_PATH} CMAKE_PREFIX_PATH=/home/mvibot/floorCleaningRobot_ws/install/opennav_coverage_msgs:/home/mvibot/floorCleaningRobot_ws/install/fields2cover:/opt/ros/jazzy/opt/gz_math_vendor:/opt/ros/jazzy/opt/gz_utils_vendor:/opt/ros/jazzy/opt/gz_cmake_vendor:/opt/ros/jazzy DEBUGINFOD_URLS=https://debuginfod.ubuntu.com LD_LIBRARY_PATH=/home/mvibot/floorCleaningRobot_ws/install/opennav_coverage_msgs/lib:/home/mvibot/floorCleaningRobot_ws/install/fields2cover/lib:${LD_LIBRARY_PATH} PKG_CONFIG_PATH=/home/mvibot/floorCleaningRobot_ws/install/fields2cover/lib/x86_64-linux-gnu/pkgconfig:/home/mvibot/floorCleaningRobot_ws/install/fields2cover/lib/pkgconfig PYTHONPATH=/home/mvibot/floorCleaningRobot_ws/install/opennav_coverage_msgs/lib/python3.12/site-packages:${PYTHONPATH} /usr/bin/cmake --build /home/mvibot/floorCleaningRobot_ws/build/opennav_coverage -- -j8 -l8
[14.075s] Invoking command in '/home/mvibot/floorCleaningRobot_ws/build/opennav_coverage': AMENT_PREFIX_PATH=/home/mvibot/floorCleaningRobot_ws/install/opennav_coverage_msgs:${AMENT_PREFIX_PATH} CMAKE_PREFIX_PATH=/home/mvibot/floorCleaningRobot_ws/install/opennav_coverage_msgs:/home/mvibot/floorCleaningRobot_ws/install/fields2cover:/opt/ros/jazzy/opt/gz_math_vendor:/opt/ros/jazzy/opt/gz_utils_vendor:/opt/ros/jazzy/opt/gz_cmake_vendor:/opt/ros/jazzy DEBUGINFOD_URLS=https://debuginfod.ubuntu.com LD_LIBRARY_PATH=/home/mvibot/floorCleaningRobot_ws/install/opennav_coverage_msgs/lib:/home/mvibot/floorCleaningRobot_ws/install/fields2cover/lib:${LD_LIBRARY_PATH} PKG_CONFIG_PATH=/home/mvibot/floorCleaningRobot_ws/install/fields2cover/lib/x86_64-linux-gnu/pkgconfig:/home/mvibot/floorCleaningRobot_ws/install/fields2cover/lib/pkgconfig PYTHONPATH=/home/mvibot/floorCleaningRobot_ws/install/opennav_coverage_msgs/lib/python3.12/site-packages:${PYTHONPATH} /usr/bin/cmake --install /home/mvibot/floorCleaningRobot_ws/build/opennav_coverage
[14.081s] -- Install configuration: ""
[14.082s] -- Execute custom install script
[14.082s] -- Symlinking: /home/mvibot/floorCleaningRobot_ws/install/opennav_coverage/lib/libopennav_coverage_core.so
[14.089s] -- Symlinking: /home/mvibot/floorCleaningRobot_ws/install/opennav_coverage/lib/opennav_coverage/opennav_coverage
[14.097s] -- Symlinking: /home/mvibot/floorCleaningRobot_ws/install/opennav_coverage/include//opennav_coverage/coverage_server.hpp
[14.103s] -- Symlinking: /home/mvibot/floorCleaningRobot_ws/install/opennav_coverage/include//opennav_coverage/headland_generator.hpp
[14.109s] -- Symlinking: /home/mvibot/floorCleaningRobot_ws/install/opennav_coverage/include//opennav_coverage/path_generator.hpp
[14.116s] -- Symlinking: /home/mvibot/floorCleaningRobot_ws/install/opennav_coverage/include//opennav_coverage/robot_params.hpp
[14.122s] -- Symlinking: /home/mvibot/floorCleaningRobot_ws/install/opennav_coverage/include//opennav_coverage/route_generator.hpp
[14.128s] -- Symlinking: /home/mvibot/floorCleaningRobot_ws/install/opennav_coverage/include//opennav_coverage/swath_generator.hpp
[14.134s] -- Symlinking: /home/mvibot/floorCleaningRobot_ws/install/opennav_coverage/include//opennav_coverage/types.hpp
[14.140s] -- Symlinking: /home/mvibot/floorCleaningRobot_ws/install/opennav_coverage/include//opennav_coverage/utils.hpp
[14.146s] -- Symlinking: /home/mvibot/floorCleaningRobot_ws/install/opennav_coverage/include//opennav_coverage/visualizer.hpp
[14.153s] -- Symlinking: /home/mvibot/floorCleaningRobot_ws/install/opennav_coverage/share/opennav_coverage/environment/library_path.sh
[14.160s] -- Symlinking: /home/mvibot/floorCleaningRobot_ws/install/opennav_coverage/share/opennav_coverage/environment/library_path.dsv
[14.166s] -- Symlinking: /home/mvibot/floorCleaningRobot_ws/install/opennav_coverage/share/ament_index/resource_index/package_run_dependencies/opennav_coverage
[14.172s] -- Symlinking: /home/mvibot/floorCleaningRobot_ws/install/opennav_coverage/share/ament_index/resource_index/parent_prefix_path/opennav_coverage
[14.178s] -- Symlinking: /home/mvibot/floorCleaningRobot_ws/install/opennav_coverage/share/opennav_coverage/environment/ament_prefix_path.sh
[14.184s] -- Symlinking: /home/mvibot/floorCleaningRobot_ws/install/opennav_coverage/share/opennav_coverage/environment/ament_prefix_path.dsv
[14.190s] -- Symlinking: /home/mvibot/floorCleaningRobot_ws/install/opennav_coverage/share/opennav_coverage/environment/path.sh
[14.197s] -- Symlinking: /home/mvibot/floorCleaningRobot_ws/install/opennav_coverage/share/opennav_coverage/environment/path.dsv
[14.203s] -- Symlinking: /home/mvibot/floorCleaningRobot_ws/install/opennav_coverage/share/opennav_coverage/local_setup.bash
[14.209s] -- Symlinking: /home/mvibot/floorCleaningRobot_ws/install/opennav_coverage/share/opennav_coverage/local_setup.sh
[14.215s] -- Symlinking: /home/mvibot/floorCleaningRobot_ws/install/opennav_coverage/share/opennav_coverage/local_setup.zsh
[14.221s] -- Symlinking: /home/mvibot/floorCleaningRobot_ws/install/opennav_coverage/share/opennav_coverage/local_setup.dsv
[14.227s] -- Symlinking: /home/mvibot/floorCleaningRobot_ws/install/opennav_coverage/share/opennav_coverage/package.dsv
[14.233s] -- Symlinking: /home/mvibot/floorCleaningRobot_ws/install/opennav_coverage/share/ament_index/resource_index/packages/opennav_coverage
[14.239s] -- Symlinking: /home/mvibot/floorCleaningRobot_ws/install/opennav_coverage/share/ament_index/resource_index/rclcpp_components/opennav_coverage
[14.246s] -- Symlinking: /home/mvibot/floorCleaningRobot_ws/install/opennav_coverage/share/opennav_coverage/cmake/ament_cmake_export_include_directories-extras.cmake
[14.253s] -- Symlinking: /home/mvibot/floorCleaningRobot_ws/install/opennav_coverage/share/opennav_coverage/cmake/ament_cmake_export_libraries-extras.cmake
[14.260s] -- Symlinking: /home/mvibot/floorCleaningRobot_ws/install/opennav_coverage/share/opennav_coverage/cmake/ament_cmake_export_dependencies-extras.cmake
[14.266s] -- Symlinking: /home/mvibot/floorCleaningRobot_ws/install/opennav_coverage/share/opennav_coverage/cmake/opennav_coverageConfig.cmake
[14.272s] -- Symlinking: /home/mvibot/floorCleaningRobot_ws/install/opennav_coverage/share/opennav_coverage/cmake/opennav_coverageConfig-version.cmake
[14.278s] -- Symlinking: /home/mvibot/floorCleaningRobot_ws/install/opennav_coverage/share/opennav_coverage/package.xml
[14.285s] Invoked command in '/home/mvibot/floorCleaningRobot_ws/build/opennav_coverage' returned '0': AMENT_PREFIX_PATH=/home/mvibot/floorCleaningRobot_ws/install/opennav_coverage_msgs:${AMENT_PREFIX_PATH} CMAKE_PREFIX_PATH=/home/mvibot/floorCleaningRobot_ws/install/opennav_coverage_msgs:/home/mvibot/floorCleaningRobot_ws/install/fields2cover:/opt/ros/jazzy/opt/gz_math_vendor:/opt/ros/jazzy/opt/gz_utils_vendor:/opt/ros/jazzy/opt/gz_cmake_vendor:/opt/ros/jazzy DEBUGINFOD_URLS=https://debuginfod.ubuntu.com LD_LIBRARY_PATH=/home/mvibot/floorCleaningRobot_ws/install/opennav_coverage_msgs/lib:/home/mvibot/floorCleaningRobot_ws/install/fields2cover/lib:${LD_LIBRARY_PATH} PKG_CONFIG_PATH=/home/mvibot/floorCleaningRobot_ws/install/fields2cover/lib/x86_64-linux-gnu/pkgconfig:/home/mvibot/floorCleaningRobot_ws/install/fields2cover/lib/pkgconfig PYTHONPATH=/home/mvibot/floorCleaningRobot_ws/install/opennav_coverage_msgs/lib/python3.12/site-packages:${PYTHONPATH} /usr/bin/cmake --install /home/mvibot/floorCleaningRobot_ws/build/opennav_coverage
