[0.019s] Invoking command in '/home/mvibot/floorCleaningRobot_ws/build/tf2_web_republisher_interfaces': CMAKE_PREFIX_PATH=${CMAKE_PREFIX_PATH}:/home/mvibot/floorCleaningRobot_ws/install/opennav_coverage_demo:/opt/ros/jazzy DEBUGINFOD_URLS=https://debuginfod.ubuntu.com /usr/bin/cmake /home/mvibot/floorCleaningRobot_ws/src/tf2_web_republisher/tf2_web_republisher_interfaces -DCMAKE_BUILD_TYPE=Release -DAMENT_CMAKE_SYMLINK_INSTALL=1 -DCMAKE_INSTALL_PREFIX=/home/mvibot/floorCleaningRobot_ws/install/tf2_web_republisher_interfaces
[0.161s] -- The C compiler identification is GNU 13.3.0
[0.228s] -- The CXX compiler identification is GNU 13.3.0
[0.245s] -- Detecting C compiler ABI info
[0.347s] -- Detecting C compiler ABI info - done
[0.360s] -- Check for working C compiler: /usr/bin/cc - skipped
[0.361s] -- Detecting C compile features
[0.361s] -- Detecting C compile features - done
[0.371s] -- Detecting CXX compiler ABI info
[0.490s] -- Detecting CXX compiler ABI info - done
[0.504s] -- Check for working CXX compiler: /usr/bin/c++ - skipped
[0.505s] -- Detecting CXX compile features
[0.505s] -- Detecting CXX compile features - done
[0.529s] -- Found ament_cmake: 2.5.6 (/opt/ros/jazzy/share/ament_cmake/cmake)
[0.735s] -- Found Python3: /usr/bin/python3 (found version "3.12.3") found components: Interpreter 
[0.839s] -- Override CMake install command with custom implementation using symlinks instead of copying resources
[0.893s] -- Found builtin_interfaces: 2.0.3 (/opt/ros/jazzy/share/builtin_interfaces/cmake)
[0.964s] -- Found rosidl_generator_c: 4.6.7 (/opt/ros/jazzy/share/rosidl_generator_c/cmake)
[0.991s] -- Found rosidl_generator_cpp: 4.6.7 (/opt/ros/jazzy/share/rosidl_generator_cpp/cmake)
[1.019s] -- Using all available rosidl_typesupport_c: rosidl_typesupport_fastrtps_c;rosidl_typesupport_introspection_c
[1.051s] -- Using all available rosidl_typesupport_cpp: rosidl_typesupport_fastrtps_cpp;rosidl_typesupport_introspection_cpp
[1.082s] -- Found geometry_msgs: 5.3.7 (/opt/ros/jazzy/share/geometry_msgs/cmake)
[1.153s] -- Found rosidl_default_generators: 1.6.0 (/opt/ros/jazzy/share/rosidl_default_generators/cmake)
[1.187s] -- Found rosidl_adapter: 4.6.7 (/opt/ros/jazzy/share/rosidl_adapter/cmake)
[2.321s] -- Found ament_cmake_ros: 0.12.0 (/opt/ros/jazzy/share/ament_cmake_ros/cmake)
[4.332s] -- Using all available rosidl_typesupport_c: rosidl_typesupport_fastrtps_c;rosidl_typesupport_introspection_c
[4.717s] -- Using all available rosidl_typesupport_cpp: rosidl_typesupport_fastrtps_cpp;rosidl_typesupport_introspection_cpp
[4.724s] -- Found python_cmake_module: 0.11.1 (/opt/ros/jazzy/share/python_cmake_module/cmake)
[4.896s] -- Found PythonExtra: /usr/bin/python3  
[5.656s] -- Found Python3: /usr/bin/python3 (found version "3.12.3") found components: Interpreter Development NumPy Development.Module Development.Embed 
[5.961s] -- Found Python3: /usr/bin/python3 (found version "3.12.3") found components: Interpreter 
[6.002s] -- Configuring done (6.0s)
[6.157s] -- Generating done (0.1s)
[6.202s] -- Build files have been written to: /home/mvibot/floorCleaningRobot_ws/build/tf2_web_republisher_interfaces
[6.241s] Invoked command in '/home/mvibot/floorCleaningRobot_ws/build/tf2_web_republisher_interfaces' returned '0': CMAKE_PREFIX_PATH=${CMAKE_PREFIX_PATH}:/home/mvibot/floorCleaningRobot_ws/install/opennav_coverage_demo:/opt/ros/jazzy DEBUGINFOD_URLS=https://debuginfod.ubuntu.com /usr/bin/cmake /home/mvibot/floorCleaningRobot_ws/src/tf2_web_republisher/tf2_web_republisher_interfaces -DCMAKE_BUILD_TYPE=Release -DAMENT_CMAKE_SYMLINK_INSTALL=1 -DCMAKE_INSTALL_PREFIX=/home/mvibot/floorCleaningRobot_ws/install/tf2_web_republisher_interfaces
[6.241s] Invoking command in '/home/mvibot/floorCleaningRobot_ws/build/tf2_web_republisher_interfaces': CMAKE_PREFIX_PATH=${CMAKE_PREFIX_PATH}:/home/mvibot/floorCleaningRobot_ws/install/opennav_coverage_demo:/opt/ros/jazzy DEBUGINFOD_URLS=https://debuginfod.ubuntu.com /usr/bin/cmake --build /home/mvibot/floorCleaningRobot_ws/build/tf2_web_republisher_interfaces -- -j8 -l8
[6.803s] [  1%] [34m[1mGenerating type hashes for ROS interfaces[0m
[6.803s] [  3%] [34m[1mGenerating Rust code for ROS interfaces[0m
[6.803s] [  3%] Built target ament_cmake_python_symlink_tf2_web_republisher_interfaces
[7.111s] [  3%] Built target tf2_web_republisher_interfaces__rosidl_generator_type_description
[7.164s] [  5%] [34m[1mGenerating C code for ROS interfaces[0m
[7.218s] [  7%] [34m[1mGenerating C++ code for ROS interfaces[0m
[7.759s] running egg_info
[7.766s] creating tf2_web_republisher_interfaces.egg-info
[7.920s] writing tf2_web_republisher_interfaces.egg-info/PKG-INFO
[7.921s] writing dependency_links to tf2_web_republisher_interfaces.egg-info/dependency_links.txt
[7.921s] writing top-level names to tf2_web_republisher_interfaces.egg-info/top_level.txt
[7.922s] writing manifest file 'tf2_web_republisher_interfaces.egg-info/SOURCES.txt'
[8.225s] reading manifest file 'tf2_web_republisher_interfaces.egg-info/SOURCES.txt'
[8.227s] writing manifest file 'tf2_web_republisher_interfaces.egg-info/SOURCES.txt'
[8.294s] [  7%] Built target ament_cmake_python_build_tf2_web_republisher_interfaces_egg
[8.973s] [  7%] Built target tf2_web_republisher_interfaces__rs
[9.254s] [  7%] Built target tf2_web_republisher_interfaces__cpp
[10.174s] [  9%] [32mBuilding C object CMakeFiles/tf2_web_republisher_interfaces__rosidl_generator_c.dir/rosidl_generator_c/tf2_web_republisher_interfaces/msg/detail/tf_array__description.c.o[0m
[10.175s] [ 10%] [32mBuilding C object CMakeFiles/tf2_web_republisher_interfaces__rosidl_generator_c.dir/rosidl_generator_c/tf2_web_republisher_interfaces/msg/detail/tf_array__functions.c.o[0m
[10.175s] [ 12%] [32mBuilding C object CMakeFiles/tf2_web_republisher_interfaces__rosidl_generator_c.dir/rosidl_generator_c/tf2_web_republisher_interfaces/srv/detail/republish_t_fs__functions.c.o[0m
[10.182s] [ 14%] [32mBuilding C object CMakeFiles/tf2_web_republisher_interfaces__rosidl_generator_c.dir/rosidl_generator_c/tf2_web_republisher_interfaces/srv/detail/republish_t_fs__type_support.c.o[0m
[10.182s] [ 16%] [32mBuilding C object CMakeFiles/tf2_web_republisher_interfaces__rosidl_generator_c.dir/rosidl_generator_c/tf2_web_republisher_interfaces/srv/detail/republish_t_fs__description.c.o[0m
[10.185s] [ 18%] [32mBuilding C object CMakeFiles/tf2_web_republisher_interfaces__rosidl_generator_c.dir/rosidl_generator_c/tf2_web_republisher_interfaces/msg/detail/tf_array__type_support.c.o[0m
[10.189s] [ 20%] [32mBuilding C object CMakeFiles/tf2_web_republisher_interfaces__rosidl_generator_c.dir/rosidl_generator_c/tf2_web_republisher_interfaces/action/detail/tf_subscription__description.c.o[0m
[10.199s] [ 21%] [32mBuilding C object CMakeFiles/tf2_web_republisher_interfaces__rosidl_generator_c.dir/rosidl_generator_c/tf2_web_republisher_interfaces/action/detail/tf_subscription__functions.c.o[0m
[10.354s] [ 23%] [32mBuilding C object CMakeFiles/tf2_web_republisher_interfaces__rosidl_generator_c.dir/rosidl_generator_c/tf2_web_republisher_interfaces/action/detail/tf_subscription__type_support.c.o[0m
[11.737s] [ 25%] [32m[1mLinking C shared library libtf2_web_republisher_interfaces__rosidl_generator_c.so[0m
[11.873s] [ 25%] Built target tf2_web_republisher_interfaces__rosidl_generator_c
[11.913s] [ 27%] [34m[1mGenerating C type support for eProsima Fast-RTPS[0m
[11.923s] [ 29%] [34m[1mGenerating C introspection for ROS interfaces[0m
[11.923s] [ 30%] [34m[1mGenerating C type support dispatch for ROS interfaces[0m
[11.929s] [ 32%] [34m[1mGenerating C++ introspection for ROS interfaces[0m
[11.933s] [ 34%] [34m[1mGenerating C++ type support for eProsima Fast-RTPS[0m
[11.954s] [ 36%] [34m[1mGenerating C++ type support dispatch for ROS interfaces[0m
[13.539s] [ 38%] [32mBuilding C object CMakeFiles/tf2_web_republisher_interfaces__rosidl_typesupport_introspection_c.dir/rosidl_typesupport_introspection_c/tf2_web_republisher_interfaces/msg/detail/tf_array__type_support.c.o[0m
[13.549s] [ 40%] [32mBuilding C object CMakeFiles/tf2_web_republisher_interfaces__rosidl_typesupport_introspection_c.dir/rosidl_typesupport_introspection_c/tf2_web_republisher_interfaces/action/detail/tf_subscription__type_support.c.o[0m
[13.567s] [ 41%] [32mBuilding C object CMakeFiles/tf2_web_republisher_interfaces__rosidl_typesupport_introspection_c.dir/rosidl_typesupport_introspection_c/tf2_web_republisher_interfaces/srv/detail/republish_t_fs__type_support.c.o[0m
[14.043s] [ 43%] [32m[1mLinking C shared library libtf2_web_republisher_interfaces__rosidl_typesupport_introspection_c.so[0m
[14.161s] [ 45%] [32mBuilding CXX object CMakeFiles/tf2_web_republisher_interfaces__rosidl_typesupport_c.dir/rosidl_typesupport_c/tf2_web_republisher_interfaces/msg/tf_array__type_support.cpp.o[0m
[14.166s] [ 47%] [32mBuilding CXX object CMakeFiles/tf2_web_republisher_interfaces__rosidl_typesupport_c.dir/rosidl_typesupport_c/tf2_web_republisher_interfaces/srv/republish_t_fs__type_support.cpp.o[0m
[14.192s] [ 49%] [32mBuilding CXX object CMakeFiles/tf2_web_republisher_interfaces__rosidl_typesupport_c.dir/rosidl_typesupport_c/tf2_web_republisher_interfaces/action/tf_subscription__type_support.cpp.o[0m
[14.296s] [ 49%] Built target tf2_web_republisher_interfaces__rosidl_typesupport_introspection_c
[14.435s] [ 50%] [32mBuilding CXX object CMakeFiles/tf2_web_republisher_interfaces__rosidl_typesupport_cpp.dir/rosidl_typesupport_cpp/tf2_web_republisher_interfaces/msg/tf_array__type_support.cpp.o[0m
[14.445s] [ 52%] [32mBuilding CXX object CMakeFiles/tf2_web_republisher_interfaces__rosidl_typesupport_cpp.dir/rosidl_typesupport_cpp/tf2_web_republisher_interfaces/srv/republish_t_fs__type_support.cpp.o[0m
[14.451s] [ 54%] [32mBuilding CXX object CMakeFiles/tf2_web_republisher_interfaces__rosidl_typesupport_cpp.dir/rosidl_typesupport_cpp/tf2_web_republisher_interfaces/action/tf_subscription__type_support.cpp.o[0m
[14.474s] [ 56%] [32m[1mLinking CXX shared library libtf2_web_republisher_interfaces__rosidl_typesupport_c.so[0m
[14.778s] [ 56%] Built target tf2_web_republisher_interfaces__rosidl_typesupport_c
[15.331s] [ 58%] [32mBuilding CXX object CMakeFiles/tf2_web_republisher_interfaces__rosidl_typesupport_introspection_cpp.dir/rosidl_typesupport_introspection_cpp/tf2_web_republisher_interfaces/msg/detail/tf_array__type_support.cpp.o[0m
[15.362s] [ 60%] [32mBuilding CXX object CMakeFiles/tf2_web_republisher_interfaces__rosidl_typesupport_introspection_cpp.dir/rosidl_typesupport_introspection_cpp/tf2_web_republisher_interfaces/srv/detail/republish_t_fs__type_support.cpp.o[0m
[15.437s] [ 61%] [32mBuilding CXX object CMakeFiles/tf2_web_republisher_interfaces__rosidl_typesupport_introspection_cpp.dir/rosidl_typesupport_introspection_cpp/tf2_web_republisher_interfaces/action/detail/tf_subscription__type_support.cpp.o[0m
[15.630s] [ 63%] [32mBuilding CXX object CMakeFiles/tf2_web_republisher_interfaces__rosidl_typesupport_fastrtps_c.dir/rosidl_typesupport_fastrtps_c/tf2_web_republisher_interfaces/msg/detail/tf_array__type_support_c.cpp.o[0m
[16.048s] [ 65%] [32mBuilding CXX object CMakeFiles/tf2_web_republisher_interfaces__rosidl_typesupport_fastrtps_c.dir/rosidl_typesupport_fastrtps_c/tf2_web_republisher_interfaces/srv/detail/republish_t_fs__type_support_c.cpp.o[0m
[16.720s] [ 67%] [32mBuilding CXX object CMakeFiles/tf2_web_republisher_interfaces__rosidl_typesupport_fastrtps_c.dir/rosidl_typesupport_fastrtps_c/tf2_web_republisher_interfaces/action/detail/tf_subscription__type_support_c.cpp.o[0m
[17.854s] [ 69%] [32mBuilding CXX object CMakeFiles/tf2_web_republisher_interfaces__rosidl_typesupport_fastrtps_cpp.dir/rosidl_typesupport_fastrtps_cpp/tf2_web_republisher_interfaces/action/detail/dds_fastrtps/tf_subscription__type_support.cpp.o[0m
[17.894s] [ 70%] [32mBuilding CXX object CMakeFiles/tf2_web_republisher_interfaces__rosidl_typesupport_fastrtps_cpp.dir/rosidl_typesupport_fastrtps_cpp/tf2_web_republisher_interfaces/msg/detail/dds_fastrtps/tf_array__type_support.cpp.o[0m
[17.926s] [ 72%] [32mBuilding CXX object CMakeFiles/tf2_web_republisher_interfaces__rosidl_typesupport_fastrtps_cpp.dir/rosidl_typesupport_fastrtps_cpp/tf2_web_republisher_interfaces/srv/detail/dds_fastrtps/republish_t_fs__type_support.cpp.o[0m
[19.984s] [ 74%] [32m[1mLinking CXX shared library libtf2_web_republisher_interfaces__rosidl_typesupport_cpp.so[0m
[20.471s] [ 74%] Built target tf2_web_republisher_interfaces__rosidl_typesupport_cpp
[22.701s] [ 76%] [32m[1mLinking CXX shared library libtf2_web_republisher_interfaces__rosidl_typesupport_fastrtps_c.so[0m
[23.541s] [ 76%] Built target tf2_web_republisher_interfaces__rosidl_typesupport_fastrtps_c
[24.064s] [ 78%] [32m[1mLinking CXX shared library libtf2_web_republisher_interfaces__rosidl_typesupport_introspection_cpp.so[0m
[24.481s] [ 78%] Built target tf2_web_republisher_interfaces__rosidl_typesupport_introspection_cpp
[29.775s] [ 80%] [32m[1mLinking CXX shared library libtf2_web_republisher_interfaces__rosidl_typesupport_fastrtps_cpp.so[0m
[30.177s] [ 80%] Built target tf2_web_republisher_interfaces__rosidl_typesupport_fastrtps_cpp
[30.272s] [ 80%] Built target tf2_web_republisher_interfaces
[30.350s] [ 81%] [34m[1mGenerating Python code for ROS interfaces[0m
[35.106s] [ 81%] Built target tf2_web_republisher_interfaces__py
[35.197s] [ 83%] [32mBuilding C object CMakeFiles/tf2_web_republisher_interfaces__rosidl_generator_py.dir/rosidl_generator_py/tf2_web_republisher_interfaces/msg/_tf_array_s.c.o[0m
[36.127s] [ 85%] [32mBuilding C object CMakeFiles/tf2_web_republisher_interfaces__rosidl_generator_py.dir/rosidl_generator_py/tf2_web_republisher_interfaces/action/_tf_subscription_s.c.o[0m
[37.223s] [ 87%] [32mBuilding C object CMakeFiles/tf2_web_republisher_interfaces__rosidl_generator_py.dir/rosidl_generator_py/tf2_web_republisher_interfaces/srv/_republish_t_fs_s.c.o[0m
[38.031s] [ 89%] [32m[1mLinking C shared library libtf2_web_republisher_interfaces__rosidl_generator_py.so[0m
[38.221s] [ 89%] Built target tf2_web_republisher_interfaces__rosidl_generator_py
[38.298s] [ 90%] [32mBuilding C object CMakeFiles/tf2_web_republisher_interfaces_s__rosidl_typesupport_fastrtps_c.dir/rosidl_generator_py/tf2_web_republisher_interfaces/_tf2_web_republisher_interfaces_s.ep.rosidl_typesupport_fastrtps_c.c.o[0m
[39.400s] [ 92%] [32m[1mLinking C shared module rosidl_generator_py/tf2_web_republisher_interfaces/tf2_web_republisher_interfaces_s__rosidl_typesupport_fastrtps_c.so[0m
[39.551s] [ 92%] Built target tf2_web_republisher_interfaces_s__rosidl_typesupport_fastrtps_c
[39.647s] [ 94%] [32mBuilding C object CMakeFiles/tf2_web_republisher_interfaces_s__rosidl_typesupport_c.dir/rosidl_generator_py/tf2_web_republisher_interfaces/_tf2_web_republisher_interfaces_s.ep.rosidl_typesupport_c.c.o[0m
[41.142s] [ 96%] [32m[1mLinking C shared module rosidl_generator_py/tf2_web_republisher_interfaces/tf2_web_republisher_interfaces_s__rosidl_typesupport_c.so[0m
[41.282s] [ 96%] Built target tf2_web_republisher_interfaces_s__rosidl_typesupport_c
[41.366s] [ 98%] [32mBuilding C object CMakeFiles/tf2_web_republisher_interfaces_s__rosidl_typesupport_introspection_c.dir/rosidl_generator_py/tf2_web_republisher_interfaces/_tf2_web_republisher_interfaces_s.ep.rosidl_typesupport_introspection_c.c.o[0m
[42.561s] [100%] [32m[1mLinking C shared module rosidl_generator_py/tf2_web_republisher_interfaces/tf2_web_republisher_interfaces_s__rosidl_typesupport_introspection_c.so[0m
[42.711s] [100%] Built target tf2_web_republisher_interfaces_s__rosidl_typesupport_introspection_c
[42.831s] Invoked command in '/home/mvibot/floorCleaningRobot_ws/build/tf2_web_republisher_interfaces' returned '0': CMAKE_PREFIX_PATH=${CMAKE_PREFIX_PATH}:/home/mvibot/floorCleaningRobot_ws/install/opennav_coverage_demo:/opt/ros/jazzy DEBUGINFOD_URLS=https://debuginfod.ubuntu.com /usr/bin/cmake --build /home/mvibot/floorCleaningRobot_ws/build/tf2_web_republisher_interfaces -- -j8 -l8
[42.926s] Invoking command in '/home/mvibot/floorCleaningRobot_ws/build/tf2_web_republisher_interfaces': CMAKE_PREFIX_PATH=${CMAKE_PREFIX_PATH}:/home/mvibot/floorCleaningRobot_ws/install/opennav_coverage_demo:/opt/ros/jazzy DEBUGINFOD_URLS=https://debuginfod.ubuntu.com /usr/bin/cmake --install /home/mvibot/floorCleaningRobot_ws/build/tf2_web_republisher_interfaces
[72.077s] -- Install configuration: "Release"
[72.078s] -- Execute custom install script
[72.078s] -- Symlinking: /home/mvibot/floorCleaningRobot_ws/install/tf2_web_republisher_interfaces/share/ament_index/resource_index/rosidl_interfaces/tf2_web_republisher_interfaces
[72.078s] -- Symlinking: /home/mvibot/floorCleaningRobot_ws/install/tf2_web_republisher_interfaces/share/tf2_web_republisher_interfaces/msg/TFArray.json
[72.078s] -- Symlinking: /home/mvibot/floorCleaningRobot_ws/install/tf2_web_republisher_interfaces/share/tf2_web_republisher_interfaces/srv/RepublishTFs.json
[72.078s] -- Symlinking: /home/mvibot/floorCleaningRobot_ws/install/tf2_web_republisher_interfaces/share/tf2_web_republisher_interfaces/action/TFSubscription.json
[72.079s] -- Symlinking: /home/mvibot/floorCleaningRobot_ws/install/tf2_web_republisher_interfaces/include/tf2_web_republisher_interfaces/tf2_web_republisher_interfaces/action/detail/tf_subscription__functions.h
[72.080s] -- Symlinking: /home/mvibot/floorCleaningRobot_ws/install/tf2_web_republisher_interfaces/include/tf2_web_republisher_interfaces/tf2_web_republisher_interfaces/action/detail/tf_subscription__struct.h
[72.080s] -- Symlinking: /home/mvibot/floorCleaningRobot_ws/install/tf2_web_republisher_interfaces/include/tf2_web_republisher_interfaces/tf2_web_republisher_interfaces/action/detail/tf_subscription__type_support.h
[72.080s] -- Symlinking: /home/mvibot/floorCleaningRobot_ws/install/tf2_web_republisher_interfaces/include/tf2_web_republisher_interfaces/tf2_web_republisher_interfaces/action/tf_subscription.h
[72.080s] -- Symlinking: /home/mvibot/floorCleaningRobot_ws/install/tf2_web_republisher_interfaces/include/tf2_web_republisher_interfaces/tf2_web_republisher_interfaces/msg/detail/tf_array__functions.h
[72.080s] -- Symlinking: /home/mvibot/floorCleaningRobot_ws/install/tf2_web_republisher_interfaces/include/tf2_web_republisher_interfaces/tf2_web_republisher_interfaces/msg/detail/tf_array__struct.h
[72.081s] -- Symlinking: /home/mvibot/floorCleaningRobot_ws/install/tf2_web_republisher_interfaces/include/tf2_web_republisher_interfaces/tf2_web_republisher_interfaces/msg/detail/tf_array__type_support.h
[72.081s] -- Symlinking: /home/mvibot/floorCleaningRobot_ws/install/tf2_web_republisher_interfaces/include/tf2_web_republisher_interfaces/tf2_web_republisher_interfaces/msg/rosidl_generator_c__visibility_control.h
[72.081s] -- Symlinking: /home/mvibot/floorCleaningRobot_ws/install/tf2_web_republisher_interfaces/include/tf2_web_republisher_interfaces/tf2_web_republisher_interfaces/msg/tf_array.h
[72.081s] -- Symlinking: /home/mvibot/floorCleaningRobot_ws/install/tf2_web_republisher_interfaces/include/tf2_web_republisher_interfaces/tf2_web_republisher_interfaces/srv/detail/republish_t_fs__functions.h
[72.081s] -- Symlinking: /home/mvibot/floorCleaningRobot_ws/install/tf2_web_republisher_interfaces/include/tf2_web_republisher_interfaces/tf2_web_republisher_interfaces/srv/detail/republish_t_fs__struct.h
[72.082s] -- Symlinking: /home/mvibot/floorCleaningRobot_ws/install/tf2_web_republisher_interfaces/include/tf2_web_republisher_interfaces/tf2_web_republisher_interfaces/srv/detail/republish_t_fs__type_support.h
[72.082s] -- Symlinking: /home/mvibot/floorCleaningRobot_ws/install/tf2_web_republisher_interfaces/include/tf2_web_republisher_interfaces/tf2_web_republisher_interfaces/srv/republish_t_fs.h
[72.082s] -- Symlinking: /home/mvibot/floorCleaningRobot_ws/install/tf2_web_republisher_interfaces/share/tf2_web_republisher_interfaces/environment/library_path.sh
[72.083s] -- Symlinking: /home/mvibot/floorCleaningRobot_ws/install/tf2_web_republisher_interfaces/share/tf2_web_republisher_interfaces/environment/library_path.dsv
[72.083s] -- Symlinking: /home/mvibot/floorCleaningRobot_ws/install/tf2_web_republisher_interfaces/include/tf2_web_republisher_interfaces/tf2_web_republisher_interfaces/action/detail/tf_subscription__rosidl_typesupport_fastrtps_c.h
[72.083s] -- Symlinking: /home/mvibot/floorCleaningRobot_ws/install/tf2_web_republisher_interfaces/include/tf2_web_republisher_interfaces/tf2_web_republisher_interfaces/msg/detail/tf_array__rosidl_typesupport_fastrtps_c.h
[72.083s] -- Symlinking: /home/mvibot/floorCleaningRobot_ws/install/tf2_web_republisher_interfaces/include/tf2_web_republisher_interfaces/tf2_web_republisher_interfaces/msg/rosidl_typesupport_fastrtps_c__visibility_control.h
[72.083s] -- Symlinking: /home/mvibot/floorCleaningRobot_ws/install/tf2_web_republisher_interfaces/include/tf2_web_republisher_interfaces/tf2_web_republisher_interfaces/srv/detail/republish_t_fs__rosidl_typesupport_fastrtps_c.h
[72.084s] -- Symlinking: /home/mvibot/floorCleaningRobot_ws/install/tf2_web_republisher_interfaces/include/tf2_web_republisher_interfaces/tf2_web_republisher_interfaces/action/detail/tf_subscription__builder.hpp
[72.084s] -- Symlinking: /home/mvibot/floorCleaningRobot_ws/install/tf2_web_republisher_interfaces/include/tf2_web_republisher_interfaces/tf2_web_republisher_interfaces/action/detail/tf_subscription__struct.hpp
[72.091s] -- Symlinking: /home/mvibot/floorCleaningRobot_ws/install/tf2_web_republisher_interfaces/include/tf2_web_republisher_interfaces/tf2_web_republisher_interfaces/action/detail/tf_subscription__traits.hpp
[72.091s] -- Symlinking: /home/mvibot/floorCleaningRobot_ws/install/tf2_web_republisher_interfaces/include/tf2_web_republisher_interfaces/tf2_web_republisher_interfaces/action/detail/tf_subscription__type_support.hpp
[72.092s] -- Symlinking: /home/mvibot/floorCleaningRobot_ws/install/tf2_web_republisher_interfaces/include/tf2_web_republisher_interfaces/tf2_web_republisher_interfaces/action/tf_subscription.hpp
[72.092s] -- Symlinking: /home/mvibot/floorCleaningRobot_ws/install/tf2_web_republisher_interfaces/include/tf2_web_republisher_interfaces/tf2_web_republisher_interfaces/msg/detail/tf_array__builder.hpp
[72.093s] -- Symlinking: /home/mvibot/floorCleaningRobot_ws/install/tf2_web_republisher_interfaces/include/tf2_web_republisher_interfaces/tf2_web_republisher_interfaces/msg/detail/tf_array__struct.hpp
[72.093s] -- Symlinking: /home/mvibot/floorCleaningRobot_ws/install/tf2_web_republisher_interfaces/include/tf2_web_republisher_interfaces/tf2_web_republisher_interfaces/msg/detail/tf_array__traits.hpp
[72.093s] -- Symlinking: /home/mvibot/floorCleaningRobot_ws/install/tf2_web_republisher_interfaces/include/tf2_web_republisher_interfaces/tf2_web_republisher_interfaces/msg/detail/tf_array__type_support.hpp
[72.093s] -- Symlinking: /home/mvibot/floorCleaningRobot_ws/install/tf2_web_republisher_interfaces/include/tf2_web_republisher_interfaces/tf2_web_republisher_interfaces/msg/rosidl_generator_cpp__visibility_control.hpp
[72.093s] -- Symlinking: /home/mvibot/floorCleaningRobot_ws/install/tf2_web_republisher_interfaces/include/tf2_web_republisher_interfaces/tf2_web_republisher_interfaces/msg/tf_array.hpp
[72.093s] -- Symlinking: /home/mvibot/floorCleaningRobot_ws/install/tf2_web_republisher_interfaces/include/tf2_web_republisher_interfaces/tf2_web_republisher_interfaces/srv/detail/republish_t_fs__builder.hpp
[72.094s] -- Symlinking: /home/mvibot/floorCleaningRobot_ws/install/tf2_web_republisher_interfaces/include/tf2_web_republisher_interfaces/tf2_web_republisher_interfaces/srv/detail/republish_t_fs__struct.hpp
[72.094s] -- Symlinking: /home/mvibot/floorCleaningRobot_ws/install/tf2_web_republisher_interfaces/include/tf2_web_republisher_interfaces/tf2_web_republisher_interfaces/srv/detail/republish_t_fs__traits.hpp
[72.094s] -- Symlinking: /home/mvibot/floorCleaningRobot_ws/install/tf2_web_republisher_interfaces/include/tf2_web_republisher_interfaces/tf2_web_republisher_interfaces/srv/detail/republish_t_fs__type_support.hpp
[72.095s] -- Symlinking: /home/mvibot/floorCleaningRobot_ws/install/tf2_web_republisher_interfaces/include/tf2_web_republisher_interfaces/tf2_web_republisher_interfaces/srv/republish_t_fs.hpp
[72.095s] -- Symlinking: /home/mvibot/floorCleaningRobot_ws/install/tf2_web_republisher_interfaces/include/tf2_web_republisher_interfaces/tf2_web_republisher_interfaces/action/detail/tf_subscription__rosidl_typesupport_fastrtps_cpp.hpp
[72.095s] -- Symlinking: /home/mvibot/floorCleaningRobot_ws/install/tf2_web_republisher_interfaces/include/tf2_web_republisher_interfaces/tf2_web_republisher_interfaces/msg/detail/tf_array__rosidl_typesupport_fastrtps_cpp.hpp
[72.095s] -- Symlinking: /home/mvibot/floorCleaningRobot_ws/install/tf2_web_republisher_interfaces/include/tf2_web_republisher_interfaces/tf2_web_republisher_interfaces/msg/rosidl_typesupport_fastrtps_cpp__visibility_control.h
[72.096s] -- Symlinking: /home/mvibot/floorCleaningRobot_ws/install/tf2_web_republisher_interfaces/include/tf2_web_republisher_interfaces/tf2_web_republisher_interfaces/srv/detail/republish_t_fs__rosidl_typesupport_fastrtps_cpp.hpp
[72.096s] -- Symlinking: /home/mvibot/floorCleaningRobot_ws/install/tf2_web_republisher_interfaces/include/tf2_web_republisher_interfaces/tf2_web_republisher_interfaces/action/detail/tf_subscription__rosidl_typesupport_introspection_c.h
[72.096s] -- Symlinking: /home/mvibot/floorCleaningRobot_ws/install/tf2_web_republisher_interfaces/include/tf2_web_republisher_interfaces/tf2_web_republisher_interfaces/msg/detail/tf_array__rosidl_typesupport_introspection_c.h
[72.096s] -- Symlinking: /home/mvibot/floorCleaningRobot_ws/install/tf2_web_republisher_interfaces/include/tf2_web_republisher_interfaces/tf2_web_republisher_interfaces/msg/rosidl_typesupport_introspection_c__visibility_control.h
[72.096s] -- Symlinking: /home/mvibot/floorCleaningRobot_ws/install/tf2_web_republisher_interfaces/include/tf2_web_republisher_interfaces/tf2_web_republisher_interfaces/srv/detail/republish_t_fs__rosidl_typesupport_introspection_c.h
[72.096s] -- Symlinking: /home/mvibot/floorCleaningRobot_ws/install/tf2_web_republisher_interfaces/include/tf2_web_republisher_interfaces/tf2_web_republisher_interfaces/action/detail/tf_subscription__rosidl_typesupport_introspection_cpp.hpp
[72.097s] -- Symlinking: /home/mvibot/floorCleaningRobot_ws/install/tf2_web_republisher_interfaces/include/tf2_web_republisher_interfaces/tf2_web_republisher_interfaces/msg/detail/tf_array__rosidl_typesupport_introspection_cpp.hpp
[72.097s] -- Symlinking: /home/mvibot/floorCleaningRobot_ws/install/tf2_web_republisher_interfaces/include/tf2_web_republisher_interfaces/tf2_web_republisher_interfaces/srv/detail/republish_t_fs__rosidl_typesupport_introspection_cpp.hpp
[72.097s] -- Symlinking: /home/mvibot/floorCleaningRobot_ws/install/tf2_web_republisher_interfaces/share/tf2_web_republisher_interfaces/environment/pythonpath.sh
[72.097s] -- Symlinking: /home/mvibot/floorCleaningRobot_ws/install/tf2_web_republisher_interfaces/share/tf2_web_republisher_interfaces/environment/pythonpath.dsv
[72.097s] -- Symlinking: /home/mvibot/floorCleaningRobot_ws/install/tf2_web_republisher_interfaces/lib/python3.12/site-packages/tf2_web_republisher_interfaces-1.0.0-py3.12.egg-info/PKG-INFO
[72.097s] -- Symlinking: /home/mvibot/floorCleaningRobot_ws/install/tf2_web_republisher_interfaces/lib/python3.12/site-packages/tf2_web_republisher_interfaces-1.0.0-py3.12.egg-info/SOURCES.txt
[72.097s] -- Symlinking: /home/mvibot/floorCleaningRobot_ws/install/tf2_web_republisher_interfaces/lib/python3.12/site-packages/tf2_web_republisher_interfaces-1.0.0-py3.12.egg-info/dependency_links.txt
[72.098s] -- Symlinking: /home/mvibot/floorCleaningRobot_ws/install/tf2_web_republisher_interfaces/lib/python3.12/site-packages/tf2_web_republisher_interfaces-1.0.0-py3.12.egg-info/top_level.txt
[72.098s] -- Symlinking: /home/mvibot/floorCleaningRobot_ws/install/tf2_web_republisher_interfaces/lib/python3.12/site-packages/tf2_web_republisher_interfaces/__init__.py
[72.098s] -- Symlinking: /home/mvibot/floorCleaningRobot_ws/install/tf2_web_republisher_interfaces/lib/python3.12/site-packages/tf2_web_republisher_interfaces/_tf2_web_republisher_interfaces_s.ep.rosidl_typesupport_c.c
[72.098s] -- Symlinking: /home/mvibot/floorCleaningRobot_ws/install/tf2_web_republisher_interfaces/lib/python3.12/site-packages/tf2_web_republisher_interfaces/_tf2_web_republisher_interfaces_s.ep.rosidl_typesupport_fastrtps_c.c
[72.098s] -- Symlinking: /home/mvibot/floorCleaningRobot_ws/install/tf2_web_republisher_interfaces/lib/python3.12/site-packages/tf2_web_republisher_interfaces/_tf2_web_republisher_interfaces_s.ep.rosidl_typesupport_introspection_c.c
[72.099s] -- Symlinking: /home/mvibot/floorCleaningRobot_ws/install/tf2_web_republisher_interfaces/lib/python3.12/site-packages/tf2_web_republisher_interfaces/action/__init__.py
[72.099s] -- Symlinking: /home/mvibot/floorCleaningRobot_ws/install/tf2_web_republisher_interfaces/lib/python3.12/site-packages/tf2_web_republisher_interfaces/action/_tf_subscription.py
[72.099s] -- Symlinking: /home/mvibot/floorCleaningRobot_ws/install/tf2_web_republisher_interfaces/lib/python3.12/site-packages/tf2_web_republisher_interfaces/action/_tf_subscription_s.c
[72.099s] -- Symlinking: /home/mvibot/floorCleaningRobot_ws/install/tf2_web_republisher_interfaces/lib/python3.12/site-packages/tf2_web_republisher_interfaces/msg/__init__.py
[72.099s] -- Symlinking: /home/mvibot/floorCleaningRobot_ws/install/tf2_web_republisher_interfaces/lib/python3.12/site-packages/tf2_web_republisher_interfaces/msg/_tf_array.py
[72.099s] -- Symlinking: /home/mvibot/floorCleaningRobot_ws/install/tf2_web_republisher_interfaces/lib/python3.12/site-packages/tf2_web_republisher_interfaces/msg/_tf_array_s.c
[72.099s] -- Symlinking: /home/mvibot/floorCleaningRobot_ws/install/tf2_web_republisher_interfaces/lib/python3.12/site-packages/tf2_web_republisher_interfaces/srv/__init__.py
[72.100s] -- Symlinking: /home/mvibot/floorCleaningRobot_ws/install/tf2_web_republisher_interfaces/lib/python3.12/site-packages/tf2_web_republisher_interfaces/srv/_republish_t_fs.py
[72.100s] -- Symlinking: /home/mvibot/floorCleaningRobot_ws/install/tf2_web_republisher_interfaces/lib/python3.12/site-packages/tf2_web_republisher_interfaces/srv/_republish_t_fs_s.c
[72.100s] -- Symlinking: /home/mvibot/floorCleaningRobot_ws/install/tf2_web_republisher_interfaces/lib/python3.12/site-packages/tf2_web_republisher_interfaces/tf2_web_republisher_interfaces_s__rosidl_typesupport_c.so
[72.100s] -- Symlinking: /home/mvibot/floorCleaningRobot_ws/install/tf2_web_republisher_interfaces/lib/python3.12/site-packages/tf2_web_republisher_interfaces/tf2_web_republisher_interfaces_s__rosidl_typesupport_fastrtps_c.so
[72.100s] -- Symlinking: /home/mvibot/floorCleaningRobot_ws/install/tf2_web_republisher_interfaces/lib/python3.12/site-packages/tf2_web_republisher_interfaces/tf2_web_republisher_interfaces_s__rosidl_typesupport_introspection_c.so
[72.100s] -- Up-to-date symlink: /home/mvibot/floorCleaningRobot_ws/install/tf2_web_republisher_interfaces/lib/python3.12/site-packages/tf2_web_republisher_interfaces/tf2_web_republisher_interfaces_s__rosidl_typesupport_fastrtps_c.so
[72.101s] -- Up-to-date symlink: /home/mvibot/floorCleaningRobot_ws/install/tf2_web_republisher_interfaces/lib/python3.12/site-packages/tf2_web_republisher_interfaces/tf2_web_republisher_interfaces_s__rosidl_typesupport_introspection_c.so
[72.101s] -- Up-to-date symlink: /home/mvibot/floorCleaningRobot_ws/install/tf2_web_republisher_interfaces/lib/python3.12/site-packages/tf2_web_republisher_interfaces/tf2_web_republisher_interfaces_s__rosidl_typesupport_c.so
[72.101s] -- Symlinking: /home/mvibot/floorCleaningRobot_ws/install/tf2_web_republisher_interfaces/share/ament_index/resource_index/rust_packages/tf2_web_republisher_interfaces
[72.101s] -- Symlinking: /home/mvibot/floorCleaningRobot_ws/install/tf2_web_republisher_interfaces/share/tf2_web_republisher_interfaces/rust/Cargo.toml
[72.101s] -- Symlinking: /home/mvibot/floorCleaningRobot_ws/install/tf2_web_republisher_interfaces/share/tf2_web_republisher_interfaces/rust/build.rs
[72.101s] -- Symlinking: /home/mvibot/floorCleaningRobot_ws/install/tf2_web_republisher_interfaces/share/tf2_web_republisher_interfaces/rust/src/action.rs
[72.102s] -- Symlinking: /home/mvibot/floorCleaningRobot_ws/install/tf2_web_republisher_interfaces/share/tf2_web_republisher_interfaces/rust/src/action/rmw.rs
[72.102s] -- Symlinking: /home/mvibot/floorCleaningRobot_ws/install/tf2_web_republisher_interfaces/share/tf2_web_republisher_interfaces/rust/src/lib.rs
[72.102s] -- Symlinking: /home/mvibot/floorCleaningRobot_ws/install/tf2_web_republisher_interfaces/share/tf2_web_republisher_interfaces/rust/src/msg.rs
[72.102s] -- Symlinking: /home/mvibot/floorCleaningRobot_ws/install/tf2_web_republisher_interfaces/share/tf2_web_republisher_interfaces/rust/src/msg/rmw.rs
[72.102s] -- Symlinking: /home/mvibot/floorCleaningRobot_ws/install/tf2_web_republisher_interfaces/share/tf2_web_republisher_interfaces/rust/src/srv.rs
[72.102s] -- Symlinking: /home/mvibot/floorCleaningRobot_ws/install/tf2_web_republisher_interfaces/share/tf2_web_republisher_interfaces/rust/src/srv/rmw.rs
[72.102s] -- Symlinking: /home/mvibot/floorCleaningRobot_ws/install/tf2_web_republisher_interfaces/share/tf2_web_republisher_interfaces/msg/TFArray.idl
[72.103s] -- Symlinking: /home/mvibot/floorCleaningRobot_ws/install/tf2_web_republisher_interfaces/share/tf2_web_republisher_interfaces/srv/RepublishTFs.idl
[72.103s] -- Symlinking: /home/mvibot/floorCleaningRobot_ws/install/tf2_web_republisher_interfaces/share/tf2_web_republisher_interfaces/action/TFSubscription.idl
[72.103s] -- Symlinking: /home/mvibot/floorCleaningRobot_ws/install/tf2_web_republisher_interfaces/share/tf2_web_republisher_interfaces/msg/TFArray.msg
[72.103s] -- Symlinking: /home/mvibot/floorCleaningRobot_ws/install/tf2_web_republisher_interfaces/share/tf2_web_republisher_interfaces/srv/RepublishTFs.srv
[72.103s] -- Symlinking: /home/mvibot/floorCleaningRobot_ws/install/tf2_web_republisher_interfaces/share/tf2_web_republisher_interfaces/action/TFSubscription.action
[72.104s] -- Symlinking: /home/mvibot/floorCleaningRobot_ws/install/tf2_web_republisher_interfaces/share/ament_index/resource_index/package_run_dependencies/tf2_web_republisher_interfaces
[72.112s] -- Symlinking: /home/mvibot/floorCleaningRobot_ws/install/tf2_web_republisher_interfaces/share/ament_index/resource_index/parent_prefix_path/tf2_web_republisher_interfaces
[72.132s] -- Symlinking: /home/mvibot/floorCleaningRobot_ws/install/tf2_web_republisher_interfaces/share/tf2_web_republisher_interfaces/environment/ament_prefix_path.sh
[72.150s] -- Symlinking: /home/mvibot/floorCleaningRobot_ws/install/tf2_web_republisher_interfaces/share/tf2_web_republisher_interfaces/environment/ament_prefix_path.dsv
[72.170s] -- Symlinking: /home/mvibot/floorCleaningRobot_ws/install/tf2_web_republisher_interfaces/share/tf2_web_republisher_interfaces/environment/path.sh
[72.184s] -- Symlinking: /home/mvibot/floorCleaningRobot_ws/install/tf2_web_republisher_interfaces/share/tf2_web_republisher_interfaces/environment/path.dsv
[72.198s] -- Symlinking: /home/mvibot/floorCleaningRobot_ws/install/tf2_web_republisher_interfaces/share/tf2_web_republisher_interfaces/local_setup.bash
[72.213s] -- Symlinking: /home/mvibot/floorCleaningRobot_ws/install/tf2_web_republisher_interfaces/share/tf2_web_republisher_interfaces/local_setup.sh
[72.226s] -- Symlinking: /home/mvibot/floorCleaningRobot_ws/install/tf2_web_republisher_interfaces/share/tf2_web_republisher_interfaces/local_setup.zsh
[72.243s] -- Symlinking: /home/mvibot/floorCleaningRobot_ws/install/tf2_web_republisher_interfaces/share/tf2_web_republisher_interfaces/local_setup.dsv
[72.261s] -- Symlinking: /home/mvibot/floorCleaningRobot_ws/install/tf2_web_republisher_interfaces/share/tf2_web_republisher_interfaces/package.dsv
[72.278s] -- Symlinking: /home/mvibot/floorCleaningRobot_ws/install/tf2_web_republisher_interfaces/share/ament_index/resource_index/packages/tf2_web_republisher_interfaces
[72.296s] -- Symlinking: /home/mvibot/floorCleaningRobot_ws/install/tf2_web_republisher_interfaces/share/tf2_web_republisher_interfaces/cmake/rosidl_cmake-extras.cmake
[72.317s] -- Symlinking: /home/mvibot/floorCleaningRobot_ws/install/tf2_web_republisher_interfaces/share/tf2_web_republisher_interfaces/cmake/ament_cmake_export_dependencies-extras.cmake
[72.335s] -- Symlinking: /home/mvibot/floorCleaningRobot_ws/install/tf2_web_republisher_interfaces/share/tf2_web_republisher_interfaces/cmake/ament_cmake_export_include_directories-extras.cmake
[72.355s] -- Symlinking: /home/mvibot/floorCleaningRobot_ws/install/tf2_web_republisher_interfaces/share/tf2_web_republisher_interfaces/cmake/ament_cmake_export_libraries-extras.cmake
[72.380s] -- Symlinking: /home/mvibot/floorCleaningRobot_ws/install/tf2_web_republisher_interfaces/share/tf2_web_republisher_interfaces/cmake/ament_cmake_export_targets-extras.cmake
[72.404s] -- Symlinking: /home/mvibot/floorCleaningRobot_ws/install/tf2_web_republisher_interfaces/share/tf2_web_republisher_interfaces/cmake/rosidl_cmake_export_typesupport_targets-extras.cmake
[72.424s] -- Symlinking: /home/mvibot/floorCleaningRobot_ws/install/tf2_web_republisher_interfaces/share/tf2_web_republisher_interfaces/cmake/rosidl_cmake_export_typesupport_libraries-extras.cmake
[72.444s] -- Symlinking: /home/mvibot/floorCleaningRobot_ws/install/tf2_web_republisher_interfaces/share/tf2_web_republisher_interfaces/cmake/tf2_web_republisher_interfacesConfig.cmake
[72.467s] -- Symlinking: /home/mvibot/floorCleaningRobot_ws/install/tf2_web_republisher_interfaces/share/tf2_web_republisher_interfaces/cmake/tf2_web_republisher_interfacesConfig-version.cmake
[72.488s] -- Symlinking: /home/mvibot/floorCleaningRobot_ws/install/tf2_web_republisher_interfaces/share/tf2_web_republisher_interfaces/package.xml
[72.510s] -- Installing: /home/mvibot/floorCleaningRobot_ws/install/tf2_web_republisher_interfaces/lib/libtf2_web_republisher_interfaces__rosidl_generator_c.so
[72.511s] -- Set non-toolchain portion of runtime path of "/home/mvibot/floorCleaningRobot_ws/install/tf2_web_republisher_interfaces/lib/libtf2_web_republisher_interfaces__rosidl_generator_c.so" to ""
[72.511s] -- Installing: /home/mvibot/floorCleaningRobot_ws/install/tf2_web_republisher_interfaces/lib/libtf2_web_republisher_interfaces__rosidl_typesupport_fastrtps_c.so
[72.513s] -- Set non-toolchain portion of runtime path of "/home/mvibot/floorCleaningRobot_ws/install/tf2_web_republisher_interfaces/lib/libtf2_web_republisher_interfaces__rosidl_typesupport_fastrtps_c.so" to ""
[72.513s] -- Installing: /home/mvibot/floorCleaningRobot_ws/install/tf2_web_republisher_interfaces/lib/libtf2_web_republisher_interfaces__rosidl_typesupport_fastrtps_cpp.so
[72.514s] -- Set non-toolchain portion of runtime path of "/home/mvibot/floorCleaningRobot_ws/install/tf2_web_republisher_interfaces/lib/libtf2_web_republisher_interfaces__rosidl_typesupport_fastrtps_cpp.so" to ""
[72.514s] -- Installing: /home/mvibot/floorCleaningRobot_ws/install/tf2_web_republisher_interfaces/lib/libtf2_web_republisher_interfaces__rosidl_typesupport_introspection_c.so
[72.515s] -- Set non-toolchain portion of runtime path of "/home/mvibot/floorCleaningRobot_ws/install/tf2_web_republisher_interfaces/lib/libtf2_web_republisher_interfaces__rosidl_typesupport_introspection_c.so" to ""
[72.515s] -- Installing: /home/mvibot/floorCleaningRobot_ws/install/tf2_web_republisher_interfaces/lib/libtf2_web_republisher_interfaces__rosidl_typesupport_c.so
[72.516s] -- Set non-toolchain portion of runtime path of "/home/mvibot/floorCleaningRobot_ws/install/tf2_web_republisher_interfaces/lib/libtf2_web_republisher_interfaces__rosidl_typesupport_c.so" to ""
[72.516s] -- Installing: /home/mvibot/floorCleaningRobot_ws/install/tf2_web_republisher_interfaces/lib/libtf2_web_republisher_interfaces__rosidl_typesupport_introspection_cpp.so
[72.518s] -- Set non-toolchain portion of runtime path of "/home/mvibot/floorCleaningRobot_ws/install/tf2_web_republisher_interfaces/lib/libtf2_web_republisher_interfaces__rosidl_typesupport_introspection_cpp.so" to ""
[72.518s] -- Installing: /home/mvibot/floorCleaningRobot_ws/install/tf2_web_republisher_interfaces/lib/libtf2_web_republisher_interfaces__rosidl_typesupport_cpp.so
[72.519s] -- Set non-toolchain portion of runtime path of "/home/mvibot/floorCleaningRobot_ws/install/tf2_web_republisher_interfaces/lib/libtf2_web_republisher_interfaces__rosidl_typesupport_cpp.so" to ""
[72.655s] Listing '/home/mvibot/floorCleaningRobot_ws/install/tf2_web_republisher_interfaces/lib/python3.12/site-packages/tf2_web_republisher_interfaces'...
[72.655s] Compiling '/home/mvibot/floorCleaningRobot_ws/install/tf2_web_republisher_interfaces/lib/python3.12/site-packages/tf2_web_republisher_interfaces/__init__.py'...
[72.655s] Listing '/home/mvibot/floorCleaningRobot_ws/install/tf2_web_republisher_interfaces/lib/python3.12/site-packages/tf2_web_republisher_interfaces/action'...
[72.655s] Compiling '/home/mvibot/floorCleaningRobot_ws/install/tf2_web_republisher_interfaces/lib/python3.12/site-packages/tf2_web_republisher_interfaces/action/__init__.py'...
[72.655s] Compiling '/home/mvibot/floorCleaningRobot_ws/install/tf2_web_republisher_interfaces/lib/python3.12/site-packages/tf2_web_republisher_interfaces/action/_tf_subscription.py'...
[72.656s] Listing '/home/mvibot/floorCleaningRobot_ws/install/tf2_web_republisher_interfaces/lib/python3.12/site-packages/tf2_web_republisher_interfaces/msg'...
[72.656s] Compiling '/home/mvibot/floorCleaningRobot_ws/install/tf2_web_republisher_interfaces/lib/python3.12/site-packages/tf2_web_republisher_interfaces/msg/__init__.py'...
[72.656s] Compiling '/home/mvibot/floorCleaningRobot_ws/install/tf2_web_republisher_interfaces/lib/python3.12/site-packages/tf2_web_republisher_interfaces/msg/_tf_array.py'...
[72.656s] Listing '/home/mvibot/floorCleaningRobot_ws/install/tf2_web_republisher_interfaces/lib/python3.12/site-packages/tf2_web_republisher_interfaces/srv'...
[72.656s] Compiling '/home/mvibot/floorCleaningRobot_ws/install/tf2_web_republisher_interfaces/lib/python3.12/site-packages/tf2_web_republisher_interfaces/srv/__init__.py'...
[72.656s] Compiling '/home/mvibot/floorCleaningRobot_ws/install/tf2_web_republisher_interfaces/lib/python3.12/site-packages/tf2_web_republisher_interfaces/srv/_republish_t_fs.py'...
[72.670s] -- Installing: /home/mvibot/floorCleaningRobot_ws/install/tf2_web_republisher_interfaces/lib/libtf2_web_republisher_interfaces__rosidl_generator_py.so
[72.670s] -- Set non-toolchain portion of runtime path of "/home/mvibot/floorCleaningRobot_ws/install/tf2_web_republisher_interfaces/lib/libtf2_web_republisher_interfaces__rosidl_generator_py.so" to ""
[72.672s] -- Installing: /home/mvibot/floorCleaningRobot_ws/install/tf2_web_republisher_interfaces/share/tf2_web_republisher_interfaces/cmake/export_tf2_web_republisher_interfaces__rosidl_generator_cExport.cmake
[72.674s] -- Installing: /home/mvibot/floorCleaningRobot_ws/install/tf2_web_republisher_interfaces/share/tf2_web_republisher_interfaces/cmake/export_tf2_web_republisher_interfaces__rosidl_generator_cExport-release.cmake
[72.675s] -- Installing: /home/mvibot/floorCleaningRobot_ws/install/tf2_web_republisher_interfaces/share/tf2_web_republisher_interfaces/cmake/export_tf2_web_republisher_interfaces__rosidl_typesupport_fastrtps_cExport.cmake
[72.676s] -- Installing: /home/mvibot/floorCleaningRobot_ws/install/tf2_web_republisher_interfaces/share/tf2_web_republisher_interfaces/cmake/export_tf2_web_republisher_interfaces__rosidl_typesupport_fastrtps_cExport-release.cmake
[72.676s] -- Installing: /home/mvibot/floorCleaningRobot_ws/install/tf2_web_republisher_interfaces/share/tf2_web_republisher_interfaces/cmake/export_tf2_web_republisher_interfaces__rosidl_generator_cppExport.cmake
[72.677s] -- Installing: /home/mvibot/floorCleaningRobot_ws/install/tf2_web_republisher_interfaces/share/tf2_web_republisher_interfaces/cmake/export_tf2_web_republisher_interfaces__rosidl_typesupport_fastrtps_cppExport.cmake
[72.677s] -- Installing: /home/mvibot/floorCleaningRobot_ws/install/tf2_web_republisher_interfaces/share/tf2_web_republisher_interfaces/cmake/export_tf2_web_republisher_interfaces__rosidl_typesupport_fastrtps_cppExport-release.cmake
[72.677s] -- Installing: /home/mvibot/floorCleaningRobot_ws/install/tf2_web_republisher_interfaces/share/tf2_web_republisher_interfaces/cmake/tf2_web_republisher_interfaces__rosidl_typesupport_introspection_cExport.cmake
[72.678s] -- Installing: /home/mvibot/floorCleaningRobot_ws/install/tf2_web_republisher_interfaces/share/tf2_web_republisher_interfaces/cmake/tf2_web_republisher_interfaces__rosidl_typesupport_introspection_cExport-release.cmake
[72.678s] -- Installing: /home/mvibot/floorCleaningRobot_ws/install/tf2_web_republisher_interfaces/share/tf2_web_republisher_interfaces/cmake/tf2_web_republisher_interfaces__rosidl_typesupport_cExport.cmake
[72.679s] -- Installing: /home/mvibot/floorCleaningRobot_ws/install/tf2_web_republisher_interfaces/share/tf2_web_republisher_interfaces/cmake/tf2_web_republisher_interfaces__rosidl_typesupport_cExport-release.cmake
[72.679s] -- Installing: /home/mvibot/floorCleaningRobot_ws/install/tf2_web_republisher_interfaces/share/tf2_web_republisher_interfaces/cmake/tf2_web_republisher_interfaces__rosidl_typesupport_introspection_cppExport.cmake
[72.680s] -- Installing: /home/mvibot/floorCleaningRobot_ws/install/tf2_web_republisher_interfaces/share/tf2_web_republisher_interfaces/cmake/tf2_web_republisher_interfaces__rosidl_typesupport_introspection_cppExport-release.cmake
[72.680s] -- Installing: /home/mvibot/floorCleaningRobot_ws/install/tf2_web_republisher_interfaces/share/tf2_web_republisher_interfaces/cmake/tf2_web_republisher_interfaces__rosidl_typesupport_cppExport.cmake
[72.681s] -- Installing: /home/mvibot/floorCleaningRobot_ws/install/tf2_web_republisher_interfaces/share/tf2_web_republisher_interfaces/cmake/tf2_web_republisher_interfaces__rosidl_typesupport_cppExport-release.cmake
[72.681s] -- Installing: /home/mvibot/floorCleaningRobot_ws/install/tf2_web_republisher_interfaces/share/tf2_web_republisher_interfaces/cmake/export_tf2_web_republisher_interfaces__rosidl_generator_pyExport.cmake
[72.681s] -- Installing: /home/mvibot/floorCleaningRobot_ws/install/tf2_web_republisher_interfaces/share/tf2_web_republisher_interfaces/cmake/export_tf2_web_republisher_interfaces__rosidl_generator_pyExport-release.cmake
[72.701s] Invoked command in '/home/mvibot/floorCleaningRobot_ws/build/tf2_web_republisher_interfaces' returned '0': CMAKE_PREFIX_PATH=${CMAKE_PREFIX_PATH}:/home/mvibot/floorCleaningRobot_ws/install/opennav_coverage_demo:/opt/ros/jazzy DEBUGINFOD_URLS=https://debuginfod.ubuntu.com /usr/bin/cmake --install /home/mvibot/floorCleaningRobot_ws/build/tf2_web_republisher_interfaces
