[0.014s] Invoking command in '/home/mvibot/floorCleaningRobot_ws/build/opennav_coverage_navigator': AMENT_PREFIX_PATH=/home/mvibot/floorCleaningRobot_ws/install/opennav_coverage_bt:/home/mvibot/floorCleaningRobot_ws/install/opennav_coverage:/home/mvibot/floorCleaningRobot_ws/install/opennav_coverage_msgs:${AMENT_PREFIX_PATH} CMAKE_PREFIX_PATH=/home/mvibot/floorCleaningRobot_ws/install/opennav_coverage_bt:/home/mvibot/floorCleaningRobot_ws/install/opennav_coverage:/home/mvibot/floorCleaningRobot_ws/install/opennav_coverage_msgs:/home/mvibot/floorCleaningRobot_ws/install/fields2cover:/opt/ros/jazzy/opt/gz_math_vendor:/opt/ros/jazzy/opt/gz_utils_vendor:/opt/ros/jazzy/opt/gz_cmake_vendor:/opt/ros/jazzy DEBUGINFOD_URLS=https://debuginfod.ubuntu.com LD_LIBRARY_PATH=/home/mvibot/floorCleaningRobot_ws/install/opennav_coverage_bt/lib:/home/mvibot/floorCleaningRobot_ws/install/opennav_coverage/lib:/home/mvibot/floorCleaningRobot_ws/install/opennav_coverage_msgs/lib:/home/mvibot/floorCleaningRobot_ws/install/fields2cover/lib:${LD_LIBRARY_PATH} PKG_CONFIG_PATH=/home/mvibot/floorCleaningRobot_ws/install/fields2cover/lib/x86_64-linux-gnu/pkgconfig:/home/mvibot/floorCleaningRobot_ws/install/fields2cover/lib/pkgconfig PYTHONPATH=/home/mvibot/floorCleaningRobot_ws/install/opennav_coverage_msgs/lib/python3.12/site-packages:${PYTHONPATH} /usr/bin/cmake /home/mvibot/floorCleaningRobot_ws/src/opennav_coverage/opennav_coverage_navigator -DAMENT_CMAKE_SYMLINK_INSTALL=1 -DCMAKE_INSTALL_PREFIX=/home/mvibot/floorCleaningRobot_ws/install/opennav_coverage_navigator
[0.054s] -- The C compiler identification is GNU 13.3.0
[0.095s] -- The CXX compiler identification is GNU 13.3.0
[0.107s] -- Detecting C compiler ABI info
[0.172s] -- Detecting C compiler ABI info - done
[0.178s] -- Check for working C compiler: /usr/bin/cc - skipped
[0.179s] -- Detecting C compile features
[0.179s] -- Detecting C compile features - done
[0.186s] -- Detecting CXX compiler ABI info
[0.259s] -- Detecting CXX compiler ABI info - done
[0.266s] -- Check for working CXX compiler: /usr/bin/c++ - skipped
[0.266s] -- Detecting CXX compile features
[0.267s] -- Detecting CXX compile features - done
[0.269s] -- Found ament_cmake: 2.5.4 (/opt/ros/jazzy/share/ament_cmake/cmake)
[0.373s] -- Found Python3: /usr/bin/python3 (found version "3.12.3") found components: Interpreter 
[0.428s] -- Override CMake install command with custom implementation using symlinks instead of copying resources
[0.450s] -- Found rclcpp: 28.1.12 (/opt/ros/jazzy/share/rclcpp/cmake)
[0.479s] -- Found rosidl_generator_c: 4.6.6 (/opt/ros/jazzy/share/rosidl_generator_c/cmake)
[0.489s] -- Found rosidl_generator_cpp: 4.6.6 (/opt/ros/jazzy/share/rosidl_generator_cpp/cmake)
[0.500s] -- Using all available rosidl_typesupport_c: rosidl_typesupport_fastrtps_c;rosidl_typesupport_introspection_c
[0.514s] -- Using all available rosidl_typesupport_cpp: rosidl_typesupport_fastrtps_cpp;rosidl_typesupport_introspection_cpp
[0.568s] -- Found rmw_implementation_cmake: 7.3.2 (/opt/ros/jazzy/share/rmw_implementation_cmake/cmake)
[0.570s] -- Found rmw_fastrtps_cpp: 8.4.3 (/opt/ros/jazzy/share/rmw_fastrtps_cpp/cmake)
[0.624s] -- Found OpenSSL: /usr/lib/x86_64-linux-gnu/libcrypto.so (found version "3.0.13")  
[0.639s] -- Found FastRTPS: /opt/ros/jazzy/include (Required is at least version "2.13") 
[0.655s] -- Using RMW implementation 'rmw_fastrtps_cpp' as default
[0.709s] -- Found rclcpp_action: 28.1.12 (/opt/ros/jazzy/share/rclcpp_action/cmake)
[0.742s] -- Found std_msgs: 5.3.6 (/opt/ros/jazzy/share/std_msgs/cmake)
[0.752s] -- Found nav2_util: 1.3.8 (/opt/ros/jazzy/share/nav2_util/cmake)
[0.920s] -- Found eigen3_cmake_module: 0.3.0 (/opt/ros/jazzy/share/eigen3_cmake_module/cmake)
[0.921s] -- Found Eigen3: TRUE (found version "3.4.0") 
[0.921s] -- Ensuring Eigen3 include directory is part of orocos-kdl CMake target
[0.986s] -- Found nav2_core: 1.3.8 (/opt/ros/jazzy/share/nav2_core/cmake)
[1.131s] -- Found opennav_coverage_msgs: 0.0.1 (/home/mvibot/floorCleaningRobot_ws/install/opennav_coverage_msgs/share/opennav_coverage_msgs/cmake)
[1.192s] -- Found ament_lint_auto: 0.17.3 (/opt/ros/jazzy/share/ament_lint_auto/cmake)
[1.194s] -- Found ament_cmake_gtest: 2.5.4 (/opt/ros/jazzy/share/ament_cmake_gtest/cmake)
[1.309s] -- Found gtest sources under '/opt/ros/jazzy/src/gtest_vendor': C++ tests using 'Google Test' will be built
[1.311s] -- Performing Test CMAKE_HAVE_LIBC_PTHREAD
[1.380s] -- Performing Test CMAKE_HAVE_LIBC_PTHREAD - Success
[1.381s] -- Found Threads: TRUE  
[1.425s] -- Added test 'copyright' to check source files copyright and LICENSE
[1.425s] -- Added test 'cppcheck' to perform static code analysis on C / C++ code
[1.426s] -- Configured cppcheck include dirs: /home/mvibot/floorCleaningRobot_ws/src/opennav_coverage/opennav_coverage_navigator/include
[1.426s] -- Configured cppcheck exclude dirs and/or files: 
[1.426s] -- Added test 'cpplint' to check C / C++ code against the Google style
[1.426s] -- Configured cpplint exclude dirs and/or files: 
[1.427s] -- Added test 'lint_cmake' to check CMake code style
[1.428s] -- Added test 'uncrustify' to check C / C++ code style
[1.428s] -- Configured uncrustify additional arguments: 
[1.428s] -- Added test 'xmllint' to check XML markup files
[1.430s] -- Configuring done (1.4s)
[1.493s] -- Generating done (0.0s)
[1.500s] -- Build files have been written to: /home/mvibot/floorCleaningRobot_ws/build/opennav_coverage_navigator
[1.512s] Invoked command in '/home/mvibot/floorCleaningRobot_ws/build/opennav_coverage_navigator' returned '0': AMENT_PREFIX_PATH=/home/mvibot/floorCleaningRobot_ws/install/opennav_coverage_bt:/home/mvibot/floorCleaningRobot_ws/install/opennav_coverage:/home/mvibot/floorCleaningRobot_ws/install/opennav_coverage_msgs:${AMENT_PREFIX_PATH} CMAKE_PREFIX_PATH=/home/mvibot/floorCleaningRobot_ws/install/opennav_coverage_bt:/home/mvibot/floorCleaningRobot_ws/install/opennav_coverage:/home/mvibot/floorCleaningRobot_ws/install/opennav_coverage_msgs:/home/mvibot/floorCleaningRobot_ws/install/fields2cover:/opt/ros/jazzy/opt/gz_math_vendor:/opt/ros/jazzy/opt/gz_utils_vendor:/opt/ros/jazzy/opt/gz_cmake_vendor:/opt/ros/jazzy DEBUGINFOD_URLS=https://debuginfod.ubuntu.com LD_LIBRARY_PATH=/home/mvibot/floorCleaningRobot_ws/install/opennav_coverage_bt/lib:/home/mvibot/floorCleaningRobot_ws/install/opennav_coverage/lib:/home/mvibot/floorCleaningRobot_ws/install/opennav_coverage_msgs/lib:/home/mvibot/floorCleaningRobot_ws/install/fields2cover/lib:${LD_LIBRARY_PATH} PKG_CONFIG_PATH=/home/mvibot/floorCleaningRobot_ws/install/fields2cover/lib/x86_64-linux-gnu/pkgconfig:/home/mvibot/floorCleaningRobot_ws/install/fields2cover/lib/pkgconfig PYTHONPATH=/home/mvibot/floorCleaningRobot_ws/install/opennav_coverage_msgs/lib/python3.12/site-packages:${PYTHONPATH} /usr/bin/cmake /home/mvibot/floorCleaningRobot_ws/src/opennav_coverage/opennav_coverage_navigator -DAMENT_CMAKE_SYMLINK_INSTALL=1 -DCMAKE_INSTALL_PREFIX=/home/mvibot/floorCleaningRobot_ws/install/opennav_coverage_navigator
[1.514s] Invoking command in '/home/mvibot/floorCleaningRobot_ws/build/opennav_coverage_navigator': AMENT_PREFIX_PATH=/home/mvibot/floorCleaningRobot_ws/install/opennav_coverage_bt:/home/mvibot/floorCleaningRobot_ws/install/opennav_coverage:/home/mvibot/floorCleaningRobot_ws/install/opennav_coverage_msgs:${AMENT_PREFIX_PATH} CMAKE_PREFIX_PATH=/home/mvibot/floorCleaningRobot_ws/install/opennav_coverage_bt:/home/mvibot/floorCleaningRobot_ws/install/opennav_coverage:/home/mvibot/floorCleaningRobot_ws/install/opennav_coverage_msgs:/home/mvibot/floorCleaningRobot_ws/install/fields2cover:/opt/ros/jazzy/opt/gz_math_vendor:/opt/ros/jazzy/opt/gz_utils_vendor:/opt/ros/jazzy/opt/gz_cmake_vendor:/opt/ros/jazzy DEBUGINFOD_URLS=https://debuginfod.ubuntu.com LD_LIBRARY_PATH=/home/mvibot/floorCleaningRobot_ws/install/opennav_coverage_bt/lib:/home/mvibot/floorCleaningRobot_ws/install/opennav_coverage/lib:/home/mvibot/floorCleaningRobot_ws/install/opennav_coverage_msgs/lib:/home/mvibot/floorCleaningRobot_ws/install/fields2cover/lib:${LD_LIBRARY_PATH} PKG_CONFIG_PATH=/home/mvibot/floorCleaningRobot_ws/install/fields2cover/lib/x86_64-linux-gnu/pkgconfig:/home/mvibot/floorCleaningRobot_ws/install/fields2cover/lib/pkgconfig PYTHONPATH=/home/mvibot/floorCleaningRobot_ws/install/opennav_coverage_msgs/lib/python3.12/site-packages:${PYTHONPATH} /usr/bin/cmake --build /home/mvibot/floorCleaningRobot_ws/build/opennav_coverage_navigator -- -j8 -l8
[1.551s] [ 37%] [32mBuilding CXX object gtest/CMakeFiles/gtest_main.dir/src/gtest_main.cc.o[0m
[1.551s] [ 37%] [32mBuilding CXX object CMakeFiles/opennav_coverage_navigator.dir/src/coverage_navigator.cpp.o[0m
[1.551s] [ 37%] [32mBuilding CXX object gtest/CMakeFiles/gtest.dir/src/gtest-all.cc.o[0m
[2.204s] [ 50%] [32m[1mLinking CXX static library libgtest_main.a[0m
[2.230s] [ 50%] Built target gtest_main
[4.392s] [ 62%] [32m[1mLinking CXX static library libgtest.a[0m
[4.437s] [ 62%] Built target gtest
[9.313s] [ 75%] [32m[1mLinking CXX shared library libopennav_coverage_navigator.so[0m
[9.788s] [ 75%] Built target opennav_coverage_navigator
[9.804s] [ 87%] [32mBuilding CXX object test/CMakeFiles/test_coverage_navigator.dir/test_coverage_navigator.cpp.o[0m
[21.278s] [100%] [32m[1mLinking CXX executable test_coverage_navigator[0m
[22.281s] [100%] Built target test_coverage_navigator
[22.289s] Invoked command in '/home/mvibot/floorCleaningRobot_ws/build/opennav_coverage_navigator' returned '0': AMENT_PREFIX_PATH=/home/mvibot/floorCleaningRobot_ws/install/opennav_coverage_bt:/home/mvibot/floorCleaningRobot_ws/install/opennav_coverage:/home/mvibot/floorCleaningRobot_ws/install/opennav_coverage_msgs:${AMENT_PREFIX_PATH} CMAKE_PREFIX_PATH=/home/mvibot/floorCleaningRobot_ws/install/opennav_coverage_bt:/home/mvibot/floorCleaningRobot_ws/install/opennav_coverage:/home/mvibot/floorCleaningRobot_ws/install/opennav_coverage_msgs:/home/mvibot/floorCleaningRobot_ws/install/fields2cover:/opt/ros/jazzy/opt/gz_math_vendor:/opt/ros/jazzy/opt/gz_utils_vendor:/opt/ros/jazzy/opt/gz_cmake_vendor:/opt/ros/jazzy DEBUGINFOD_URLS=https://debuginfod.ubuntu.com LD_LIBRARY_PATH=/home/mvibot/floorCleaningRobot_ws/install/opennav_coverage_bt/lib:/home/mvibot/floorCleaningRobot_ws/install/opennav_coverage/lib:/home/mvibot/floorCleaningRobot_ws/install/opennav_coverage_msgs/lib:/home/mvibot/floorCleaningRobot_ws/install/fields2cover/lib:${LD_LIBRARY_PATH} PKG_CONFIG_PATH=/home/mvibot/floorCleaningRobot_ws/install/fields2cover/lib/x86_64-linux-gnu/pkgconfig:/home/mvibot/floorCleaningRobot_ws/install/fields2cover/lib/pkgconfig PYTHONPATH=/home/mvibot/floorCleaningRobot_ws/install/opennav_coverage_msgs/lib/python3.12/site-packages:${PYTHONPATH} /usr/bin/cmake --build /home/mvibot/floorCleaningRobot_ws/build/opennav_coverage_navigator -- -j8 -l8
[22.296s] Invoking command in '/home/mvibot/floorCleaningRobot_ws/build/opennav_coverage_navigator': AMENT_PREFIX_PATH=/home/mvibot/floorCleaningRobot_ws/install/opennav_coverage_bt:/home/mvibot/floorCleaningRobot_ws/install/opennav_coverage:/home/mvibot/floorCleaningRobot_ws/install/opennav_coverage_msgs:${AMENT_PREFIX_PATH} CMAKE_PREFIX_PATH=/home/mvibot/floorCleaningRobot_ws/install/opennav_coverage_bt:/home/mvibot/floorCleaningRobot_ws/install/opennav_coverage:/home/mvibot/floorCleaningRobot_ws/install/opennav_coverage_msgs:/home/mvibot/floorCleaningRobot_ws/install/fields2cover:/opt/ros/jazzy/opt/gz_math_vendor:/opt/ros/jazzy/opt/gz_utils_vendor:/opt/ros/jazzy/opt/gz_cmake_vendor:/opt/ros/jazzy DEBUGINFOD_URLS=https://debuginfod.ubuntu.com LD_LIBRARY_PATH=/home/mvibot/floorCleaningRobot_ws/install/opennav_coverage_bt/lib:/home/mvibot/floorCleaningRobot_ws/install/opennav_coverage/lib:/home/mvibot/floorCleaningRobot_ws/install/opennav_coverage_msgs/lib:/home/mvibot/floorCleaningRobot_ws/install/fields2cover/lib:${LD_LIBRARY_PATH} PKG_CONFIG_PATH=/home/mvibot/floorCleaningRobot_ws/install/fields2cover/lib/x86_64-linux-gnu/pkgconfig:/home/mvibot/floorCleaningRobot_ws/install/fields2cover/lib/pkgconfig PYTHONPATH=/home/mvibot/floorCleaningRobot_ws/install/opennav_coverage_msgs/lib/python3.12/site-packages:${PYTHONPATH} /usr/bin/cmake --install /home/mvibot/floorCleaningRobot_ws/build/opennav_coverage_navigator
[22.303s] -- Install configuration: ""
[22.304s] -- Execute custom install script
[22.304s] -- Symlinking: /home/mvibot/floorCleaningRobot_ws/install/opennav_coverage_navigator/share/opennav_coverage_navigator//navigator_plugins.xml
[22.312s] -- Symlinking: /home/mvibot/floorCleaningRobot_ws/install/opennav_coverage_navigator/lib/libopennav_coverage_navigator.so
[22.319s] -- Symlinking: /home/mvibot/floorCleaningRobot_ws/install/opennav_coverage_navigator/include//opennav_coverage_navigator/coverage_navigator.hpp
[22.325s] -- Symlinking: /home/mvibot/floorCleaningRobot_ws/install/opennav_coverage_navigator/share/opennav_coverage_navigator/environment/library_path.sh
[22.331s] -- Symlinking: /home/mvibot/floorCleaningRobot_ws/install/opennav_coverage_navigator/share/opennav_coverage_navigator/environment/library_path.dsv
[22.337s] -- Symlinking: /home/mvibot/floorCleaningRobot_ws/install/opennav_coverage_navigator/share/ament_index/resource_index/package_run_dependencies/opennav_coverage_navigator
[22.343s] -- Symlinking: /home/mvibot/floorCleaningRobot_ws/install/opennav_coverage_navigator/share/ament_index/resource_index/parent_prefix_path/opennav_coverage_navigator
[22.349s] -- Symlinking: /home/mvibot/floorCleaningRobot_ws/install/opennav_coverage_navigator/share/opennav_coverage_navigator/environment/ament_prefix_path.sh
[22.354s] -- Symlinking: /home/mvibot/floorCleaningRobot_ws/install/opennav_coverage_navigator/share/opennav_coverage_navigator/environment/ament_prefix_path.dsv
[22.360s] -- Symlinking: /home/mvibot/floorCleaningRobot_ws/install/opennav_coverage_navigator/share/opennav_coverage_navigator/environment/path.sh
[22.367s] -- Symlinking: /home/mvibot/floorCleaningRobot_ws/install/opennav_coverage_navigator/share/opennav_coverage_navigator/environment/path.dsv
[22.374s] -- Symlinking: /home/mvibot/floorCleaningRobot_ws/install/opennav_coverage_navigator/share/opennav_coverage_navigator/local_setup.bash
[22.380s] -- Symlinking: /home/mvibot/floorCleaningRobot_ws/install/opennav_coverage_navigator/share/opennav_coverage_navigator/local_setup.sh
[22.387s] -- Symlinking: /home/mvibot/floorCleaningRobot_ws/install/opennav_coverage_navigator/share/opennav_coverage_navigator/local_setup.zsh
[22.393s] -- Symlinking: /home/mvibot/floorCleaningRobot_ws/install/opennav_coverage_navigator/share/opennav_coverage_navigator/local_setup.dsv
[22.399s] -- Symlinking: /home/mvibot/floorCleaningRobot_ws/install/opennav_coverage_navigator/share/opennav_coverage_navigator/package.dsv
[22.405s] -- Symlinking: /home/mvibot/floorCleaningRobot_ws/install/opennav_coverage_navigator/share/ament_index/resource_index/packages/opennav_coverage_navigator
[22.411s] -- Symlinking: /home/mvibot/floorCleaningRobot_ws/install/opennav_coverage_navigator/share/ament_index/resource_index/nav2_core__pluginlib__plugin/opennav_coverage_navigator
[22.417s] -- Symlinking: /home/mvibot/floorCleaningRobot_ws/install/opennav_coverage_navigator/share/opennav_coverage_navigator/cmake/ament_cmake_export_include_directories-extras.cmake
[22.423s] -- Symlinking: /home/mvibot/floorCleaningRobot_ws/install/opennav_coverage_navigator/share/opennav_coverage_navigator/cmake/ament_cmake_export_libraries-extras.cmake
[22.429s] -- Symlinking: /home/mvibot/floorCleaningRobot_ws/install/opennav_coverage_navigator/share/opennav_coverage_navigator/cmake/ament_cmake_export_dependencies-extras.cmake
[22.435s] -- Symlinking: /home/mvibot/floorCleaningRobot_ws/install/opennav_coverage_navigator/share/opennav_coverage_navigator/cmake/opennav_coverage_navigatorConfig.cmake
[22.440s] -- Symlinking: /home/mvibot/floorCleaningRobot_ws/install/opennav_coverage_navigator/share/opennav_coverage_navigator/cmake/opennav_coverage_navigatorConfig-version.cmake
[22.447s] -- Symlinking: /home/mvibot/floorCleaningRobot_ws/install/opennav_coverage_navigator/share/opennav_coverage_navigator/package.xml
[22.455s] Invoked command in '/home/mvibot/floorCleaningRobot_ws/build/opennav_coverage_navigator' returned '0': AMENT_PREFIX_PATH=/home/mvibot/floorCleaningRobot_ws/install/opennav_coverage_bt:/home/mvibot/floorCleaningRobot_ws/install/opennav_coverage:/home/mvibot/floorCleaningRobot_ws/install/opennav_coverage_msgs:${AMENT_PREFIX_PATH} CMAKE_PREFIX_PATH=/home/mvibot/floorCleaningRobot_ws/install/opennav_coverage_bt:/home/mvibot/floorCleaningRobot_ws/install/opennav_coverage:/home/mvibot/floorCleaningRobot_ws/install/opennav_coverage_msgs:/home/mvibot/floorCleaningRobot_ws/install/fields2cover:/opt/ros/jazzy/opt/gz_math_vendor:/opt/ros/jazzy/opt/gz_utils_vendor:/opt/ros/jazzy/opt/gz_cmake_vendor:/opt/ros/jazzy DEBUGINFOD_URLS=https://debuginfod.ubuntu.com LD_LIBRARY_PATH=/home/mvibot/floorCleaningRobot_ws/install/opennav_coverage_bt/lib:/home/mvibot/floorCleaningRobot_ws/install/opennav_coverage/lib:/home/mvibot/floorCleaningRobot_ws/install/opennav_coverage_msgs/lib:/home/mvibot/floorCleaningRobot_ws/install/fields2cover/lib:${LD_LIBRARY_PATH} PKG_CONFIG_PATH=/home/mvibot/floorCleaningRobot_ws/install/fields2cover/lib/x86_64-linux-gnu/pkgconfig:/home/mvibot/floorCleaningRobot_ws/install/fields2cover/lib/pkgconfig PYTHONPATH=/home/mvibot/floorCleaningRobot_ws/install/opennav_coverage_msgs/lib/python3.12/site-packages:${PYTHONPATH} /usr/bin/cmake --install /home/mvibot/floorCleaningRobot_ws/build/opennav_coverage_navigator
