[0.007s] Invoking command in '/home/mvibot/floorCleaningRobot_ws/build/higher_layer_mvibot': CMAKE_PREFIX_PATH=${CMAKE_PREFIX_PATH}:/opt/ros/jazzy DEBUGINFOD_URLS=https://debuginfod.ubuntu.com /usr/bin/cmake /home/mvibot/floorCleaningRobot_ws/src/higher_layer_mvibot -DAMENT_CMAKE_SYMLINK_INSTALL=1 -DCMAKE_INSTALL_PREFIX=/home/mvibot/floorCleaningRobot_ws/install/higher_layer_mvibot
[0.046s] -- The C compiler identification is GNU 13.3.0
[0.089s] -- The CXX compiler identification is GNU 13.3.0
[0.103s] -- Detecting C compiler ABI info
[0.181s] -- Detecting C compiler ABI info - done
[0.189s] -- Check for working C compiler: /usr/bin/cc - skipped
[0.189s] -- Detecting C compile features
[0.190s] -- Detecting C compile features - done
[0.198s] -- Detecting CXX compiler ABI info
[0.277s] -- Detecting CXX compiler ABI info - done
[0.284s] -- Check for working CXX compiler: /usr/bin/c++ - skipped
[0.284s] -- Detecting CXX compile features
[0.285s] -- Detecting CXX compile features - done
[0.286s] -- Found ament_cmake: 2.5.4 (/opt/ros/jazzy/share/ament_cmake/cmake)
[0.391s] -- Found Python3: /usr/bin/python3 (found version "3.12.3") found components: Interpreter 
[0.446s] -- Override CMake install command with custom implementation using symlinks instead of copying resources
[0.466s] -- Found rclcpp: 28.1.12 (/opt/ros/jazzy/share/rclcpp/cmake)
[0.493s] -- Found rosidl_generator_c: 4.6.6 (/opt/ros/jazzy/share/rosidl_generator_c/cmake)
[0.502s] -- Found rosidl_generator_cpp: 4.6.6 (/opt/ros/jazzy/share/rosidl_generator_cpp/cmake)
[0.514s] -- Using all available rosidl_typesupport_c: rosidl_typesupport_fastrtps_c;rosidl_typesupport_introspection_c
[0.527s] -- Using all available rosidl_typesupport_cpp: rosidl_typesupport_fastrtps_cpp;rosidl_typesupport_introspection_cpp
[0.580s] -- Found rmw_implementation_cmake: 7.3.2 (/opt/ros/jazzy/share/rmw_implementation_cmake/cmake)
[0.582s] -- Found rmw_fastrtps_cpp: 8.4.3 (/opt/ros/jazzy/share/rmw_fastrtps_cpp/cmake)
[0.636s] -- Found OpenSSL: /usr/lib/x86_64-linux-gnu/libcrypto.so (found version "3.0.13")  
[0.650s] -- Found FastRTPS: /opt/ros/jazzy/include (Required is at least version "2.13") 
[0.667s] -- Using RMW implementation 'rmw_fastrtps_cpp' as default
[0.720s] -- Found std_msgs: 5.3.6 (/opt/ros/jazzy/share/std_msgs/cmake)
[0.731s] -- Found std_srvs: 5.3.6 (/opt/ros/jazzy/share/std_srvs/cmake)
[0.743s] -- Found geometry_msgs: 5.3.6 (/opt/ros/jazzy/share/geometry_msgs/cmake)
[0.754s] -- Found sensor_msgs: 5.3.6 (/opt/ros/jazzy/share/sensor_msgs/cmake)
[0.772s] -- Found nav_msgs: 5.3.6 (/opt/ros/jazzy/share/nav_msgs/cmake)
[0.792s] -- Found tf2: 0.36.14 (/opt/ros/jazzy/share/tf2/cmake)
[0.795s] -- Found tf2_ros: 0.36.14 (/opt/ros/jazzy/share/tf2_ros/cmake)
[0.886s] -- Found tf2_geometry_msgs: 0.36.14 (/opt/ros/jazzy/share/tf2_geometry_msgs/cmake)
[0.896s] -- Found eigen3_cmake_module: 0.3.0 (/opt/ros/jazzy/share/eigen3_cmake_module/cmake)
[0.896s] -- Found Eigen3: TRUE (found version "3.4.0") 
[0.896s] -- Ensuring Eigen3 include directory is part of orocos-kdl CMake target
[0.899s] -- Found nav2_msgs: 1.3.8 (/opt/ros/jazzy/share/nav2_msgs/cmake)
[0.964s] -- Found visualization_msgs: 5.3.6 (/opt/ros/jazzy/share/visualization_msgs/cmake)
[0.987s] -- Found nav2_map_server: 1.3.8 (/opt/ros/jazzy/share/nav2_map_server/cmake)
[0.991s] -- Setting yaml-cpp_DIR to: '/opt/ros/jazzy/share/yaml_cpp_vendor/cmake/../../../opt/yaml_cpp_vendor/share/cmake/yaml-cpp'
[1.069s] -- Found ament_lint_auto: 0.17.3 (/opt/ros/jazzy/share/ament_lint_auto/cmake)
[1.178s] -- Added test 'cppcheck' to perform static code analysis on C / C++ code
[1.178s] -- Configured cppcheck include dirs: 
[1.178s] -- Configured cppcheck exclude dirs and/or files: 
[1.178s] -- Added test 'flake8' to check Python code syntax and style conventions
[1.178s] -- Configured 'flake8' exclude dirs and/or files: 
[1.179s] -- Added test 'lint_cmake' to check CMake code style
[1.179s] -- Added test 'pep257' to check Python code against some of the docstring style conventions in PEP 257
[1.180s] -- Added test 'uncrustify' to check C / C++ code style
[1.180s] -- Configured uncrustify additional arguments: 
[1.181s] -- Added test 'xmllint' to check XML markup files
[1.182s] -- Configuring done (1.2s)
[1.210s] -- Generating done (0.0s)
[1.213s] -- Build files have been written to: /home/mvibot/floorCleaningRobot_ws/build/higher_layer_mvibot
[1.223s] Invoked command in '/home/mvibot/floorCleaningRobot_ws/build/higher_layer_mvibot' returned '0': CMAKE_PREFIX_PATH=${CMAKE_PREFIX_PATH}:/opt/ros/jazzy DEBUGINFOD_URLS=https://debuginfod.ubuntu.com /usr/bin/cmake /home/mvibot/floorCleaningRobot_ws/src/higher_layer_mvibot -DAMENT_CMAKE_SYMLINK_INSTALL=1 -DCMAKE_INSTALL_PREFIX=/home/mvibot/floorCleaningRobot_ws/install/higher_layer_mvibot
[1.223s] Invoking command in '/home/mvibot/floorCleaningRobot_ws/build/higher_layer_mvibot': CMAKE_PREFIX_PATH=${CMAKE_PREFIX_PATH}:/opt/ros/jazzy DEBUGINFOD_URLS=https://debuginfod.ubuntu.com /usr/bin/cmake --build /home/mvibot/floorCleaningRobot_ws/build/higher_layer_mvibot -- -j8 -l8
[1.260s] [ 50%] [32mBuilding CXX object CMakeFiles/mvibot_server.dir/src/mvibot_server.cpp.o[0m
[1.620s] In file included from [01m[K/home/mvibot/floorCleaningRobot_ws/src/higher_layer_mvibot/src/mvibot_server.cpp:4[m[K:
[1.620s] [01m[K/home/mvibot/floorCleaningRobot_ws/src/higher_layer_mvibot/src/../include/higher_layer_mvibot/mvibot_server/mvibot_server_init.h:7:10:[m[K [01;31m[Kfatal error: [m[Kmysql_connection.h: No such file or directory
[1.620s]     7 | #include [01;31m[K"mysql_connection.h"[m[K
[1.620s]       |          [01;31m[K^~~~~~~~~~~~~~~~~~~~[m[K
[1.620s] compilation terminated.
[1.623s] gmake[2]: *** [CMakeFiles/mvibot_server.dir/build.make:76: CMakeFiles/mvibot_server.dir/src/mvibot_server.cpp.o] Error 1
[1.623s] gmake[1]: *** [CMakeFiles/Makefile2:137: CMakeFiles/mvibot_server.dir/all] Error 2
[1.624s] gmake: *** [Makefile:146: all] Error 2
[1.625s] Invoked command in '/home/mvibot/floorCleaningRobot_ws/build/higher_layer_mvibot' returned '2': CMAKE_PREFIX_PATH=${CMAKE_PREFIX_PATH}:/opt/ros/jazzy DEBUGINFOD_URLS=https://debuginfod.ubuntu.com /usr/bin/cmake --build /home/mvibot/floorCleaningRobot_ws/build/higher_layer_mvibot -- -j8 -l8
