[0.009s] Invoking command in '/home/mvibot/floorCleaningRobot_ws/build/opennav_coverage_bt': AMENT_PREFIX_PATH=/home/mvibot/floorCleaningRobot_ws/install/opennav_coverage_msgs:${AMENT_PREFIX_PATH} CMAKE_PREFIX_PATH=/home/mvibot/floorCleaningRobot_ws/install/opennav_coverage_msgs:/opt/ros/jazzy/opt/gz_math_vendor:/opt/ros/jazzy/opt/gz_utils_vendor:/opt/ros/jazzy/opt/gz_cmake_vendor:/opt/ros/jazzy DEBUGINFOD_URLS=https://debuginfod.ubuntu.com LD_LIBRARY_PATH=/home/mvibot/floorCleaningRobot_ws/install/opennav_coverage_msgs/lib:${LD_LIBRARY_PATH} PYTHONPATH=/home/mvibot/floorCleaningRobot_ws/install/opennav_coverage_msgs/lib/python3.12/site-packages:${PYTHONPATH} /usr/bin/cmake /home/mvibot/floorCleaningRobot_ws/src/opennav_coverage/opennav_coverage_bt -DAMENT_CMAKE_SYMLINK_INSTALL=1 -DCMAKE_INSTALL_PREFIX=/home/mvibot/floorCleaningRobot_ws/install/opennav_coverage_bt
[0.051s] -- The C compiler identification is GNU 13.3.0
[0.092s] -- The CXX compiler identification is GNU 13.3.0
[0.105s] -- Detecting C compiler ABI info
[0.174s] -- Detecting C compiler ABI info - done
[0.182s] -- Check for working C compiler: /usr/bin/cc - skipped
[0.182s] -- Detecting C compile features
[0.183s] -- Detecting C compile features - done
[0.192s] -- Detecting CXX compiler ABI info
[0.269s] -- Detecting CXX compiler ABI info - done
[0.276s] -- Check for working CXX compiler: /usr/bin/c++ - skipped
[0.276s] -- Detecting CXX compile features
[0.277s] -- Detecting CXX compile features - done
[0.279s] -- Found ament_cmake: 2.5.4 (/opt/ros/jazzy/share/ament_cmake/cmake)
[0.382s] -- Found Python3: /usr/bin/python3 (found version "3.12.3") found components: Interpreter 
[0.436s] -- Override CMake install command with custom implementation using symlinks instead of copying resources
[0.457s] -- Found rclcpp: 28.1.12 (/opt/ros/jazzy/share/rclcpp/cmake)
[0.484s] -- Found rosidl_generator_c: 4.6.6 (/opt/ros/jazzy/share/rosidl_generator_c/cmake)
[0.493s] -- Found rosidl_generator_cpp: 4.6.6 (/opt/ros/jazzy/share/rosidl_generator_cpp/cmake)
[0.507s] -- Using all available rosidl_typesupport_c: rosidl_typesupport_fastrtps_c;rosidl_typesupport_introspection_c
[0.520s] -- Using all available rosidl_typesupport_cpp: rosidl_typesupport_fastrtps_cpp;rosidl_typesupport_introspection_cpp
[0.573s] -- Found rmw_implementation_cmake: 7.3.2 (/opt/ros/jazzy/share/rmw_implementation_cmake/cmake)
[0.575s] -- Found rmw_fastrtps_cpp: 8.4.3 (/opt/ros/jazzy/share/rmw_fastrtps_cpp/cmake)
[0.629s] -- Found OpenSSL: /usr/lib/x86_64-linux-gnu/libcrypto.so (found version "3.0.13")  
[0.643s] -- Found FastRTPS: /opt/ros/jazzy/include (Required is at least version "2.13") 
[0.660s] -- Using RMW implementation 'rmw_fastrtps_cpp' as default
[0.714s] -- Found rclcpp_action: 28.1.12 (/opt/ros/jazzy/share/rclcpp_action/cmake)
[0.746s] -- Found std_msgs: 5.3.6 (/opt/ros/jazzy/share/std_msgs/cmake)
[0.756s] -- Found nav2_util: 1.3.8 (/opt/ros/jazzy/share/nav2_util/cmake)
[0.929s] -- Found eigen3_cmake_module: 0.3.0 (/opt/ros/jazzy/share/eigen3_cmake_module/cmake)
[0.930s] -- Found Eigen3: TRUE (found version "3.4.0") 
[0.930s] -- Ensuring Eigen3 include directory is part of orocos-kdl CMake target
[0.993s] -- Found nav2_core: 1.3.8 (/opt/ros/jazzy/share/nav2_core/cmake)
[1.158s] -- Found opennav_coverage_msgs: 0.0.1 (/home/mvibot/floorCleaningRobot_ws/install/opennav_coverage_msgs/share/opennav_coverage_msgs/cmake)
[1.255s] -- Found ament_lint_auto: 0.17.3 (/opt/ros/jazzy/share/ament_lint_auto/cmake)
[1.256s] -- Found ament_cmake_gtest: 2.5.4 (/opt/ros/jazzy/share/ament_cmake_gtest/cmake)
[1.338s] -- Found gtest sources under '/opt/ros/jazzy/src/gtest_vendor': C++ tests using 'Google Test' will be built
[1.340s] -- Performing Test CMAKE_HAVE_LIBC_PTHREAD
[1.406s] -- Performing Test CMAKE_HAVE_LIBC_PTHREAD - Success
[1.407s] -- Found Threads: TRUE  
[1.480s] -- Added test 'copyright' to check source files copyright and LICENSE
[1.481s] -- Added test 'cppcheck' to perform static code analysis on C / C++ code
[1.482s] -- Configured cppcheck include dirs: /home/mvibot/floorCleaningRobot_ws/src/opennav_coverage/opennav_coverage_bt/include
[1.482s] -- Configured cppcheck exclude dirs and/or files: 
[1.483s] -- Added test 'cpplint' to check C / C++ code against the Google style
[1.483s] -- Configured cpplint exclude dirs and/or files: 
[1.483s] -- Added test 'lint_cmake' to check CMake code style
[1.484s] -- Added test 'uncrustify' to check C / C++ code style
[1.484s] -- Configured uncrustify additional arguments: 
[1.484s] -- Added test 'xmllint' to check XML markup files
[1.487s] -- Configuring done (1.5s)
[1.638s] -- Generating done (0.1s)
[1.648s] -- Build files have been written to: /home/mvibot/floorCleaningRobot_ws/build/opennav_coverage_bt
[1.660s] Invoked command in '/home/mvibot/floorCleaningRobot_ws/build/opennav_coverage_bt' returned '0': AMENT_PREFIX_PATH=/home/mvibot/floorCleaningRobot_ws/install/opennav_coverage_msgs:${AMENT_PREFIX_PATH} CMAKE_PREFIX_PATH=/home/mvibot/floorCleaningRobot_ws/install/opennav_coverage_msgs:/opt/ros/jazzy/opt/gz_math_vendor:/opt/ros/jazzy/opt/gz_utils_vendor:/opt/ros/jazzy/opt/gz_cmake_vendor:/opt/ros/jazzy DEBUGINFOD_URLS=https://debuginfod.ubuntu.com LD_LIBRARY_PATH=/home/mvibot/floorCleaningRobot_ws/install/opennav_coverage_msgs/lib:${LD_LIBRARY_PATH} PYTHONPATH=/home/mvibot/floorCleaningRobot_ws/install/opennav_coverage_msgs/lib/python3.12/site-packages:${PYTHONPATH} /usr/bin/cmake /home/mvibot/floorCleaningRobot_ws/src/opennav_coverage/opennav_coverage_bt -DAMENT_CMAKE_SYMLINK_INSTALL=1 -DCMAKE_INSTALL_PREFIX=/home/mvibot/floorCleaningRobot_ws/install/opennav_coverage_bt
[1.661s] Invoking command in '/home/mvibot/floorCleaningRobot_ws/build/opennav_coverage_bt': AMENT_PREFIX_PATH=/home/mvibot/floorCleaningRobot_ws/install/opennav_coverage_msgs:${AMENT_PREFIX_PATH} CMAKE_PREFIX_PATH=/home/mvibot/floorCleaningRobot_ws/install/opennav_coverage_msgs:/opt/ros/jazzy/opt/gz_math_vendor:/opt/ros/jazzy/opt/gz_utils_vendor:/opt/ros/jazzy/opt/gz_cmake_vendor:/opt/ros/jazzy DEBUGINFOD_URLS=https://debuginfod.ubuntu.com LD_LIBRARY_PATH=/home/mvibot/floorCleaningRobot_ws/install/opennav_coverage_msgs/lib:${LD_LIBRARY_PATH} PYTHONPATH=/home/mvibot/floorCleaningRobot_ws/install/opennav_coverage_msgs/lib/python3.12/site-packages:${PYTHONPATH} /usr/bin/cmake --build /home/mvibot/floorCleaningRobot_ws/build/opennav_coverage_bt -- -j8 -l8
[1.699s] [  8%] [32mBuilding CXX object gtest/CMakeFiles/gtest.dir/src/gtest-all.cc.o[0m
[1.699s] [ 16%] [32mBuilding CXX object CMakeFiles/opennav_cancel_complete_coverage_action_bt_node.dir/src/cancel_complete_coverage_path.cpp.o[0m
[1.700s] [ 25%] [32mBuilding CXX object gtest/CMakeFiles/gtest_main.dir/src/gtest_main.cc.o[0m
[1.701s] [ 33%] [32mBuilding CXX object CMakeFiles/opennav_compute_complete_coverage_action_bt_node.dir/src/compute_complete_coverage_path.cpp.o[0m
[2.353s] [ 41%] [32m[1mLinking CXX static library libgtest_main.a[0m
[2.379s] [ 41%] Built target gtest_main
[4.718s] [ 50%] [32m[1mLinking CXX static library libgtest.a[0m
[4.763s] [ 50%] Built target gtest
[6.416s] [ 58%] [32m[1mLinking CXX shared library libopennav_cancel_complete_coverage_action_bt_node.so[0m
[6.716s] [ 58%] Built target opennav_cancel_complete_coverage_action_bt_node
[6.734s] [ 66%] [32mBuilding CXX object test/CMakeFiles/test_cancel_complete_coverage.dir/test_cancel_complete_coverage.cpp.o[0m
[7.547s] [ 75%] [32m[1mLinking CXX shared library libopennav_compute_complete_coverage_action_bt_node.so[0m
[7.899s] [ 75%] Built target opennav_compute_complete_coverage_action_bt_node
[7.915s] [ 83%] [32mBuilding CXX object test/CMakeFiles/test_compute_coverage_path.dir/test_compute_coverage_path.cpp.o[0m
[12.561s] [ 91%] [32m[1mLinking CXX executable test_cancel_complete_coverage[0m
[13.096s] [ 91%] Built target test_cancel_complete_coverage
[13.594s] [100%] [32m[1mLinking CXX executable test_compute_coverage_path[0m
[14.107s] [100%] Built target test_compute_coverage_path
[14.115s] Invoked command in '/home/mvibot/floorCleaningRobot_ws/build/opennav_coverage_bt' returned '0': AMENT_PREFIX_PATH=/home/mvibot/floorCleaningRobot_ws/install/opennav_coverage_msgs:${AMENT_PREFIX_PATH} CMAKE_PREFIX_PATH=/home/mvibot/floorCleaningRobot_ws/install/opennav_coverage_msgs:/opt/ros/jazzy/opt/gz_math_vendor:/opt/ros/jazzy/opt/gz_utils_vendor:/opt/ros/jazzy/opt/gz_cmake_vendor:/opt/ros/jazzy DEBUGINFOD_URLS=https://debuginfod.ubuntu.com LD_LIBRARY_PATH=/home/mvibot/floorCleaningRobot_ws/install/opennav_coverage_msgs/lib:${LD_LIBRARY_PATH} PYTHONPATH=/home/mvibot/floorCleaningRobot_ws/install/opennav_coverage_msgs/lib/python3.12/site-packages:${PYTHONPATH} /usr/bin/cmake --build /home/mvibot/floorCleaningRobot_ws/build/opennav_coverage_bt -- -j8 -l8
[14.122s] Invoking command in '/home/mvibot/floorCleaningRobot_ws/build/opennav_coverage_bt': AMENT_PREFIX_PATH=/home/mvibot/floorCleaningRobot_ws/install/opennav_coverage_msgs:${AMENT_PREFIX_PATH} CMAKE_PREFIX_PATH=/home/mvibot/floorCleaningRobot_ws/install/opennav_coverage_msgs:/opt/ros/jazzy/opt/gz_math_vendor:/opt/ros/jazzy/opt/gz_utils_vendor:/opt/ros/jazzy/opt/gz_cmake_vendor:/opt/ros/jazzy DEBUGINFOD_URLS=https://debuginfod.ubuntu.com LD_LIBRARY_PATH=/home/mvibot/floorCleaningRobot_ws/install/opennav_coverage_msgs/lib:${LD_LIBRARY_PATH} PYTHONPATH=/home/mvibot/floorCleaningRobot_ws/install/opennav_coverage_msgs/lib/python3.12/site-packages:${PYTHONPATH} /usr/bin/cmake --install /home/mvibot/floorCleaningRobot_ws/build/opennav_coverage_bt
[14.128s] -- Install configuration: ""
[14.128s] -- Execute custom install script
[14.128s] -- Symlinking: /home/mvibot/floorCleaningRobot_ws/install/opennav_coverage_bt/lib/libopennav_compute_complete_coverage_action_bt_node.so
[14.135s] -- Symlinking: /home/mvibot/floorCleaningRobot_ws/install/opennav_coverage_bt/lib/libopennav_cancel_complete_coverage_action_bt_node.so
[14.145s] -- Symlinking: /home/mvibot/floorCleaningRobot_ws/install/opennav_coverage_bt/include//opennav_coverage_bt/cancel_complete_coverage_path.hpp
[14.151s] -- Symlinking: /home/mvibot/floorCleaningRobot_ws/install/opennav_coverage_bt/include//opennav_coverage_bt/compute_complete_coverage_path.hpp
[14.157s] -- Symlinking: /home/mvibot/floorCleaningRobot_ws/install/opennav_coverage_bt/include//opennav_coverage_bt/utils.hpp
[14.164s] -- Symlinking: /home/mvibot/floorCleaningRobot_ws/install/opennav_coverage_bt/share/opennav_coverage_bt/behavior_trees/navigate_w_basic_complete_coverage.xml
[14.170s] -- Symlinking: /home/mvibot/floorCleaningRobot_ws/install/opennav_coverage_bt/share/opennav_coverage_bt/behavior_trees/navigate_w_basic_complete_coverage_nav_to_start.xml
[14.176s] -- Symlinking: /home/mvibot/floorCleaningRobot_ws/install/opennav_coverage_bt/share/opennav_coverage_bt/behavior_trees/navigate_w_basic_row_complete_coverage.xml
[14.182s] -- Symlinking: /home/mvibot/floorCleaningRobot_ws/install/opennav_coverage_bt/share/opennav_coverage_bt/environment/library_path.sh
[14.188s] -- Symlinking: /home/mvibot/floorCleaningRobot_ws/install/opennav_coverage_bt/share/opennav_coverage_bt/environment/library_path.dsv
[14.195s] -- Symlinking: /home/mvibot/floorCleaningRobot_ws/install/opennav_coverage_bt/share/ament_index/resource_index/package_run_dependencies/opennav_coverage_bt
[14.202s] -- Symlinking: /home/mvibot/floorCleaningRobot_ws/install/opennav_coverage_bt/share/ament_index/resource_index/parent_prefix_path/opennav_coverage_bt
[14.208s] -- Symlinking: /home/mvibot/floorCleaningRobot_ws/install/opennav_coverage_bt/share/opennav_coverage_bt/environment/ament_prefix_path.sh
[14.214s] -- Symlinking: /home/mvibot/floorCleaningRobot_ws/install/opennav_coverage_bt/share/opennav_coverage_bt/environment/ament_prefix_path.dsv
[14.220s] -- Symlinking: /home/mvibot/floorCleaningRobot_ws/install/opennav_coverage_bt/share/opennav_coverage_bt/environment/path.sh
[14.226s] -- Symlinking: /home/mvibot/floorCleaningRobot_ws/install/opennav_coverage_bt/share/opennav_coverage_bt/environment/path.dsv
[14.233s] -- Symlinking: /home/mvibot/floorCleaningRobot_ws/install/opennav_coverage_bt/share/opennav_coverage_bt/local_setup.bash
[14.239s] -- Symlinking: /home/mvibot/floorCleaningRobot_ws/install/opennav_coverage_bt/share/opennav_coverage_bt/local_setup.sh
[14.246s] -- Symlinking: /home/mvibot/floorCleaningRobot_ws/install/opennav_coverage_bt/share/opennav_coverage_bt/local_setup.zsh
[14.253s] -- Symlinking: /home/mvibot/floorCleaningRobot_ws/install/opennav_coverage_bt/share/opennav_coverage_bt/local_setup.dsv
[14.259s] -- Symlinking: /home/mvibot/floorCleaningRobot_ws/install/opennav_coverage_bt/share/opennav_coverage_bt/package.dsv
[14.265s] -- Symlinking: /home/mvibot/floorCleaningRobot_ws/install/opennav_coverage_bt/share/ament_index/resource_index/packages/opennav_coverage_bt
[14.272s] -- Symlinking: /home/mvibot/floorCleaningRobot_ws/install/opennav_coverage_bt/share/opennav_coverage_bt/cmake/ament_cmake_export_include_directories-extras.cmake
[14.278s] -- Symlinking: /home/mvibot/floorCleaningRobot_ws/install/opennav_coverage_bt/share/opennav_coverage_bt/cmake/ament_cmake_export_libraries-extras.cmake
[14.284s] -- Symlinking: /home/mvibot/floorCleaningRobot_ws/install/opennav_coverage_bt/share/opennav_coverage_bt/cmake/ament_cmake_export_dependencies-extras.cmake
[14.290s] -- Symlinking: /home/mvibot/floorCleaningRobot_ws/install/opennav_coverage_bt/share/opennav_coverage_bt/cmake/opennav_coverage_btConfig.cmake
[14.296s] -- Symlinking: /home/mvibot/floorCleaningRobot_ws/install/opennav_coverage_bt/share/opennav_coverage_bt/cmake/opennav_coverage_btConfig-version.cmake
[14.302s] -- Symlinking: /home/mvibot/floorCleaningRobot_ws/install/opennav_coverage_bt/share/opennav_coverage_bt/package.xml
[14.309s] Invoked command in '/home/mvibot/floorCleaningRobot_ws/build/opennav_coverage_bt' returned '0': AMENT_PREFIX_PATH=/home/mvibot/floorCleaningRobot_ws/install/opennav_coverage_msgs:${AMENT_PREFIX_PATH} CMAKE_PREFIX_PATH=/home/mvibot/floorCleaningRobot_ws/install/opennav_coverage_msgs:/opt/ros/jazzy/opt/gz_math_vendor:/opt/ros/jazzy/opt/gz_utils_vendor:/opt/ros/jazzy/opt/gz_cmake_vendor:/opt/ros/jazzy DEBUGINFOD_URLS=https://debuginfod.ubuntu.com LD_LIBRARY_PATH=/home/mvibot/floorCleaningRobot_ws/install/opennav_coverage_msgs/lib:${LD_LIBRARY_PATH} PYTHONPATH=/home/mvibot/floorCleaningRobot_ws/install/opennav_coverage_msgs/lib/python3.12/site-packages:${PYTHONPATH} /usr/bin/cmake --install /home/mvibot/floorCleaningRobot_ws/build/opennav_coverage_bt
