[0.022s] Invoking command in '/home/mvibot/floorCleaningRobot_ws/build/higher_layer_mvibot': CMAKE_PREFIX_PATH=${CMAKE_PREFIX_PATH}:/home/mvibot/floorCleaningRobot_ws/install/opennav_coverage_demo:/opt/ros/jazzy DEBUGINFOD_URLS=https://debuginfod.ubuntu.com /usr/bin/cmake --build /home/mvibot/floorCleaningRobot_ws/build/higher_layer_mvibot -- -j8 -l8
[0.304s] [100%] Built target mvibot_server
[0.319s] Invoked command in '/home/mvibot/floorCleaningRobot_ws/build/higher_layer_mvibot' returned '0': CMAKE_PREFIX_PATH=${CMAKE_PREFIX_PATH}:/home/mvibot/floorCleaningRobot_ws/install/opennav_coverage_demo:/opt/ros/jazzy DEBUGINFOD_URLS=https://debuginfod.ubuntu.com /usr/bin/cmake --build /home/mvibot/floorCleaningRobot_ws/build/higher_layer_mvibot -- -j8 -l8
[0.335s] Invoking command in '/home/mvibot/floorCleaningRobot_ws/build/higher_layer_mvibot': CMAKE_PREFIX_PATH=${CMAKE_PREFIX_PATH}:/home/mvibot/floorCleaningRobot_ws/install/opennav_coverage_demo:/opt/ros/jazzy DEBUGINFOD_URLS=https://debuginfod.ubuntu.com /usr/bin/cmake --install /home/mvibot/floorCleaningRobot_ws/build/higher_layer_mvibot
[0.345s] -- Install configuration: ""
[0.346s] -- Execute custom install script
[0.348s] -- Up-to-date symlink: /home/mvibot/floorCleaningRobot_ws/install/higher_layer_mvibot/share/higher_layer_mvibot//launch/bringup_launch.py
[0.348s] -- Up-to-date symlink: /home/mvibot/floorCleaningRobot_ws/install/higher_layer_mvibot/share/higher_layer_mvibot//launch/bringup_server_launch.py
[0.349s] -- Up-to-date symlink: /home/mvibot/floorCleaningRobot_ws/install/higher_layer_mvibot/share/higher_layer_mvibot//launch/mvibot_continues_mapping_launch.py
[0.349s] -- Up-to-date symlink: /home/mvibot/floorCleaningRobot_ws/install/higher_layer_mvibot/share/higher_layer_mvibot//launch/mvibot_lifelong_launch.py
[0.349s] -- Up-to-date symlink: /home/mvibot/floorCleaningRobot_ws/install/higher_layer_mvibot/share/higher_layer_mvibot//launch/mvibot_map_saver_launch.py
[0.350s] -- Up-to-date symlink: /home/mvibot/floorCleaningRobot_ws/install/higher_layer_mvibot/share/higher_layer_mvibot//launch/mvibot_map_server_launch.py
[0.350s] -- Up-to-date symlink: /home/mvibot/floorCleaningRobot_ws/install/higher_layer_mvibot/share/higher_layer_mvibot//launch/mvibot_server_launch.py
[0.350s] -- Up-to-date symlink: /home/mvibot/floorCleaningRobot_ws/install/higher_layer_mvibot/share/higher_layer_mvibot//launch/mvibot_slam_toolbox_launch.py
[0.350s] -- Up-to-date symlink: /home/mvibot/floorCleaningRobot_ws/install/higher_layer_mvibot/share/higher_layer_mvibot//launch/tf2_web_republisher_launch.py
[0.351s] -- Up-to-date symlink: /home/mvibot/floorCleaningRobot_ws/install/higher_layer_mvibot/lib/higher_layer_mvibot/mvibot_server
[0.351s] -- Up-to-date symlink: /home/mvibot/floorCleaningRobot_ws/install/higher_layer_mvibot/share/ament_index/resource_index/package_run_dependencies/higher_layer_mvibot
[0.352s] -- Up-to-date symlink: /home/mvibot/floorCleaningRobot_ws/install/higher_layer_mvibot/share/ament_index/resource_index/parent_prefix_path/higher_layer_mvibot
[0.352s] -- Up-to-date symlink: /home/mvibot/floorCleaningRobot_ws/install/higher_layer_mvibot/share/higher_layer_mvibot/environment/ament_prefix_path.sh
[0.352s] -- Up-to-date symlink: /home/mvibot/floorCleaningRobot_ws/install/higher_layer_mvibot/share/higher_layer_mvibot/environment/ament_prefix_path.dsv
[0.352s] -- Up-to-date symlink: /home/mvibot/floorCleaningRobot_ws/install/higher_layer_mvibot/share/higher_layer_mvibot/environment/path.sh
[0.353s] -- Up-to-date symlink: /home/mvibot/floorCleaningRobot_ws/install/higher_layer_mvibot/share/higher_layer_mvibot/environment/path.dsv
[0.353s] -- Up-to-date symlink: /home/mvibot/floorCleaningRobot_ws/install/higher_layer_mvibot/share/higher_layer_mvibot/local_setup.bash
[0.353s] -- Up-to-date symlink: /home/mvibot/floorCleaningRobot_ws/install/higher_layer_mvibot/share/higher_layer_mvibot/local_setup.sh
[0.353s] -- Up-to-date symlink: /home/mvibot/floorCleaningRobot_ws/install/higher_layer_mvibot/share/higher_layer_mvibot/local_setup.zsh
[0.353s] -- Up-to-date symlink: /home/mvibot/floorCleaningRobot_ws/install/higher_layer_mvibot/share/higher_layer_mvibot/local_setup.dsv
[0.353s] -- Symlinking: /home/mvibot/floorCleaningRobot_ws/install/higher_layer_mvibot/share/higher_layer_mvibot/package.dsv
[0.365s] -- Up-to-date symlink: /home/mvibot/floorCleaningRobot_ws/install/higher_layer_mvibot/share/ament_index/resource_index/packages/higher_layer_mvibot
[0.365s] -- Up-to-date symlink: /home/mvibot/floorCleaningRobot_ws/install/higher_layer_mvibot/share/higher_layer_mvibot/cmake/higher_layer_mvibotConfig.cmake
[0.366s] -- Up-to-date symlink: /home/mvibot/floorCleaningRobot_ws/install/higher_layer_mvibot/share/higher_layer_mvibot/cmake/higher_layer_mvibotConfig-version.cmake
[0.366s] -- Up-to-date symlink: /home/mvibot/floorCleaningRobot_ws/install/higher_layer_mvibot/share/higher_layer_mvibot/package.xml
[0.368s] Invoked command in '/home/mvibot/floorCleaningRobot_ws/build/higher_layer_mvibot' returned '0': CMAKE_PREFIX_PATH=${CMAKE_PREFIX_PATH}:/home/mvibot/floorCleaningRobot_ws/install/opennav_coverage_demo:/opt/ros/jazzy DEBUGINFOD_URLS=https://debuginfod.ubuntu.com /usr/bin/cmake --install /home/mvibot/floorCleaningRobot_ws/build/higher_layer_mvibot
