[0.108s] DEBUG:colcon:Command line arguments: ['/usr/bin/colcon', 'build', '--packages-select', 'realsense2_description', '--symlink-install']
[0.108s] DEBUG:colcon:Parsed command line arguments: Namespace(log_base=None, log_level=None, verb_name='build', build_base='build', install_base='install', merge_install=False, symlink_install=True, test_result_base=None, continue_on_error=False, executor='parallel', parallel_workers=8, event_handlers=None, ignore_user_meta=False, metas=['./colcon.meta'], base_paths=['.'], packages_ignore=None, packages_ignore_regex=None, paths=None, packages_up_to=None, packages_up_to_regex=None, packages_above=None, packages_above_and_dependencies=None, packages_above_depth=None, packages_select_by_dep=None, packages_skip_by_dep=None, packages_skip_up_to=None, packages_select_build_failed=False, packages_skip_build_finished=False, packages_select_test_failures=False, packages_skip_test_passed=False, packages_select=['realsense2_description'], packages_skip=None, packages_select_regex=None, packages_skip_regex=None, packages_start=None, packages_end=None, allow_overriding=[], cmake_args=None, cmake_target=None, cmake_target_skip_unavailable=False, cmake_clean_cache=False, cmake_clean_first=False, cmake_force_configure=False, ament_cmake_args=None, catkin_cmake_args=None, catkin_skip_building_tests=False, mixin_files=None, mixin=None, verb_parser=<colcon_mixin.mixin.mixin_argument.MixinArgumentDecorator object at 0x7d7e5e3ac170>, verb_extension=<colcon_core.verb.build.BuildVerb object at 0x7d7e5e329c70>, main=<bound method BuildVerb.main of <colcon_core.verb.build.BuildVerb object at 0x7d7e5e329c70>>, mixin_verb=('build',))
[0.136s] Level 1:colcon.colcon_core.package_discovery:discover_packages(colcon_meta) check parameters
[0.136s] Level 1:colcon.colcon_core.package_discovery:discover_packages(recursive) check parameters
[0.136s] Level 1:colcon.colcon_core.package_discovery:discover_packages(ignore) check parameters
[0.136s] Level 1:colcon.colcon_core.package_discovery:discover_packages(path) check parameters
[0.136s] Level 1:colcon.colcon_core.package_discovery:discover_packages(colcon_meta) discover
[0.136s] Level 1:colcon.colcon_core.package_discovery:discover_packages(recursive) discover
[0.136s] INFO:colcon.colcon_core.package_discovery:Crawling recursively for packages in '/home/mvibot/floorCleaningRobot_ws'
[0.136s] Level 1:colcon.colcon_core.package_identification:_identify(.) by extensions ['ignore', 'ignore_ament_install']
[0.136s] Level 1:colcon.colcon_core.package_identification:_identify(.) by extension 'ignore'
[0.136s] Level 1:colcon.colcon_core.package_identification:_identify(.) by extension 'ignore_ament_install'
[0.137s] Level 1:colcon.colcon_core.package_identification:_identify(.) by extensions ['colcon_pkg']
[0.137s] Level 1:colcon.colcon_core.package_identification:_identify(.) by extension 'colcon_pkg'
[0.137s] Level 1:colcon.colcon_core.package_identification:_identify(.) by extensions ['colcon_meta']
[0.137s] Level 1:colcon.colcon_core.package_identification:_identify(.) by extension 'colcon_meta'
[0.137s] Level 1:colcon.colcon_core.package_identification:_identify(.) by extensions ['ros']
[0.137s] Level 1:colcon.colcon_core.package_identification:_identify(.) by extension 'ros'
[0.155s] Level 1:colcon.colcon_core.package_identification:_identify(.) by extensions ['cmake', 'python']
[0.155s] Level 1:colcon.colcon_core.package_identification:_identify(.) by extension 'cmake'
[0.155s] Level 1:colcon.colcon_core.package_identification:_identify(.) by extension 'python'
[0.155s] Level 1:colcon.colcon_core.package_identification:_identify(.) by extensions ['python_setup_py']
[0.155s] Level 1:colcon.colcon_core.package_identification:_identify(.) by extension 'python_setup_py'
[0.155s] Level 1:colcon.colcon_core.package_identification:_identify(build) by extensions ['ignore', 'ignore_ament_install']
[0.155s] Level 1:colcon.colcon_core.package_identification:_identify(build) by extension 'ignore'
[0.155s] Level 1:colcon.colcon_core.package_identification:_identify(build) ignored
[0.155s] Level 1:colcon.colcon_core.package_identification:_identify(install) by extensions ['ignore', 'ignore_ament_install']
[0.155s] Level 1:colcon.colcon_core.package_identification:_identify(install) by extension 'ignore'
[0.155s] Level 1:colcon.colcon_core.package_identification:_identify(install) ignored
[0.155s] Level 1:colcon.colcon_core.package_identification:_identify(log) by extensions ['ignore', 'ignore_ament_install']
[0.155s] Level 1:colcon.colcon_core.package_identification:_identify(log) by extension 'ignore'
[0.155s] Level 1:colcon.colcon_core.package_identification:_identify(log) ignored
[0.155s] Level 1:colcon.colcon_core.package_identification:_identify(src) by extensions ['ignore', 'ignore_ament_install']
[0.155s] Level 1:colcon.colcon_core.package_identification:_identify(src) by extension 'ignore'
[0.155s] Level 1:colcon.colcon_core.package_identification:_identify(src) by extension 'ignore_ament_install'
[0.155s] Level 1:colcon.colcon_core.package_identification:_identify(src) by extensions ['colcon_pkg']
[0.155s] Level 1:colcon.colcon_core.package_identification:_identify(src) by extension 'colcon_pkg'
[0.155s] Level 1:colcon.colcon_core.package_identification:_identify(src) by extensions ['colcon_meta']
[0.155s] Level 1:colcon.colcon_core.package_identification:_identify(src) by extension 'colcon_meta'
[0.156s] Level 1:colcon.colcon_core.package_identification:_identify(src) by extensions ['ros']
[0.156s] Level 1:colcon.colcon_core.package_identification:_identify(src) by extension 'ros'
[0.156s] Level 1:colcon.colcon_core.package_identification:_identify(src) by extensions ['cmake', 'python']
[0.156s] Level 1:colcon.colcon_core.package_identification:_identify(src) by extension 'cmake'
[0.156s] Level 1:colcon.colcon_core.package_identification:_identify(src) by extension 'python'
[0.156s] Level 1:colcon.colcon_core.package_identification:_identify(src) by extensions ['python_setup_py']
[0.156s] Level 1:colcon.colcon_core.package_identification:_identify(src) by extension 'python_setup_py'
[0.156s] Level 1:colcon.colcon_core.package_identification:_identify(src/floorCleaningRobot_ws) by extensions ['ignore', 'ignore_ament_install']
[0.156s] Level 1:colcon.colcon_core.package_identification:_identify(src/floorCleaningRobot_ws) by extension 'ignore'
[0.156s] Level 1:colcon.colcon_core.package_identification:_identify(src/floorCleaningRobot_ws) by extension 'ignore_ament_install'
[0.156s] Level 1:colcon.colcon_core.package_identification:_identify(src/floorCleaningRobot_ws) by extensions ['colcon_pkg']
[0.156s] Level 1:colcon.colcon_core.package_identification:_identify(src/floorCleaningRobot_ws) by extension 'colcon_pkg'
[0.156s] Level 1:colcon.colcon_core.package_identification:_identify(src/floorCleaningRobot_ws) by extensions ['colcon_meta']
[0.156s] Level 1:colcon.colcon_core.package_identification:_identify(src/floorCleaningRobot_ws) by extension 'colcon_meta'
[0.156s] Level 1:colcon.colcon_core.package_identification:_identify(src/floorCleaningRobot_ws) by extensions ['ros']
[0.156s] Level 1:colcon.colcon_core.package_identification:_identify(src/floorCleaningRobot_ws) by extension 'ros'
[0.156s] Level 1:colcon.colcon_core.package_identification:_identify(src/floorCleaningRobot_ws) by extensions ['cmake', 'python']
[0.156s] Level 1:colcon.colcon_core.package_identification:_identify(src/floorCleaningRobot_ws) by extension 'cmake'
[0.156s] Level 1:colcon.colcon_core.package_identification:_identify(src/floorCleaningRobot_ws) by extension 'python'
[0.156s] Level 1:colcon.colcon_core.package_identification:_identify(src/floorCleaningRobot_ws) by extensions ['python_setup_py']
[0.156s] Level 1:colcon.colcon_core.package_identification:_identify(src/floorCleaningRobot_ws) by extension 'python_setup_py'
[0.156s] Level 1:colcon.colcon_core.package_identification:_identify(src/floorCleaningRobot_ws/build) by extensions ['ignore', 'ignore_ament_install']
[0.156s] Level 1:colcon.colcon_core.package_identification:_identify(src/floorCleaningRobot_ws/build) by extension 'ignore'
[0.156s] Level 1:colcon.colcon_core.package_identification:_identify(src/floorCleaningRobot_ws/build) ignored
[0.156s] Level 1:colcon.colcon_core.package_identification:_identify(src/floorCleaningRobot_ws/install) by extensions ['ignore', 'ignore_ament_install']
[0.156s] Level 1:colcon.colcon_core.package_identification:_identify(src/floorCleaningRobot_ws/install) by extension 'ignore'
[0.156s] Level 1:colcon.colcon_core.package_identification:_identify(src/floorCleaningRobot_ws/install) ignored
[0.156s] Level 1:colcon.colcon_core.package_identification:_identify(src/floorCleaningRobot_ws/log) by extensions ['ignore', 'ignore_ament_install']
[0.156s] Level 1:colcon.colcon_core.package_identification:_identify(src/floorCleaningRobot_ws/log) by extension 'ignore'
[0.156s] Level 1:colcon.colcon_core.package_identification:_identify(src/floorCleaningRobot_ws/log) ignored
[0.157s] Level 1:colcon.colcon_core.package_identification:_identify(src/floorCleaningRobot_ws/robot_startup) by extensions ['ignore', 'ignore_ament_install']
[0.157s] Level 1:colcon.colcon_core.package_identification:_identify(src/floorCleaningRobot_ws/robot_startup) by extension 'ignore'
[0.157s] Level 1:colcon.colcon_core.package_identification:_identify(src/floorCleaningRobot_ws/robot_startup) by extension 'ignore_ament_install'
[0.157s] Level 1:colcon.colcon_core.package_identification:_identify(src/floorCleaningRobot_ws/robot_startup) by extensions ['colcon_pkg']
[0.157s] Level 1:colcon.colcon_core.package_identification:_identify(src/floorCleaningRobot_ws/robot_startup) by extension 'colcon_pkg'
[0.157s] Level 1:colcon.colcon_core.package_identification:_identify(src/floorCleaningRobot_ws/robot_startup) by extensions ['colcon_meta']
[0.157s] Level 1:colcon.colcon_core.package_identification:_identify(src/floorCleaningRobot_ws/robot_startup) by extension 'colcon_meta'
[0.157s] Level 1:colcon.colcon_core.package_identification:_identify(src/floorCleaningRobot_ws/robot_startup) by extensions ['ros']
[0.157s] Level 1:colcon.colcon_core.package_identification:_identify(src/floorCleaningRobot_ws/robot_startup) by extension 'ros'
[0.157s] Level 1:colcon.colcon_core.package_identification:_identify(src/floorCleaningRobot_ws/robot_startup) by extensions ['cmake', 'python']
[0.157s] Level 1:colcon.colcon_core.package_identification:_identify(src/floorCleaningRobot_ws/robot_startup) by extension 'cmake'
[0.157s] Level 1:colcon.colcon_core.package_identification:_identify(src/floorCleaningRobot_ws/robot_startup) by extension 'python'
[0.157s] Level 1:colcon.colcon_core.package_identification:_identify(src/floorCleaningRobot_ws/robot_startup) by extensions ['python_setup_py']
[0.157s] Level 1:colcon.colcon_core.package_identification:_identify(src/floorCleaningRobot_ws/robot_startup) by extension 'python_setup_py'
[0.157s] Level 1:colcon.colcon_core.package_identification:_identify(src/floorCleaningRobot_ws/src) by extensions ['ignore', 'ignore_ament_install']
[0.157s] Level 1:colcon.colcon_core.package_identification:_identify(src/floorCleaningRobot_ws/src) by extension 'ignore'
[0.158s] Level 1:colcon.colcon_core.package_identification:_identify(src/floorCleaningRobot_ws/src) by extension 'ignore_ament_install'
[0.158s] Level 1:colcon.colcon_core.package_identification:_identify(src/floorCleaningRobot_ws/src) by extensions ['colcon_pkg']
[0.158s] Level 1:colcon.colcon_core.package_identification:_identify(src/floorCleaningRobot_ws/src) by extension 'colcon_pkg'
[0.158s] Level 1:colcon.colcon_core.package_identification:_identify(src/floorCleaningRobot_ws/src) by extensions ['colcon_meta']
[0.158s] Level 1:colcon.colcon_core.package_identification:_identify(src/floorCleaningRobot_ws/src) by extension 'colcon_meta'
[0.158s] Level 1:colcon.colcon_core.package_identification:_identify(src/floorCleaningRobot_ws/src) by extensions ['ros']
[0.158s] Level 1:colcon.colcon_core.package_identification:_identify(src/floorCleaningRobot_ws/src) by extension 'ros'
[0.158s] Level 1:colcon.colcon_core.package_identification:_identify(src/floorCleaningRobot_ws/src) by extensions ['cmake', 'python']
[0.158s] Level 1:colcon.colcon_core.package_identification:_identify(src/floorCleaningRobot_ws/src) by extension 'cmake'
[0.158s] Level 1:colcon.colcon_core.package_identification:_identify(src/floorCleaningRobot_ws/src) by extension 'python'
[0.158s] Level 1:colcon.colcon_core.package_identification:_identify(src/floorCleaningRobot_ws/src) by extensions ['python_setup_py']
[0.158s] Level 1:colcon.colcon_core.package_identification:_identify(src/floorCleaningRobot_ws/src) by extension 'python_setup_py'
[0.158s] Level 1:colcon.colcon_core.package_identification:_identify(src/floorCleaningRobot_ws/src/Fields2Cover) by extensions ['ignore', 'ignore_ament_install']
[0.158s] Level 1:colcon.colcon_core.package_identification:_identify(src/floorCleaningRobot_ws/src/Fields2Cover) by extension 'ignore'
[0.158s] Level 1:colcon.colcon_core.package_identification:_identify(src/floorCleaningRobot_ws/src/Fields2Cover) by extension 'ignore_ament_install'
[0.158s] Level 1:colcon.colcon_core.package_identification:_identify(src/floorCleaningRobot_ws/src/Fields2Cover) by extensions ['colcon_pkg']
[0.158s] Level 1:colcon.colcon_core.package_identification:_identify(src/floorCleaningRobot_ws/src/Fields2Cover) by extension 'colcon_pkg'
[0.158s] Level 1:colcon.colcon_core.package_identification:_identify(src/floorCleaningRobot_ws/src/Fields2Cover) by extensions ['colcon_meta']
[0.158s] Level 1:colcon.colcon_core.package_identification:_identify(src/floorCleaningRobot_ws/src/Fields2Cover) by extension 'colcon_meta'
[0.158s] Level 1:colcon.colcon_core.package_identification:_identify(src/floorCleaningRobot_ws/src/Fields2Cover) by extensions ['ros']
[0.158s] Level 1:colcon.colcon_core.package_identification:_identify(src/floorCleaningRobot_ws/src/Fields2Cover) by extension 'ros'
[0.161s] DEBUG:colcon.colcon_core.package_identification:Package 'src/floorCleaningRobot_ws/src/Fields2Cover' with type 'ros.cmake' and name 'fields2cover'
[0.161s] Level 1:colcon.colcon_core.package_identification:_identify(src/floorCleaningRobot_ws/src/higher_layer_mvibot) by extensions ['ignore', 'ignore_ament_install']
[0.161s] Level 1:colcon.colcon_core.package_identification:_identify(src/floorCleaningRobot_ws/src/higher_layer_mvibot) by extension 'ignore'
[0.161s] Level 1:colcon.colcon_core.package_identification:_identify(src/floorCleaningRobot_ws/src/higher_layer_mvibot) by extension 'ignore_ament_install'
[0.161s] Level 1:colcon.colcon_core.package_identification:_identify(src/floorCleaningRobot_ws/src/higher_layer_mvibot) by extensions ['colcon_pkg']
[0.161s] Level 1:colcon.colcon_core.package_identification:_identify(src/floorCleaningRobot_ws/src/higher_layer_mvibot) by extension 'colcon_pkg'
[0.161s] Level 1:colcon.colcon_core.package_identification:_identify(src/floorCleaningRobot_ws/src/higher_layer_mvibot) by extensions ['colcon_meta']
[0.161s] Level 1:colcon.colcon_core.package_identification:_identify(src/floorCleaningRobot_ws/src/higher_layer_mvibot) by extension 'colcon_meta'
[0.161s] Level 1:colcon.colcon_core.package_identification:_identify(src/floorCleaningRobot_ws/src/higher_layer_mvibot) by extensions ['ros']
[0.161s] Level 1:colcon.colcon_core.package_identification:_identify(src/floorCleaningRobot_ws/src/higher_layer_mvibot) by extension 'ros'
[0.161s] DEBUG:colcon.colcon_core.package_identification:Package 'src/floorCleaningRobot_ws/src/higher_layer_mvibot' with type 'ros.ament_cmake' and name 'higher_layer_mvibot'
[0.162s] Level 1:colcon.colcon_core.package_identification:_identify(src/floorCleaningRobot_ws/src/ira_laser_tools) by extensions ['ignore', 'ignore_ament_install']
[0.162s] Level 1:colcon.colcon_core.package_identification:_identify(src/floorCleaningRobot_ws/src/ira_laser_tools) by extension 'ignore'
[0.162s] Level 1:colcon.colcon_core.package_identification:_identify(src/floorCleaningRobot_ws/src/ira_laser_tools) by extension 'ignore_ament_install'
[0.162s] Level 1:colcon.colcon_core.package_identification:_identify(src/floorCleaningRobot_ws/src/ira_laser_tools) by extensions ['colcon_pkg']
[0.162s] Level 1:colcon.colcon_core.package_identification:_identify(src/floorCleaningRobot_ws/src/ira_laser_tools) by extension 'colcon_pkg'
[0.162s] Level 1:colcon.colcon_core.package_identification:_identify(src/floorCleaningRobot_ws/src/ira_laser_tools) by extensions ['colcon_meta']
[0.162s] Level 1:colcon.colcon_core.package_identification:_identify(src/floorCleaningRobot_ws/src/ira_laser_tools) by extension 'colcon_meta'
[0.162s] Level 1:colcon.colcon_core.package_identification:_identify(src/floorCleaningRobot_ws/src/ira_laser_tools) by extensions ['ros']
[0.162s] Level 1:colcon.colcon_core.package_identification:_identify(src/floorCleaningRobot_ws/src/ira_laser_tools) by extension 'ros'
[0.163s] DEBUG:colcon.colcon_core.package_identification:Package 'src/floorCleaningRobot_ws/src/ira_laser_tools' with type 'ros.ament_cmake' and name 'ira_laser_tools'
[0.163s] Level 1:colcon.colcon_core.package_identification:_identify(src/floorCleaningRobot_ws/src/lower_layer_mvibot) by extensions ['ignore', 'ignore_ament_install']
[0.163s] Level 1:colcon.colcon_core.package_identification:_identify(src/floorCleaningRobot_ws/src/lower_layer_mvibot) by extension 'ignore'
[0.163s] Level 1:colcon.colcon_core.package_identification:_identify(src/floorCleaningRobot_ws/src/lower_layer_mvibot) by extension 'ignore_ament_install'
[0.163s] Level 1:colcon.colcon_core.package_identification:_identify(src/floorCleaningRobot_ws/src/lower_layer_mvibot) by extensions ['colcon_pkg']
[0.163s] Level 1:colcon.colcon_core.package_identification:_identify(src/floorCleaningRobot_ws/src/lower_layer_mvibot) by extension 'colcon_pkg'
[0.163s] Level 1:colcon.colcon_core.package_identification:_identify(src/floorCleaningRobot_ws/src/lower_layer_mvibot) by extensions ['colcon_meta']
[0.163s] Level 1:colcon.colcon_core.package_identification:_identify(src/floorCleaningRobot_ws/src/lower_layer_mvibot) by extension 'colcon_meta'
[0.163s] Level 1:colcon.colcon_core.package_identification:_identify(src/floorCleaningRobot_ws/src/lower_layer_mvibot) by extensions ['ros']
[0.163s] Level 1:colcon.colcon_core.package_identification:_identify(src/floorCleaningRobot_ws/src/lower_layer_mvibot) by extension 'ros'
[0.163s] DEBUG:colcon.colcon_core.package_identification:Package 'src/floorCleaningRobot_ws/src/lower_layer_mvibot' with type 'ros.ament_cmake' and name 'lower_layer_mvibot'
[0.163s] Level 1:colcon.colcon_core.package_identification:_identify(src/floorCleaningRobot_ws/src/mission_layer_mvibot) by extensions ['ignore', 'ignore_ament_install']
[0.163s] Level 1:colcon.colcon_core.package_identification:_identify(src/floorCleaningRobot_ws/src/mission_layer_mvibot) by extension 'ignore'
[0.163s] Level 1:colcon.colcon_core.package_identification:_identify(src/floorCleaningRobot_ws/src/mission_layer_mvibot) by extension 'ignore_ament_install'
[0.163s] Level 1:colcon.colcon_core.package_identification:_identify(src/floorCleaningRobot_ws/src/mission_layer_mvibot) by extensions ['colcon_pkg']
[0.163s] Level 1:colcon.colcon_core.package_identification:_identify(src/floorCleaningRobot_ws/src/mission_layer_mvibot) by extension 'colcon_pkg'
[0.164s] Level 1:colcon.colcon_core.package_identification:_identify(src/floorCleaningRobot_ws/src/mission_layer_mvibot) by extensions ['colcon_meta']
[0.164s] Level 1:colcon.colcon_core.package_identification:_identify(src/floorCleaningRobot_ws/src/mission_layer_mvibot) by extension 'colcon_meta'
[0.164s] Level 1:colcon.colcon_core.package_identification:_identify(src/floorCleaningRobot_ws/src/mission_layer_mvibot) by extensions ['ros']
[0.164s] Level 1:colcon.colcon_core.package_identification:_identify(src/floorCleaningRobot_ws/src/mission_layer_mvibot) by extension 'ros'
[0.164s] DEBUG:colcon.colcon_core.package_identification:Package 'src/floorCleaningRobot_ws/src/mission_layer_mvibot' with type 'ros.ament_cmake' and name 'mission_layer_mvibot'
[0.164s] Level 1:colcon.colcon_core.package_identification:_identify(src/floorCleaningRobot_ws/src/opennav_coverage) by extensions ['ignore', 'ignore_ament_install']
[0.164s] Level 1:colcon.colcon_core.package_identification:_identify(src/floorCleaningRobot_ws/src/opennav_coverage) by extension 'ignore'
[0.164s] Level 1:colcon.colcon_core.package_identification:_identify(src/floorCleaningRobot_ws/src/opennav_coverage) by extension 'ignore_ament_install'
[0.164s] Level 1:colcon.colcon_core.package_identification:_identify(src/floorCleaningRobot_ws/src/opennav_coverage) by extensions ['colcon_pkg']
[0.164s] Level 1:colcon.colcon_core.package_identification:_identify(src/floorCleaningRobot_ws/src/opennav_coverage) by extension 'colcon_pkg'
[0.164s] Level 1:colcon.colcon_core.package_identification:_identify(src/floorCleaningRobot_ws/src/opennav_coverage) by extensions ['colcon_meta']
[0.164s] Level 1:colcon.colcon_core.package_identification:_identify(src/floorCleaningRobot_ws/src/opennav_coverage) by extension 'colcon_meta'
[0.164s] Level 1:colcon.colcon_core.package_identification:_identify(src/floorCleaningRobot_ws/src/opennav_coverage) by extensions ['ros']
[0.164s] Level 1:colcon.colcon_core.package_identification:_identify(src/floorCleaningRobot_ws/src/opennav_coverage) by extension 'ros'
[0.164s] Level 1:colcon.colcon_core.package_identification:_identify(src/floorCleaningRobot_ws/src/opennav_coverage) by extensions ['cmake', 'python']
[0.164s] Level 1:colcon.colcon_core.package_identification:_identify(src/floorCleaningRobot_ws/src/opennav_coverage) by extension 'cmake'
[0.164s] Level 1:colcon.colcon_core.package_identification:_identify(src/floorCleaningRobot_ws/src/opennav_coverage) by extension 'python'
[0.164s] Level 1:colcon.colcon_core.package_identification:_identify(src/floorCleaningRobot_ws/src/opennav_coverage) by extensions ['python_setup_py']
[0.164s] Level 1:colcon.colcon_core.package_identification:_identify(src/floorCleaningRobot_ws/src/opennav_coverage) by extension 'python_setup_py'
[0.165s] Level 1:colcon.colcon_core.package_identification:_identify(src/floorCleaningRobot_ws/src/opennav_coverage/opennav_coverage) by extensions ['ignore', 'ignore_ament_install']
[0.165s] Level 1:colcon.colcon_core.package_identification:_identify(src/floorCleaningRobot_ws/src/opennav_coverage/opennav_coverage) by extension 'ignore'
[0.165s] Level 1:colcon.colcon_core.package_identification:_identify(src/floorCleaningRobot_ws/src/opennav_coverage/opennav_coverage) by extension 'ignore_ament_install'
[0.165s] Level 1:colcon.colcon_core.package_identification:_identify(src/floorCleaningRobot_ws/src/opennav_coverage/opennav_coverage) by extensions ['colcon_pkg']
[0.165s] Level 1:colcon.colcon_core.package_identification:_identify(src/floorCleaningRobot_ws/src/opennav_coverage/opennav_coverage) by extension 'colcon_pkg'
[0.165s] Level 1:colcon.colcon_core.package_identification:_identify(src/floorCleaningRobot_ws/src/opennav_coverage/opennav_coverage) by extensions ['colcon_meta']
[0.165s] Level 1:colcon.colcon_core.package_identification:_identify(src/floorCleaningRobot_ws/src/opennav_coverage/opennav_coverage) by extension 'colcon_meta'
[0.165s] Level 1:colcon.colcon_core.package_identification:_identify(src/floorCleaningRobot_ws/src/opennav_coverage/opennav_coverage) by extensions ['ros']
[0.165s] Level 1:colcon.colcon_core.package_identification:_identify(src/floorCleaningRobot_ws/src/opennav_coverage/opennav_coverage) by extension 'ros'
[0.165s] DEBUG:colcon.colcon_core.package_identification:Package 'src/floorCleaningRobot_ws/src/opennav_coverage/opennav_coverage' with type 'ros.ament_cmake' and name 'opennav_coverage'
[0.166s] Level 1:colcon.colcon_core.package_identification:_identify(src/floorCleaningRobot_ws/src/opennav_coverage/opennav_coverage_bt) by extensions ['ignore', 'ignore_ament_install']
[0.166s] Level 1:colcon.colcon_core.package_identification:_identify(src/floorCleaningRobot_ws/src/opennav_coverage/opennav_coverage_bt) by extension 'ignore'
[0.166s] Level 1:colcon.colcon_core.package_identification:_identify(src/floorCleaningRobot_ws/src/opennav_coverage/opennav_coverage_bt) by extension 'ignore_ament_install'
[0.166s] Level 1:colcon.colcon_core.package_identification:_identify(src/floorCleaningRobot_ws/src/opennav_coverage/opennav_coverage_bt) by extensions ['colcon_pkg']
[0.166s] Level 1:colcon.colcon_core.package_identification:_identify(src/floorCleaningRobot_ws/src/opennav_coverage/opennav_coverage_bt) by extension 'colcon_pkg'
[0.166s] Level 1:colcon.colcon_core.package_identification:_identify(src/floorCleaningRobot_ws/src/opennav_coverage/opennav_coverage_bt) by extensions ['colcon_meta']
[0.166s] Level 1:colcon.colcon_core.package_identification:_identify(src/floorCleaningRobot_ws/src/opennav_coverage/opennav_coverage_bt) by extension 'colcon_meta'
[0.166s] Level 1:colcon.colcon_core.package_identification:_identify(src/floorCleaningRobot_ws/src/opennav_coverage/opennav_coverage_bt) by extensions ['ros']
[0.166s] Level 1:colcon.colcon_core.package_identification:_identify(src/floorCleaningRobot_ws/src/opennav_coverage/opennav_coverage_bt) by extension 'ros'
[0.166s] DEBUG:colcon.colcon_core.package_identification:Package 'src/floorCleaningRobot_ws/src/opennav_coverage/opennav_coverage_bt' with type 'ros.ament_cmake' and name 'opennav_coverage_bt'
[0.166s] Level 1:colcon.colcon_core.package_identification:_identify(src/floorCleaningRobot_ws/src/opennav_coverage/opennav_coverage_demo) by extensions ['ignore', 'ignore_ament_install']
[0.166s] Level 1:colcon.colcon_core.package_identification:_identify(src/floorCleaningRobot_ws/src/opennav_coverage/opennav_coverage_demo) by extension 'ignore'
[0.167s] Level 1:colcon.colcon_core.package_identification:_identify(src/floorCleaningRobot_ws/src/opennav_coverage/opennav_coverage_demo) by extension 'ignore_ament_install'
[0.167s] Level 1:colcon.colcon_core.package_identification:_identify(src/floorCleaningRobot_ws/src/opennav_coverage/opennav_coverage_demo) by extensions ['colcon_pkg']
[0.167s] Level 1:colcon.colcon_core.package_identification:_identify(src/floorCleaningRobot_ws/src/opennav_coverage/opennav_coverage_demo) by extension 'colcon_pkg'
[0.167s] Level 1:colcon.colcon_core.package_identification:_identify(src/floorCleaningRobot_ws/src/opennav_coverage/opennav_coverage_demo) by extensions ['colcon_meta']
[0.167s] Level 1:colcon.colcon_core.package_identification:_identify(src/floorCleaningRobot_ws/src/opennav_coverage/opennav_coverage_demo) by extension 'colcon_meta'
[0.167s] Level 1:colcon.colcon_core.package_identification:_identify(src/floorCleaningRobot_ws/src/opennav_coverage/opennav_coverage_demo) by extensions ['ros']
[0.167s] Level 1:colcon.colcon_core.package_identification:_identify(src/floorCleaningRobot_ws/src/opennav_coverage/opennav_coverage_demo) by extension 'ros'
[0.167s] DEBUG:colcon.colcon_core.package_identification:Package 'src/floorCleaningRobot_ws/src/opennav_coverage/opennav_coverage_demo' with type 'ros.ament_python' and name 'opennav_coverage_demo'
[0.167s] Level 1:colcon.colcon_core.package_identification:_identify(src/floorCleaningRobot_ws/src/opennav_coverage/opennav_coverage_msgs) by extensions ['ignore', 'ignore_ament_install']
[0.167s] Level 1:colcon.colcon_core.package_identification:_identify(src/floorCleaningRobot_ws/src/opennav_coverage/opennav_coverage_msgs) by extension 'ignore'
[0.167s] Level 1:colcon.colcon_core.package_identification:_identify(src/floorCleaningRobot_ws/src/opennav_coverage/opennav_coverage_msgs) by extension 'ignore_ament_install'
[0.167s] Level 1:colcon.colcon_core.package_identification:_identify(src/floorCleaningRobot_ws/src/opennav_coverage/opennav_coverage_msgs) by extensions ['colcon_pkg']
[0.167s] Level 1:colcon.colcon_core.package_identification:_identify(src/floorCleaningRobot_ws/src/opennav_coverage/opennav_coverage_msgs) by extension 'colcon_pkg'
[0.167s] Level 1:colcon.colcon_core.package_identification:_identify(src/floorCleaningRobot_ws/src/opennav_coverage/opennav_coverage_msgs) by extensions ['colcon_meta']
[0.167s] Level 1:colcon.colcon_core.package_identification:_identify(src/floorCleaningRobot_ws/src/opennav_coverage/opennav_coverage_msgs) by extension 'colcon_meta'
[0.167s] Level 1:colcon.colcon_core.package_identification:_identify(src/floorCleaningRobot_ws/src/opennav_coverage/opennav_coverage_msgs) by extensions ['ros']
[0.167s] Level 1:colcon.colcon_core.package_identification:_identify(src/floorCleaningRobot_ws/src/opennav_coverage/opennav_coverage_msgs) by extension 'ros'
[0.168s] DEBUG:colcon.colcon_core.package_identification:Package 'src/floorCleaningRobot_ws/src/opennav_coverage/opennav_coverage_msgs' with type 'ros.ament_cmake' and name 'opennav_coverage_msgs'
[0.168s] Level 1:colcon.colcon_core.package_identification:_identify(src/floorCleaningRobot_ws/src/opennav_coverage/opennav_coverage_navigator) by extensions ['ignore', 'ignore_ament_install']
[0.168s] Level 1:colcon.colcon_core.package_identification:_identify(src/floorCleaningRobot_ws/src/opennav_coverage/opennav_coverage_navigator) by extension 'ignore'
[0.168s] Level 1:colcon.colcon_core.package_identification:_identify(src/floorCleaningRobot_ws/src/opennav_coverage/opennav_coverage_navigator) by extension 'ignore_ament_install'
[0.168s] Level 1:colcon.colcon_core.package_identification:_identify(src/floorCleaningRobot_ws/src/opennav_coverage/opennav_coverage_navigator) by extensions ['colcon_pkg']
[0.168s] Level 1:colcon.colcon_core.package_identification:_identify(src/floorCleaningRobot_ws/src/opennav_coverage/opennav_coverage_navigator) by extension 'colcon_pkg'
[0.168s] Level 1:colcon.colcon_core.package_identification:_identify(src/floorCleaningRobot_ws/src/opennav_coverage/opennav_coverage_navigator) by extensions ['colcon_meta']
[0.168s] Level 1:colcon.colcon_core.package_identification:_identify(src/floorCleaningRobot_ws/src/opennav_coverage/opennav_coverage_navigator) by extension 'colcon_meta'
[0.168s] Level 1:colcon.colcon_core.package_identification:_identify(src/floorCleaningRobot_ws/src/opennav_coverage/opennav_coverage_navigator) by extensions ['ros']
[0.168s] Level 1:colcon.colcon_core.package_identification:_identify(src/floorCleaningRobot_ws/src/opennav_coverage/opennav_coverage_navigator) by extension 'ros'
[0.169s] DEBUG:colcon.colcon_core.package_identification:Package 'src/floorCleaningRobot_ws/src/opennav_coverage/opennav_coverage_navigator' with type 'ros.ament_cmake' and name 'opennav_coverage_navigator'
[0.169s] Level 1:colcon.colcon_core.package_identification:_identify(src/floorCleaningRobot_ws/src/opennav_coverage/opennav_row_coverage) by extensions ['ignore', 'ignore_ament_install']
[0.169s] Level 1:colcon.colcon_core.package_identification:_identify(src/floorCleaningRobot_ws/src/opennav_coverage/opennav_row_coverage) by extension 'ignore'
[0.169s] Level 1:colcon.colcon_core.package_identification:_identify(src/floorCleaningRobot_ws/src/opennav_coverage/opennav_row_coverage) by extension 'ignore_ament_install'
[0.169s] Level 1:colcon.colcon_core.package_identification:_identify(src/floorCleaningRobot_ws/src/opennav_coverage/opennav_row_coverage) by extensions ['colcon_pkg']
[0.169s] Level 1:colcon.colcon_core.package_identification:_identify(src/floorCleaningRobot_ws/src/opennav_coverage/opennav_row_coverage) by extension 'colcon_pkg'
[0.169s] Level 1:colcon.colcon_core.package_identification:_identify(src/floorCleaningRobot_ws/src/opennav_coverage/opennav_row_coverage) by extensions ['colcon_meta']
[0.169s] Level 1:colcon.colcon_core.package_identification:_identify(src/floorCleaningRobot_ws/src/opennav_coverage/opennav_row_coverage) by extension 'colcon_meta'
[0.169s] Level 1:colcon.colcon_core.package_identification:_identify(src/floorCleaningRobot_ws/src/opennav_coverage/opennav_row_coverage) by extensions ['ros']
[0.169s] Level 1:colcon.colcon_core.package_identification:_identify(src/floorCleaningRobot_ws/src/opennav_coverage/opennav_row_coverage) by extension 'ros'
[0.170s] DEBUG:colcon.colcon_core.package_identification:Package 'src/floorCleaningRobot_ws/src/opennav_coverage/opennav_row_coverage' with type 'ros.ament_cmake' and name 'opennav_row_coverage'
[0.170s] Level 1:colcon.colcon_core.package_identification:_identify(src/floorCleaningRobot_ws/src/pointcloud_to_laserscan) by extensions ['ignore', 'ignore_ament_install']
[0.170s] Level 1:colcon.colcon_core.package_identification:_identify(src/floorCleaningRobot_ws/src/pointcloud_to_laserscan) by extension 'ignore'
[0.170s] Level 1:colcon.colcon_core.package_identification:_identify(src/floorCleaningRobot_ws/src/pointcloud_to_laserscan) by extension 'ignore_ament_install'
[0.170s] Level 1:colcon.colcon_core.package_identification:_identify(src/floorCleaningRobot_ws/src/pointcloud_to_laserscan) by extensions ['colcon_pkg']
[0.170s] Level 1:colcon.colcon_core.package_identification:_identify(src/floorCleaningRobot_ws/src/pointcloud_to_laserscan) by extension 'colcon_pkg'
[0.170s] Level 1:colcon.colcon_core.package_identification:_identify(src/floorCleaningRobot_ws/src/pointcloud_to_laserscan) by extensions ['colcon_meta']
[0.170s] Level 1:colcon.colcon_core.package_identification:_identify(src/floorCleaningRobot_ws/src/pointcloud_to_laserscan) by extension 'colcon_meta'
[0.170s] Level 1:colcon.colcon_core.package_identification:_identify(src/floorCleaningRobot_ws/src/pointcloud_to_laserscan) by extensions ['ros']
[0.170s] Level 1:colcon.colcon_core.package_identification:_identify(src/floorCleaningRobot_ws/src/pointcloud_to_laserscan) by extension 'ros'
[0.171s] DEBUG:colcon.colcon_core.package_identification:Package 'src/floorCleaningRobot_ws/src/pointcloud_to_laserscan' with type 'ros.ament_cmake' and name 'pointcloud_to_laserscan'
[0.171s] Level 1:colcon.colcon_core.package_identification:_identify(src/floorCleaningRobot_ws/src/realsense-ros) by extensions ['ignore', 'ignore_ament_install']
[0.171s] Level 1:colcon.colcon_core.package_identification:_identify(src/floorCleaningRobot_ws/src/realsense-ros) by extension 'ignore'
[0.171s] Level 1:colcon.colcon_core.package_identification:_identify(src/floorCleaningRobot_ws/src/realsense-ros) by extension 'ignore_ament_install'
[0.171s] Level 1:colcon.colcon_core.package_identification:_identify(src/floorCleaningRobot_ws/src/realsense-ros) by extensions ['colcon_pkg']
[0.171s] Level 1:colcon.colcon_core.package_identification:_identify(src/floorCleaningRobot_ws/src/realsense-ros) by extension 'colcon_pkg'
[0.171s] Level 1:colcon.colcon_core.package_identification:_identify(src/floorCleaningRobot_ws/src/realsense-ros) by extensions ['colcon_meta']
[0.171s] Level 1:colcon.colcon_core.package_identification:_identify(src/floorCleaningRobot_ws/src/realsense-ros) by extension 'colcon_meta'
[0.171s] Level 1:colcon.colcon_core.package_identification:_identify(src/floorCleaningRobot_ws/src/realsense-ros) by extensions ['ros']
[0.171s] Level 1:colcon.colcon_core.package_identification:_identify(src/floorCleaningRobot_ws/src/realsense-ros) by extension 'ros'
[0.171s] Level 1:colcon.colcon_core.package_identification:_identify(src/floorCleaningRobot_ws/src/realsense-ros) by extensions ['cmake', 'python']
[0.171s] Level 1:colcon.colcon_core.package_identification:_identify(src/floorCleaningRobot_ws/src/realsense-ros) by extension 'cmake'
[0.171s] Level 1:colcon.colcon_core.package_identification:_identify(src/floorCleaningRobot_ws/src/realsense-ros) by extension 'python'
[0.171s] Level 1:colcon.colcon_core.package_identification:_identify(src/floorCleaningRobot_ws/src/realsense-ros) by extensions ['python_setup_py']
[0.171s] Level 1:colcon.colcon_core.package_identification:_identify(src/floorCleaningRobot_ws/src/realsense-ros) by extension 'python_setup_py'
[0.171s] Level 1:colcon.colcon_core.package_identification:_identify(src/floorCleaningRobot_ws/src/realsense-ros/realsense2_camera) by extensions ['ignore', 'ignore_ament_install']
[0.171s] Level 1:colcon.colcon_core.package_identification:_identify(src/floorCleaningRobot_ws/src/realsense-ros/realsense2_camera) by extension 'ignore'
[0.171s] Level 1:colcon.colcon_core.package_identification:_identify(src/floorCleaningRobot_ws/src/realsense-ros/realsense2_camera) by extension 'ignore_ament_install'
[0.171s] Level 1:colcon.colcon_core.package_identification:_identify(src/floorCleaningRobot_ws/src/realsense-ros/realsense2_camera) by extensions ['colcon_pkg']
[0.171s] Level 1:colcon.colcon_core.package_identification:_identify(src/floorCleaningRobot_ws/src/realsense-ros/realsense2_camera) by extension 'colcon_pkg'
[0.171s] Level 1:colcon.colcon_core.package_identification:_identify(src/floorCleaningRobot_ws/src/realsense-ros/realsense2_camera) by extensions ['colcon_meta']
[0.171s] Level 1:colcon.colcon_core.package_identification:_identify(src/floorCleaningRobot_ws/src/realsense-ros/realsense2_camera) by extension 'colcon_meta'
[0.171s] Level 1:colcon.colcon_core.package_identification:_identify(src/floorCleaningRobot_ws/src/realsense-ros/realsense2_camera) by extensions ['ros']
[0.171s] Level 1:colcon.colcon_core.package_identification:_identify(src/floorCleaningRobot_ws/src/realsense-ros/realsense2_camera) by extension 'ros'
[0.176s] DEBUG:colcon.colcon_core.package_identification:Package 'src/floorCleaningRobot_ws/src/realsense-ros/realsense2_camera' with type 'ros.ament_cmake' and name 'realsense2_camera'
[0.176s] Level 1:colcon.colcon_core.package_identification:_identify(src/floorCleaningRobot_ws/src/realsense-ros/realsense2_camera_msgs) by extensions ['ignore', 'ignore_ament_install']
[0.176s] Level 1:colcon.colcon_core.package_identification:_identify(src/floorCleaningRobot_ws/src/realsense-ros/realsense2_camera_msgs) by extension 'ignore'
[0.176s] Level 1:colcon.colcon_core.package_identification:_identify(src/floorCleaningRobot_ws/src/realsense-ros/realsense2_camera_msgs) by extension 'ignore_ament_install'
[0.176s] Level 1:colcon.colcon_core.package_identification:_identify(src/floorCleaningRobot_ws/src/realsense-ros/realsense2_camera_msgs) by extensions ['colcon_pkg']
[0.176s] Level 1:colcon.colcon_core.package_identification:_identify(src/floorCleaningRobot_ws/src/realsense-ros/realsense2_camera_msgs) by extension 'colcon_pkg'
[0.176s] Level 1:colcon.colcon_core.package_identification:_identify(src/floorCleaningRobot_ws/src/realsense-ros/realsense2_camera_msgs) by extensions ['colcon_meta']
[0.176s] Level 1:colcon.colcon_core.package_identification:_identify(src/floorCleaningRobot_ws/src/realsense-ros/realsense2_camera_msgs) by extension 'colcon_meta'
[0.176s] Level 1:colcon.colcon_core.package_identification:_identify(src/floorCleaningRobot_ws/src/realsense-ros/realsense2_camera_msgs) by extensions ['ros']
[0.176s] Level 1:colcon.colcon_core.package_identification:_identify(src/floorCleaningRobot_ws/src/realsense-ros/realsense2_camera_msgs) by extension 'ros'
[0.177s] DEBUG:colcon.colcon_core.package_identification:Package 'src/floorCleaningRobot_ws/src/realsense-ros/realsense2_camera_msgs' with type 'ros.ament_cmake' and name 'realsense2_camera_msgs'
[0.177s] Level 1:colcon.colcon_core.package_identification:_identify(src/floorCleaningRobot_ws/src/realsense-ros/realsense2_description) by extensions ['ignore', 'ignore_ament_install']
[0.177s] Level 1:colcon.colcon_core.package_identification:_identify(src/floorCleaningRobot_ws/src/realsense-ros/realsense2_description) by extension 'ignore'
[0.177s] Level 1:colcon.colcon_core.package_identification:_identify(src/floorCleaningRobot_ws/src/realsense-ros/realsense2_description) by extension 'ignore_ament_install'
[0.177s] Level 1:colcon.colcon_core.package_identification:_identify(src/floorCleaningRobot_ws/src/realsense-ros/realsense2_description) by extensions ['colcon_pkg']
[0.177s] Level 1:colcon.colcon_core.package_identification:_identify(src/floorCleaningRobot_ws/src/realsense-ros/realsense2_description) by extension 'colcon_pkg'
[0.177s] Level 1:colcon.colcon_core.package_identification:_identify(src/floorCleaningRobot_ws/src/realsense-ros/realsense2_description) by extensions ['colcon_meta']
[0.177s] Level 1:colcon.colcon_core.package_identification:_identify(src/floorCleaningRobot_ws/src/realsense-ros/realsense2_description) by extension 'colcon_meta'
[0.177s] Level 1:colcon.colcon_core.package_identification:_identify(src/floorCleaningRobot_ws/src/realsense-ros/realsense2_description) by extensions ['ros']
[0.177s] Level 1:colcon.colcon_core.package_identification:_identify(src/floorCleaningRobot_ws/src/realsense-ros/realsense2_description) by extension 'ros'
[0.177s] DEBUG:colcon.colcon_core.package_identification:Package 'src/floorCleaningRobot_ws/src/realsense-ros/realsense2_description' with type 'ros.ament_cmake' and name 'realsense2_description'
[0.177s] Level 1:colcon.colcon_core.package_identification:_identify(src/floorCleaningRobot_ws/src/realsense-ros/scripts) by extensions ['ignore', 'ignore_ament_install']
[0.178s] Level 1:colcon.colcon_core.package_identification:_identify(src/floorCleaningRobot_ws/src/realsense-ros/scripts) by extension 'ignore'
[0.178s] Level 1:colcon.colcon_core.package_identification:_identify(src/floorCleaningRobot_ws/src/realsense-ros/scripts) by extension 'ignore_ament_install'
[0.178s] Level 1:colcon.colcon_core.package_identification:_identify(src/floorCleaningRobot_ws/src/realsense-ros/scripts) by extensions ['colcon_pkg']
[0.178s] Level 1:colcon.colcon_core.package_identification:_identify(src/floorCleaningRobot_ws/src/realsense-ros/scripts) by extension 'colcon_pkg'
[0.178s] Level 1:colcon.colcon_core.package_identification:_identify(src/floorCleaningRobot_ws/src/realsense-ros/scripts) by extensions ['colcon_meta']
[0.178s] Level 1:colcon.colcon_core.package_identification:_identify(src/floorCleaningRobot_ws/src/realsense-ros/scripts) by extension 'colcon_meta'
[0.178s] Level 1:colcon.colcon_core.package_identification:_identify(src/floorCleaningRobot_ws/src/realsense-ros/scripts) by extensions ['ros']
[0.178s] Level 1:colcon.colcon_core.package_identification:_identify(src/floorCleaningRobot_ws/src/realsense-ros/scripts) by extension 'ros'
[0.178s] Level 1:colcon.colcon_core.package_identification:_identify(src/floorCleaningRobot_ws/src/realsense-ros/scripts) by extensions ['cmake', 'python']
[0.178s] Level 1:colcon.colcon_core.package_identification:_identify(src/floorCleaningRobot_ws/src/realsense-ros/scripts) by extension 'cmake'
[0.178s] Level 1:colcon.colcon_core.package_identification:_identify(src/floorCleaningRobot_ws/src/realsense-ros/scripts) by extension 'python'
[0.178s] Level 1:colcon.colcon_core.package_identification:_identify(src/floorCleaningRobot_ws/src/realsense-ros/scripts) by extensions ['python_setup_py']
[0.178s] Level 1:colcon.colcon_core.package_identification:_identify(src/floorCleaningRobot_ws/src/realsense-ros/scripts) by extension 'python_setup_py'
[0.178s] Level 1:colcon.colcon_core.package_identification:_identify(src/floorCleaningRobot_ws/src/sllidar_ros2) by extensions ['ignore', 'ignore_ament_install']
[0.178s] Level 1:colcon.colcon_core.package_identification:_identify(src/floorCleaningRobot_ws/src/sllidar_ros2) by extension 'ignore'
[0.178s] Level 1:colcon.colcon_core.package_identification:_identify(src/floorCleaningRobot_ws/src/sllidar_ros2) by extension 'ignore_ament_install'
[0.178s] Level 1:colcon.colcon_core.package_identification:_identify(src/floorCleaningRobot_ws/src/sllidar_ros2) by extensions ['colcon_pkg']
[0.178s] Level 1:colcon.colcon_core.package_identification:_identify(src/floorCleaningRobot_ws/src/sllidar_ros2) by extension 'colcon_pkg'
[0.178s] Level 1:colcon.colcon_core.package_identification:_identify(src/floorCleaningRobot_ws/src/sllidar_ros2) by extensions ['colcon_meta']
[0.178s] Level 1:colcon.colcon_core.package_identification:_identify(src/floorCleaningRobot_ws/src/sllidar_ros2) by extension 'colcon_meta'
[0.178s] Level 1:colcon.colcon_core.package_identification:_identify(src/floorCleaningRobot_ws/src/sllidar_ros2) by extensions ['ros']
[0.178s] Level 1:colcon.colcon_core.package_identification:_identify(src/floorCleaningRobot_ws/src/sllidar_ros2) by extension 'ros'
[0.178s] DEBUG:colcon.colcon_core.package_identification:Package 'src/floorCleaningRobot_ws/src/sllidar_ros2' with type 'ros.ament_cmake' and name 'sllidar_ros2'
[0.179s] Level 1:colcon.colcon_core.package_identification:_identify(src/floorCleaningRobot_ws/src/tf2_web_republisher) by extensions ['ignore', 'ignore_ament_install']
[0.179s] Level 1:colcon.colcon_core.package_identification:_identify(src/floorCleaningRobot_ws/src/tf2_web_republisher) by extension 'ignore'
[0.179s] Level 1:colcon.colcon_core.package_identification:_identify(src/floorCleaningRobot_ws/src/tf2_web_republisher) by extension 'ignore_ament_install'
[0.179s] Level 1:colcon.colcon_core.package_identification:_identify(src/floorCleaningRobot_ws/src/tf2_web_republisher) by extensions ['colcon_pkg']
[0.179s] Level 1:colcon.colcon_core.package_identification:_identify(src/floorCleaningRobot_ws/src/tf2_web_republisher) by extension 'colcon_pkg'
[0.179s] Level 1:colcon.colcon_core.package_identification:_identify(src/floorCleaningRobot_ws/src/tf2_web_republisher) by extensions ['colcon_meta']
[0.179s] Level 1:colcon.colcon_core.package_identification:_identify(src/floorCleaningRobot_ws/src/tf2_web_republisher) by extension 'colcon_meta'
[0.179s] Level 1:colcon.colcon_core.package_identification:_identify(src/floorCleaningRobot_ws/src/tf2_web_republisher) by extensions ['ros']
[0.179s] Level 1:colcon.colcon_core.package_identification:_identify(src/floorCleaningRobot_ws/src/tf2_web_republisher) by extension 'ros'
[0.179s] Level 1:colcon.colcon_core.package_identification:_identify(src/floorCleaningRobot_ws/src/tf2_web_republisher) by extensions ['cmake', 'python']
[0.179s] Level 1:colcon.colcon_core.package_identification:_identify(src/floorCleaningRobot_ws/src/tf2_web_republisher) by extension 'cmake'
[0.179s] Level 1:colcon.colcon_core.package_identification:_identify(src/floorCleaningRobot_ws/src/tf2_web_republisher) by extension 'python'
[0.179s] Level 1:colcon.colcon_core.package_identification:_identify(src/floorCleaningRobot_ws/src/tf2_web_republisher) by extensions ['python_setup_py']
[0.179s] Level 1:colcon.colcon_core.package_identification:_identify(src/floorCleaningRobot_ws/src/tf2_web_republisher) by extension 'python_setup_py'
[0.179s] Level 1:colcon.colcon_core.package_identification:_identify(src/floorCleaningRobot_ws/src/tf2_web_republisher/tf2_web_republisher) by extensions ['ignore', 'ignore_ament_install']
[0.179s] Level 1:colcon.colcon_core.package_identification:_identify(src/floorCleaningRobot_ws/src/tf2_web_republisher/tf2_web_republisher) by extension 'ignore'
[0.179s] Level 1:colcon.colcon_core.package_identification:_identify(src/floorCleaningRobot_ws/src/tf2_web_republisher/tf2_web_republisher) by extension 'ignore_ament_install'
[0.179s] Level 1:colcon.colcon_core.package_identification:_identify(src/floorCleaningRobot_ws/src/tf2_web_republisher/tf2_web_republisher) by extensions ['colcon_pkg']
[0.179s] Level 1:colcon.colcon_core.package_identification:_identify(src/floorCleaningRobot_ws/src/tf2_web_republisher/tf2_web_republisher) by extension 'colcon_pkg'
[0.179s] Level 1:colcon.colcon_core.package_identification:_identify(src/floorCleaningRobot_ws/src/tf2_web_republisher/tf2_web_republisher) by extensions ['colcon_meta']
[0.179s] Level 1:colcon.colcon_core.package_identification:_identify(src/floorCleaningRobot_ws/src/tf2_web_republisher/tf2_web_republisher) by extension 'colcon_meta'
[0.179s] Level 1:colcon.colcon_core.package_identification:_identify(src/floorCleaningRobot_ws/src/tf2_web_republisher/tf2_web_republisher) by extensions ['ros']
[0.179s] Level 1:colcon.colcon_core.package_identification:_identify(src/floorCleaningRobot_ws/src/tf2_web_republisher/tf2_web_republisher) by extension 'ros'
[0.180s] DEBUG:colcon.colcon_core.package_identification:Package 'src/floorCleaningRobot_ws/src/tf2_web_republisher/tf2_web_republisher' with type 'ros.ament_cmake' and name 'tf2_web_republisher'
[0.180s] Level 1:colcon.colcon_core.package_identification:_identify(src/floorCleaningRobot_ws/src/tf2_web_republisher/tf2_web_republisher_interfaces) by extensions ['ignore', 'ignore_ament_install']
[0.180s] Level 1:colcon.colcon_core.package_identification:_identify(src/floorCleaningRobot_ws/src/tf2_web_republisher/tf2_web_republisher_interfaces) by extension 'ignore'
[0.180s] Level 1:colcon.colcon_core.package_identification:_identify(src/floorCleaningRobot_ws/src/tf2_web_republisher/tf2_web_republisher_interfaces) by extension 'ignore_ament_install'
[0.180s] Level 1:colcon.colcon_core.package_identification:_identify(src/floorCleaningRobot_ws/src/tf2_web_republisher/tf2_web_republisher_interfaces) by extensions ['colcon_pkg']
[0.180s] Level 1:colcon.colcon_core.package_identification:_identify(src/floorCleaningRobot_ws/src/tf2_web_republisher/tf2_web_republisher_interfaces) by extension 'colcon_pkg'
[0.180s] Level 1:colcon.colcon_core.package_identification:_identify(src/floorCleaningRobot_ws/src/tf2_web_republisher/tf2_web_republisher_interfaces) by extensions ['colcon_meta']
[0.180s] Level 1:colcon.colcon_core.package_identification:_identify(src/floorCleaningRobot_ws/src/tf2_web_republisher/tf2_web_republisher_interfaces) by extension 'colcon_meta'
[0.180s] Level 1:colcon.colcon_core.package_identification:_identify(src/floorCleaningRobot_ws/src/tf2_web_republisher/tf2_web_republisher_interfaces) by extensions ['ros']
[0.180s] Level 1:colcon.colcon_core.package_identification:_identify(src/floorCleaningRobot_ws/src/tf2_web_republisher/tf2_web_republisher_interfaces) by extension 'ros'
[0.181s] DEBUG:colcon.colcon_core.package_identification:Package 'src/floorCleaningRobot_ws/src/tf2_web_republisher/tf2_web_republisher_interfaces' with type 'ros.ament_cmake' and name 'tf2_web_republisher_interfaces'
[0.181s] Level 1:colcon.colcon_core.package_discovery:discover_packages(recursive) using defaults
[0.181s] Level 1:colcon.colcon_core.package_discovery:discover_packages(ignore) discover
[0.181s] Level 1:colcon.colcon_core.package_discovery:discover_packages(ignore) using defaults
[0.181s] Level 1:colcon.colcon_core.package_discovery:discover_packages(path) discover
[0.181s] Level 1:colcon.colcon_core.package_discovery:discover_packages(path) using defaults
[0.201s] INFO:colcon.colcon_core.package_selection:Skipping not selected package 'fields2cover' in 'src/floorCleaningRobot_ws/src/Fields2Cover'
[0.201s] INFO:colcon.colcon_core.package_selection:Skipping not selected package 'higher_layer_mvibot' in 'src/floorCleaningRobot_ws/src/higher_layer_mvibot'
[0.201s] INFO:colcon.colcon_core.package_selection:Skipping not selected package 'ira_laser_tools' in 'src/floorCleaningRobot_ws/src/ira_laser_tools'
[0.201s] INFO:colcon.colcon_core.package_selection:Skipping not selected package 'lower_layer_mvibot' in 'src/floorCleaningRobot_ws/src/lower_layer_mvibot'
[0.201s] INFO:colcon.colcon_core.package_selection:Skipping not selected package 'opennav_coverage_msgs' in 'src/floorCleaningRobot_ws/src/opennav_coverage/opennav_coverage_msgs'
[0.201s] INFO:colcon.colcon_core.package_selection:Skipping not selected package 'pointcloud_to_laserscan' in 'src/floorCleaningRobot_ws/src/pointcloud_to_laserscan'
[0.201s] INFO:colcon.colcon_core.package_selection:Skipping not selected package 'realsense2_camera_msgs' in 'src/floorCleaningRobot_ws/src/realsense-ros/realsense2_camera_msgs'
[0.201s] INFO:colcon.colcon_core.package_selection:Skipping not selected package 'sllidar_ros2' in 'src/floorCleaningRobot_ws/src/sllidar_ros2'
[0.201s] INFO:colcon.colcon_core.package_selection:Skipping not selected package 'tf2_web_republisher_interfaces' in 'src/floorCleaningRobot_ws/src/tf2_web_republisher/tf2_web_republisher_interfaces'
[0.201s] INFO:colcon.colcon_core.package_selection:Skipping not selected package 'mission_layer_mvibot' in 'src/floorCleaningRobot_ws/src/mission_layer_mvibot'
[0.201s] INFO:colcon.colcon_core.package_selection:Skipping not selected package 'opennav_coverage' in 'src/floorCleaningRobot_ws/src/opennav_coverage/opennav_coverage'
[0.201s] INFO:colcon.colcon_core.package_selection:Skipping not selected package 'opennav_coverage_bt' in 'src/floorCleaningRobot_ws/src/opennav_coverage/opennav_coverage_bt'
[0.201s] INFO:colcon.colcon_core.package_selection:Skipping not selected package 'realsense2_camera' in 'src/floorCleaningRobot_ws/src/realsense-ros/realsense2_camera'
[0.201s] INFO:colcon.colcon_core.package_selection:Skipping not selected package 'tf2_web_republisher' in 'src/floorCleaningRobot_ws/src/tf2_web_republisher/tf2_web_republisher'
[0.201s] INFO:colcon.colcon_core.package_selection:Skipping not selected package 'opennav_coverage_navigator' in 'src/floorCleaningRobot_ws/src/opennav_coverage/opennav_coverage_navigator'
[0.201s] INFO:colcon.colcon_core.package_selection:Skipping not selected package 'opennav_row_coverage' in 'src/floorCleaningRobot_ws/src/opennav_coverage/opennav_row_coverage'
[0.201s] INFO:colcon.colcon_core.package_selection:Skipping not selected package 'opennav_coverage_demo' in 'src/floorCleaningRobot_ws/src/opennav_coverage/opennav_coverage_demo'
[0.201s] Level 1:colcon.colcon_core.package_discovery:discover_packages(prefix_path) check parameters
[0.201s] Level 1:colcon.colcon_core.package_discovery:discover_packages(prefix_path) discover
[0.204s] DEBUG:colcon.colcon_installed_package_information.package_discovery:Found 380 installed packages in /opt/ros/jazzy
[0.205s] Level 1:colcon.colcon_core.package_discovery:discover_packages(prefix_path) using defaults
[0.299s] Level 5:colcon.colcon_core.verb:set package 'realsense2_description' build argument 'cmake_args' from command line to 'None'
[0.299s] Level 5:colcon.colcon_core.verb:set package 'realsense2_description' build argument 'cmake_target' from command line to 'None'
[0.299s] Level 5:colcon.colcon_core.verb:set package 'realsense2_description' build argument 'cmake_target_skip_unavailable' from command line to 'False'
[0.299s] Level 5:colcon.colcon_core.verb:set package 'realsense2_description' build argument 'cmake_clean_cache' from command line to 'False'
[0.299s] Level 5:colcon.colcon_core.verb:set package 'realsense2_description' build argument 'cmake_clean_first' from command line to 'False'
[0.299s] Level 5:colcon.colcon_core.verb:set package 'realsense2_description' build argument 'cmake_force_configure' from command line to 'False'
[0.299s] Level 5:colcon.colcon_core.verb:set package 'realsense2_description' build argument 'ament_cmake_args' from command line to 'None'
[0.299s] Level 5:colcon.colcon_core.verb:set package 'realsense2_description' build argument 'catkin_cmake_args' from command line to 'None'
[0.299s] Level 5:colcon.colcon_core.verb:set package 'realsense2_description' build argument 'catkin_skip_building_tests' from command line to 'False'
[0.299s] DEBUG:colcon.colcon_core.verb:Building package 'realsense2_description' with the following arguments: {'ament_cmake_args': None, 'build_base': '/home/mvibot/floorCleaningRobot_ws/build/realsense2_description', 'catkin_cmake_args': None, 'catkin_skip_building_tests': False, 'cmake_args': None, 'cmake_clean_cache': False, 'cmake_clean_first': False, 'cmake_force_configure': False, 'cmake_target': None, 'cmake_target_skip_unavailable': False, 'install_base': '/home/mvibot/floorCleaningRobot_ws/install/realsense2_description', 'merge_install': False, 'path': '/home/mvibot/floorCleaningRobot_ws/src/floorCleaningRobot_ws/src/realsense-ros/realsense2_description', 'symlink_install': True, 'test_result_base': None}
[0.299s] INFO:colcon.colcon_core.executor:Executing jobs using 'parallel' executor
[0.300s] DEBUG:colcon.colcon_parallel_executor.executor.parallel:run_until_complete
[0.300s] INFO:colcon.colcon_ros.task.ament_cmake.build:Building ROS package in '/home/mvibot/floorCleaningRobot_ws/src/floorCleaningRobot_ws/src/realsense-ros/realsense2_description' with build type 'ament_cmake'
[0.300s] INFO:colcon.colcon_cmake.task.cmake.build:Building CMake package in '/home/mvibot/floorCleaningRobot_ws/src/floorCleaningRobot_ws/src/realsense-ros/realsense2_description'
[0.304s] INFO:colcon.colcon_core.plugin_system:Skipping extension 'colcon_core.shell.bat': Not used on non-Windows systems
[0.304s] INFO:colcon.colcon_core.shell:Skip shell extension 'powershell' for command environment: Not usable outside of PowerShell
[0.304s] DEBUG:colcon.colcon_core.shell:Skip shell extension 'dsv' for command environment
[0.314s] DEBUG:colcon.colcon_core.event_handler.log_command:Invoking command in '/home/mvibot/floorCleaningRobot_ws/build/realsense2_description': AMENT_PREFIX_PATH=/home/mvibot/floorCleaningRobot_ws/install/realsense2_camera_msgs:${AMENT_PREFIX_PATH} CMAKE_PREFIX_PATH=/home/mvibot/floorCleaningRobot_ws/install/realsense2_camera_msgs:/opt/ros/jazzy/opt/gz_math_vendor:/opt/ros/jazzy/opt/gz_utils_vendor:/opt/ros/jazzy/opt/gz_cmake_vendor:/opt/ros/jazzy DEBUGINFOD_URLS=https://debuginfod.ubuntu.com LD_LIBRARY_PATH=/home/mvibot/floorCleaningRobot_ws/install/realsense2_camera_msgs/lib:${LD_LIBRARY_PATH} PYTHONPATH=/home/mvibot/floorCleaningRobot_ws/install/realsense2_camera_msgs/lib/python3.12/site-packages:${PYTHONPATH} /usr/bin/cmake /home/mvibot/floorCleaningRobot_ws/src/floorCleaningRobot_ws/src/realsense-ros/realsense2_description -DAMENT_CMAKE_SYMLINK_INSTALL=1 -DCMAKE_INSTALL_PREFIX=/home/mvibot/floorCleaningRobot_ws/install/realsense2_description
[0.884s] DEBUG:colcon.colcon_core.event_handler.log_command:Invoked command in '/home/mvibot/floorCleaningRobot_ws/build/realsense2_description' returned '0': AMENT_PREFIX_PATH=/home/mvibot/floorCleaningRobot_ws/install/realsense2_camera_msgs:${AMENT_PREFIX_PATH} CMAKE_PREFIX_PATH=/home/mvibot/floorCleaningRobot_ws/install/realsense2_camera_msgs:/opt/ros/jazzy/opt/gz_math_vendor:/opt/ros/jazzy/opt/gz_utils_vendor:/opt/ros/jazzy/opt/gz_cmake_vendor:/opt/ros/jazzy DEBUGINFOD_URLS=https://debuginfod.ubuntu.com LD_LIBRARY_PATH=/home/mvibot/floorCleaningRobot_ws/install/realsense2_camera_msgs/lib:${LD_LIBRARY_PATH} PYTHONPATH=/home/mvibot/floorCleaningRobot_ws/install/realsense2_camera_msgs/lib/python3.12/site-packages:${PYTHONPATH} /usr/bin/cmake /home/mvibot/floorCleaningRobot_ws/src/floorCleaningRobot_ws/src/realsense-ros/realsense2_description -DAMENT_CMAKE_SYMLINK_INSTALL=1 -DCMAKE_INSTALL_PREFIX=/home/mvibot/floorCleaningRobot_ws/install/realsense2_description
[0.885s] DEBUG:colcon.colcon_core.event_handler.log_command:Invoking command in '/home/mvibot/floorCleaningRobot_ws/build/realsense2_description': AMENT_PREFIX_PATH=/home/mvibot/floorCleaningRobot_ws/install/realsense2_camera_msgs:${AMENT_PREFIX_PATH} CMAKE_PREFIX_PATH=/home/mvibot/floorCleaningRobot_ws/install/realsense2_camera_msgs:/opt/ros/jazzy/opt/gz_math_vendor:/opt/ros/jazzy/opt/gz_utils_vendor:/opt/ros/jazzy/opt/gz_cmake_vendor:/opt/ros/jazzy DEBUGINFOD_URLS=https://debuginfod.ubuntu.com LD_LIBRARY_PATH=/home/mvibot/floorCleaningRobot_ws/install/realsense2_camera_msgs/lib:${LD_LIBRARY_PATH} PYTHONPATH=/home/mvibot/floorCleaningRobot_ws/install/realsense2_camera_msgs/lib/python3.12/site-packages:${PYTHONPATH} /usr/bin/cmake --build /home/mvibot/floorCleaningRobot_ws/build/realsense2_description -- -j8 -l8
[0.913s] DEBUG:colcon.colcon_core.event_handler.log_command:Invoked command in '/home/mvibot/floorCleaningRobot_ws/build/realsense2_description' returned '0': AMENT_PREFIX_PATH=/home/mvibot/floorCleaningRobot_ws/install/realsense2_camera_msgs:${AMENT_PREFIX_PATH} CMAKE_PREFIX_PATH=/home/mvibot/floorCleaningRobot_ws/install/realsense2_camera_msgs:/opt/ros/jazzy/opt/gz_math_vendor:/opt/ros/jazzy/opt/gz_utils_vendor:/opt/ros/jazzy/opt/gz_cmake_vendor:/opt/ros/jazzy DEBUGINFOD_URLS=https://debuginfod.ubuntu.com LD_LIBRARY_PATH=/home/mvibot/floorCleaningRobot_ws/install/realsense2_camera_msgs/lib:${LD_LIBRARY_PATH} PYTHONPATH=/home/mvibot/floorCleaningRobot_ws/install/realsense2_camera_msgs/lib/python3.12/site-packages:${PYTHONPATH} /usr/bin/cmake --build /home/mvibot/floorCleaningRobot_ws/build/realsense2_description -- -j8 -l8
[0.920s] DEBUG:colcon.colcon_core.event_handler.log_command:Invoking command in '/home/mvibot/floorCleaningRobot_ws/build/realsense2_description': AMENT_PREFIX_PATH=/home/mvibot/floorCleaningRobot_ws/install/realsense2_camera_msgs:${AMENT_PREFIX_PATH} CMAKE_PREFIX_PATH=/home/mvibot/floorCleaningRobot_ws/install/realsense2_camera_msgs:/opt/ros/jazzy/opt/gz_math_vendor:/opt/ros/jazzy/opt/gz_utils_vendor:/opt/ros/jazzy/opt/gz_cmake_vendor:/opt/ros/jazzy DEBUGINFOD_URLS=https://debuginfod.ubuntu.com LD_LIBRARY_PATH=/home/mvibot/floorCleaningRobot_ws/install/realsense2_camera_msgs/lib:${LD_LIBRARY_PATH} PYTHONPATH=/home/mvibot/floorCleaningRobot_ws/install/realsense2_camera_msgs/lib/python3.12/site-packages:${PYTHONPATH} /usr/bin/cmake --install /home/mvibot/floorCleaningRobot_ws/build/realsense2_description
[1.192s] Level 1:colcon.colcon_core.environment:create_environment_scripts_only(realsense2_description)
[1.193s] DEBUG:colcon.colcon_core.event_handler.log_command:Invoked command in '/home/mvibot/floorCleaningRobot_ws/build/realsense2_description' returned '0': AMENT_PREFIX_PATH=/home/mvibot/floorCleaningRobot_ws/install/realsense2_camera_msgs:${AMENT_PREFIX_PATH} CMAKE_PREFIX_PATH=/home/mvibot/floorCleaningRobot_ws/install/realsense2_camera_msgs:/opt/ros/jazzy/opt/gz_math_vendor:/opt/ros/jazzy/opt/gz_utils_vendor:/opt/ros/jazzy/opt/gz_cmake_vendor:/opt/ros/jazzy DEBUGINFOD_URLS=https://debuginfod.ubuntu.com LD_LIBRARY_PATH=/home/mvibot/floorCleaningRobot_ws/install/realsense2_camera_msgs/lib:${LD_LIBRARY_PATH} PYTHONPATH=/home/mvibot/floorCleaningRobot_ws/install/realsense2_camera_msgs/lib/python3.12/site-packages:${PYTHONPATH} /usr/bin/cmake --install /home/mvibot/floorCleaningRobot_ws/build/realsense2_description
[1.194s] Level 1:colcon.colcon_core.environment:checking '/home/mvibot/floorCleaningRobot_ws/install/realsense2_description' for CMake module files
[1.194s] Level 1:colcon.colcon_core.environment:checking '/home/mvibot/floorCleaningRobot_ws/install/realsense2_description' for CMake config files
[1.195s] Level 1:colcon.colcon_core.shell:create_environment_hook('realsense2_description', 'cmake_prefix_path')
[1.195s] INFO:colcon.colcon_core.shell:Creating environment hook '/home/mvibot/floorCleaningRobot_ws/install/realsense2_description/share/realsense2_description/hook/cmake_prefix_path.ps1'
[1.195s] INFO:colcon.colcon_core.shell:Creating environment descriptor '/home/mvibot/floorCleaningRobot_ws/install/realsense2_description/share/realsense2_description/hook/cmake_prefix_path.dsv'
[1.195s] INFO:colcon.colcon_core.shell:Creating environment hook '/home/mvibot/floorCleaningRobot_ws/install/realsense2_description/share/realsense2_description/hook/cmake_prefix_path.sh'
[1.196s] Level 1:colcon.colcon_core.environment:checking '/home/mvibot/floorCleaningRobot_ws/install/realsense2_description/bin'
[1.196s] Level 1:colcon.colcon_core.environment:checking '/home/mvibot/floorCleaningRobot_ws/install/realsense2_description/lib/pkgconfig/realsense2_description.pc'
[1.196s] Level 1:colcon.colcon_core.environment:checking '/home/mvibot/floorCleaningRobot_ws/install/realsense2_description/lib/python3.12/site-packages'
[1.196s] Level 1:colcon.colcon_core.environment:checking '/home/mvibot/floorCleaningRobot_ws/install/realsense2_description/bin'
[1.196s] INFO:colcon.colcon_core.shell:Creating package script '/home/mvibot/floorCleaningRobot_ws/install/realsense2_description/share/realsense2_description/package.ps1'
[1.197s] INFO:colcon.colcon_core.shell:Creating package descriptor '/home/mvibot/floorCleaningRobot_ws/install/realsense2_description/share/realsense2_description/package.dsv'
[1.197s] INFO:colcon.colcon_core.shell:Creating package script '/home/mvibot/floorCleaningRobot_ws/install/realsense2_description/share/realsense2_description/package.sh'
[1.198s] INFO:colcon.colcon_core.shell:Creating package script '/home/mvibot/floorCleaningRobot_ws/install/realsense2_description/share/realsense2_description/package.bash'
[1.198s] INFO:colcon.colcon_core.shell:Creating package script '/home/mvibot/floorCleaningRobot_ws/install/realsense2_description/share/realsense2_description/package.zsh'
[1.198s] Level 1:colcon.colcon_core.environment:create_file_with_runtime_dependencies(/home/mvibot/floorCleaningRobot_ws/install/realsense2_description/share/colcon-core/packages/realsense2_description)
[1.199s] Level 1:colcon.colcon_core.environment:create_environment_scripts_only(realsense2_description)
[1.199s] Level 1:colcon.colcon_core.environment:checking '/home/mvibot/floorCleaningRobot_ws/install/realsense2_description' for CMake module files
[1.199s] Level 1:colcon.colcon_core.environment:checking '/home/mvibot/floorCleaningRobot_ws/install/realsense2_description' for CMake config files
[1.199s] Level 1:colcon.colcon_core.shell:create_environment_hook('realsense2_description', 'cmake_prefix_path')
[1.200s] INFO:colcon.colcon_core.shell:Creating environment hook '/home/mvibot/floorCleaningRobot_ws/install/realsense2_description/share/realsense2_description/hook/cmake_prefix_path.ps1'
[1.200s] INFO:colcon.colcon_core.shell:Creating environment descriptor '/home/mvibot/floorCleaningRobot_ws/install/realsense2_description/share/realsense2_description/hook/cmake_prefix_path.dsv'
[1.200s] INFO:colcon.colcon_core.shell:Creating environment hook '/home/mvibot/floorCleaningRobot_ws/install/realsense2_description/share/realsense2_description/hook/cmake_prefix_path.sh'
[1.200s] Level 1:colcon.colcon_core.environment:checking '/home/mvibot/floorCleaningRobot_ws/install/realsense2_description/bin'
[1.201s] Level 1:colcon.colcon_core.environment:checking '/home/mvibot/floorCleaningRobot_ws/install/realsense2_description/lib/pkgconfig/realsense2_description.pc'
[1.201s] Level 1:colcon.colcon_core.environment:checking '/home/mvibot/floorCleaningRobot_ws/install/realsense2_description/lib/python3.12/site-packages'
[1.201s] Level 1:colcon.colcon_core.environment:checking '/home/mvibot/floorCleaningRobot_ws/install/realsense2_description/bin'
[1.201s] INFO:colcon.colcon_core.shell:Creating package script '/home/mvibot/floorCleaningRobot_ws/install/realsense2_description/share/realsense2_description/package.ps1'
[1.201s] INFO:colcon.colcon_core.shell:Creating package descriptor '/home/mvibot/floorCleaningRobot_ws/install/realsense2_description/share/realsense2_description/package.dsv'
[1.202s] INFO:colcon.colcon_core.shell:Creating package script '/home/mvibot/floorCleaningRobot_ws/install/realsense2_description/share/realsense2_description/package.sh'
[1.202s] INFO:colcon.colcon_core.shell:Creating package script '/home/mvibot/floorCleaningRobot_ws/install/realsense2_description/share/realsense2_description/package.bash'
[1.202s] INFO:colcon.colcon_core.shell:Creating package script '/home/mvibot/floorCleaningRobot_ws/install/realsense2_description/share/realsense2_description/package.zsh'
[1.202s] Level 1:colcon.colcon_core.environment:create_file_with_runtime_dependencies(/home/mvibot/floorCleaningRobot_ws/install/realsense2_description/share/colcon-core/packages/realsense2_description)
[1.203s] DEBUG:colcon.colcon_parallel_executor.executor.parallel:closing loop
[1.203s] DEBUG:colcon.colcon_parallel_executor.executor.parallel:loop closed
[1.203s] DEBUG:colcon.colcon_parallel_executor.executor.parallel:run_until_complete finished with '0'
[1.203s] DEBUG:colcon.colcon_core.event_reactor:joining thread
[1.208s] INFO:colcon.colcon_core.plugin_system:Skipping extension 'colcon_notification.desktop_notification.terminal_notifier': Not used on non-Darwin systems
[1.208s] INFO:colcon.colcon_core.plugin_system:Skipping extension 'colcon_notification.desktop_notification.win32': Not used on non-Windows systems
[1.209s] INFO:colcon.colcon_notification.desktop_notification:Sending desktop notification using 'notify2'
[1.219s] DEBUG:colcon.colcon_core.event_reactor:joined thread
[1.220s] INFO:colcon.colcon_core.shell:Creating prefix script '/home/mvibot/floorCleaningRobot_ws/install/local_setup.ps1'
[1.220s] INFO:colcon.colcon_core.shell:Creating prefix util module '/home/mvibot/floorCleaningRobot_ws/install/_local_setup_util_ps1.py'
[1.221s] INFO:colcon.colcon_core.shell:Creating prefix chain script '/home/mvibot/floorCleaningRobot_ws/install/setup.ps1'
[1.222s] INFO:colcon.colcon_core.shell:Creating prefix script '/home/mvibot/floorCleaningRobot_ws/install/local_setup.sh'
[1.222s] INFO:colcon.colcon_core.shell:Creating prefix util module '/home/mvibot/floorCleaningRobot_ws/install/_local_setup_util_sh.py'
[1.222s] INFO:colcon.colcon_core.shell:Creating prefix chain script '/home/mvibot/floorCleaningRobot_ws/install/setup.sh'
[1.223s] INFO:colcon.colcon_core.shell:Creating prefix script '/home/mvibot/floorCleaningRobot_ws/install/local_setup.bash'
[1.223s] INFO:colcon.colcon_core.shell:Creating prefix chain script '/home/mvibot/floorCleaningRobot_ws/install/setup.bash'
[1.224s] INFO:colcon.colcon_core.shell:Creating prefix script '/home/mvibot/floorCleaningRobot_ws/install/local_setup.zsh'
[1.224s] INFO:colcon.colcon_core.shell:Creating prefix chain script '/home/mvibot/floorCleaningRobot_ws/install/setup.zsh'
