[0.000000] (-) TimerEvent: {}
[0.000327] (-) JobUnselected: {'identifier': 'fields2cover'}
[0.000352] (-) JobUnselected: {'identifier': 'higher_layer_mvibot'}
[0.000364] (-) JobUnselected: {'identifier': 'ira_laser_tools'}
[0.000375] (-) JobUnselected: {'identifier': 'lower_layer_mvibot'}
[0.000384] (-) JobUnselected: {'identifier': 'mission_layer_mvibot'}
[0.000392] (-) JobUnselected: {'identifier': 'opennav_coverage'}
[0.000400] (-) JobUnselected: {'identifier': 'opennav_coverage_bt'}
[0.000408] (-) JobUnselected: {'identifier': 'opennav_coverage_demo'}
[0.000416] (-) JobUnselected: {'identifier': 'opennav_coverage_msgs'}
[0.000424] (-) JobUnselected: {'identifier': 'opennav_coverage_navigator'}
[0.000432] (-) JobUnselected: {'identifier': 'opennav_row_coverage'}
[0.000440] (-) JobUnselected: {'identifier': 'pointcloud_to_laserscan'}
[0.000448] (-) JobUnselected: {'identifier': 'realsense2_camera'}
[0.000456] (-) JobUnselected: {'identifier': 'realsense2_camera_msgs'}
[0.000464] (-) JobUnselected: {'identifier': 'realsense2_description'}
[0.000472] (-) JobUnselected: {'identifier': 'sllidar_ros2'}
[0.000480] (-) JobUnselected: {'identifier': 'tf2_web_republisher'}
[0.000487] (-) JobUnselected: {'identifier': 'tf2_web_republisher_interfaces'}
[0.000590] (-) EventReactorShutdown: {}
