[ 50%] [32mBuilding CXX object CMakeFiles/mvibot_server.dir/src/mvibot_server.cpp.o[0m
[100%] [32m[1mLinking CXX executable mvibot_server[0m
[100%] Built target mvibot_server
-- Install configuration: ""
-- Execute custom install script
-- Symlinking: /home/mvibot/floorCleaningRobot_ws/install/higher_layer_mvibot/share/higher_layer_mvibot//launch/mvibot_manage_server_launch.py
-- Symlinking: /home/mvibot/floorCleaningRobot_ws/install/higher_layer_mvibot/share/higher_layer_mvibot//launch/mvibot_map_server_launch.py
-- Symlinking: /home/mvibot/floorCleaningRobot_ws/install/higher_layer_mvibot/share/higher_layer_mvibot//launch/mvibot_server_launch.py
-- Symlinking: /home/mvibot/floorCleaningRobot_ws/install/higher_layer_mvibot/share/higher_layer_mvibot//launch/mvibot_slam_toolbox_launch.py
-- Symlinking: /home/mvibot/floorCleaningRobot_ws/install/higher_layer_mvibot/share/higher_layer_mvibot//launch/tf2_web_republisher_launch.py
-- Symlinking: /home/mvibot/floorCleaningRobot_ws/install/higher_layer_mvibot/lib/higher_layer_mvibot/mvibot_server
-- Symlinking: /home/mvibot/floorCleaningRobot_ws/install/higher_layer_mvibot/share/ament_index/resource_index/package_run_dependencies/higher_layer_mvibot
-- Symlinking: /home/mvibot/floorCleaningRobot_ws/install/higher_layer_mvibot/share/ament_index/resource_index/parent_prefix_path/higher_layer_mvibot
-- Symlinking: /home/mvibot/floorCleaningRobot_ws/install/higher_layer_mvibot/share/higher_layer_mvibot/environment/ament_prefix_path.sh
-- Symlinking: /home/mvibot/floorCleaningRobot_ws/install/higher_layer_mvibot/share/higher_layer_mvibot/environment/ament_prefix_path.dsv
-- Symlinking: /home/mvibot/floorCleaningRobot_ws/install/higher_layer_mvibot/share/higher_layer_mvibot/environment/path.sh
-- Symlinking: /home/mvibot/floorCleaningRobot_ws/install/higher_layer_mvibot/share/higher_layer_mvibot/environment/path.dsv
-- Symlinking: /home/mvibot/floorCleaningRobot_ws/install/higher_layer_mvibot/share/higher_layer_mvibot/local_setup.bash
-- Symlinking: /home/mvibot/floorCleaningRobot_ws/install/higher_layer_mvibot/share/higher_layer_mvibot/local_setup.sh
-- Symlinking: /home/mvibot/floorCleaningRobot_ws/install/higher_layer_mvibot/share/higher_layer_mvibot/local_setup.zsh
-- Symlinking: /home/mvibot/floorCleaningRobot_ws/install/higher_layer_mvibot/share/higher_layer_mvibot/local_setup.dsv
-- Symlinking: /home/mvibot/floorCleaningRobot_ws/install/higher_layer_mvibot/share/higher_layer_mvibot/package.dsv
-- Symlinking: /home/mvibot/floorCleaningRobot_ws/install/higher_layer_mvibot/share/ament_index/resource_index/packages/higher_layer_mvibot
-- Symlinking: /home/mvibot/floorCleaningRobot_ws/install/higher_layer_mvibot/share/higher_layer_mvibot/cmake/higher_layer_mvibotConfig.cmake
-- Symlinking: /home/mvibot/floorCleaningRobot_ws/install/higher_layer_mvibot/share/higher_layer_mvibot/cmake/higher_layer_mvibotConfig-version.cmake
-- Symlinking: /home/mvibot/floorCleaningRobot_ws/install/higher_layer_mvibot/share/higher_layer_mvibot/package.xml
