[0.008s] Invoking command in '/home/mvibot/floorCleaningRobot_ws/build/tf2_web_republisher_interfaces': CMAKE_PREFIX_PATH=${CMAKE_PREFIX_PATH}:/opt/ros/jazzy DEBUGINFOD_URLS=https://debuginfod.ubuntu.com /usr/bin/cmake /home/mvibot/floorCleaningRobot_ws/src/tf2_web_republisher/tf2_web_republisher_interfaces -DAMENT_CMAKE_SYMLINK_INSTALL=1 -DCMAKE_INSTALL_PREFIX=/home/mvibot/floorCleaningRobot_ws/install/tf2_web_republisher_interfaces
[0.051s] -- The C compiler identification is GNU 13.3.0
[0.092s] -- The CXX compiler identification is GNU 13.3.0
[0.104s] -- Detecting C compiler ABI info
[0.170s] -- Detecting C compiler ABI info - done
[0.176s] -- Check for working C compiler: /usr/bin/cc - skipped
[0.177s] -- Detecting C compile features
[0.177s] -- Detecting C compile features - done
[0.183s] -- Detecting CXX compiler ABI info
[0.254s] -- Detecting CXX compiler ABI info - done
[0.261s] -- Check for working CXX compiler: /usr/bin/c++ - skipped
[0.261s] -- Detecting CXX compile features
[0.261s] -- Detecting CXX compile features - done
[0.264s] -- Found ament_cmake: 2.5.4 (/opt/ros/jazzy/share/ament_cmake/cmake)
[0.370s] -- Found Python3: /usr/bin/python3 (found version "3.12.3") found components: Interpreter 
[0.425s] -- Override CMake install command with custom implementation using symlinks instead of copying resources
[0.448s] -- Found builtin_interfaces: 2.0.3 (/opt/ros/jazzy/share/builtin_interfaces/cmake)
[0.472s] -- Found rosidl_generator_c: 4.6.6 (/opt/ros/jazzy/share/rosidl_generator_c/cmake)
[0.482s] -- Found rosidl_generator_cpp: 4.6.6 (/opt/ros/jazzy/share/rosidl_generator_cpp/cmake)
[0.493s] -- Using all available rosidl_typesupport_c: rosidl_typesupport_fastrtps_c;rosidl_typesupport_introspection_c
[0.506s] -- Using all available rosidl_typesupport_cpp: rosidl_typesupport_fastrtps_cpp;rosidl_typesupport_introspection_cpp
[0.518s] -- Found geometry_msgs: 5.3.6 (/opt/ros/jazzy/share/geometry_msgs/cmake)
[0.543s] -- Found rosidl_default_generators: 1.6.0 (/opt/ros/jazzy/share/rosidl_default_generators/cmake)
[0.554s] -- Found rosidl_adapter: 4.6.6 (/opt/ros/jazzy/share/rosidl_adapter/cmake)
[1.053s] -- Found ament_cmake_ros: 0.12.0 (/opt/ros/jazzy/share/ament_cmake_ros/cmake)
[1.679s] -- Using all available rosidl_typesupport_c: rosidl_typesupport_fastrtps_c;rosidl_typesupport_introspection_c
[1.928s] -- Using all available rosidl_typesupport_cpp: rosidl_typesupport_fastrtps_cpp;rosidl_typesupport_introspection_cpp
[1.931s] -- Found python_cmake_module: 0.11.1 (/opt/ros/jazzy/share/python_cmake_module/cmake)
[2.030s] -- Found PythonExtra: /usr/bin/python3  
[2.382s] -- Found Python3: /usr/bin/python3 (found version "3.12.3") found components: Interpreter Development NumPy Development.Module Development.Embed 
[2.435s] -- Configuring done (2.4s)
[2.465s] -- Generating done (0.0s)
[2.473s] -- Build files have been written to: /home/mvibot/floorCleaningRobot_ws/build/tf2_web_republisher_interfaces
[2.482s] Invoked command in '/home/mvibot/floorCleaningRobot_ws/build/tf2_web_republisher_interfaces' returned '0': CMAKE_PREFIX_PATH=${CMAKE_PREFIX_PATH}:/opt/ros/jazzy DEBUGINFOD_URLS=https://debuginfod.ubuntu.com /usr/bin/cmake /home/mvibot/floorCleaningRobot_ws/src/tf2_web_republisher/tf2_web_republisher_interfaces -DAMENT_CMAKE_SYMLINK_INSTALL=1 -DCMAKE_INSTALL_PREFIX=/home/mvibot/floorCleaningRobot_ws/install/tf2_web_republisher_interfaces
[2.483s] Invoking command in '/home/mvibot/floorCleaningRobot_ws/build/tf2_web_republisher_interfaces': CMAKE_PREFIX_PATH=${CMAKE_PREFIX_PATH}:/opt/ros/jazzy DEBUGINFOD_URLS=https://debuginfod.ubuntu.com /usr/bin/cmake --build /home/mvibot/floorCleaningRobot_ws/build/tf2_web_republisher_interfaces -- -j8 -l8
[2.522s] [  1%] [34m[1mGenerating type hashes for ROS interfaces[0m
[2.528s] [  1%] Built target ament_cmake_python_symlink_tf2_web_republisher_interfaces
[2.697s] running egg_info
[2.698s] creating tf2_web_republisher_interfaces.egg-info
[2.714s] writing tf2_web_republisher_interfaces.egg-info/PKG-INFO
[2.714s] writing dependency_links to tf2_web_republisher_interfaces.egg-info/dependency_links.txt
[2.714s] writing top-level names to tf2_web_republisher_interfaces.egg-info/top_level.txt
[2.715s] writing manifest file 'tf2_web_republisher_interfaces.egg-info/SOURCES.txt'
[2.732s] [  1%] Built target tf2_web_republisher_interfaces__rosidl_generator_type_description
[2.739s] [  3%] [34m[1mGenerating C code for ROS interfaces[0m
[2.746s] [  5%] [34m[1mGenerating C++ code for ROS interfaces[0m
[2.764s] reading manifest file 'tf2_web_republisher_interfaces.egg-info/SOURCES.txt'
[2.765s] writing manifest file 'tf2_web_republisher_interfaces.egg-info/SOURCES.txt'
[2.788s] [  5%] Built target ament_cmake_python_build_tf2_web_republisher_interfaces_egg
[3.179s] [  5%] Built target tf2_web_republisher_interfaces__cpp
[3.250s] [ 16%] [32mBuilding C object CMakeFiles/tf2_web_republisher_interfaces__rosidl_generator_c.dir/rosidl_generator_c/tf2_web_republisher_interfaces/msg/detail/tf_array__functions.c.o[0m
[3.250s] [ 16%] [32mBuilding C object CMakeFiles/tf2_web_republisher_interfaces__rosidl_generator_c.dir/rosidl_generator_c/tf2_web_republisher_interfaces/msg/detail/tf_array__type_support.c.o[0m
[3.250s] [ 16%] [32mBuilding C object CMakeFiles/tf2_web_republisher_interfaces__rosidl_generator_c.dir/rosidl_generator_c/tf2_web_republisher_interfaces/srv/detail/republish_t_fs__type_support.c.o[0m
[3.250s] [ 16%] [32mBuilding C object CMakeFiles/tf2_web_republisher_interfaces__rosidl_generator_c.dir/rosidl_generator_c/tf2_web_republisher_interfaces/srv/detail/republish_t_fs__description.c.o[0m
[3.250s] [ 16%] [32mBuilding C object CMakeFiles/tf2_web_republisher_interfaces__rosidl_generator_c.dir/rosidl_generator_c/tf2_web_republisher_interfaces/msg/detail/tf_array__description.c.o[0m
[3.250s] [ 16%] [32mBuilding C object CMakeFiles/tf2_web_republisher_interfaces__rosidl_generator_c.dir/rosidl_generator_c/tf2_web_republisher_interfaces/srv/detail/republish_t_fs__functions.c.o[0m
[3.250s] [ 20%] [32mBuilding C object CMakeFiles/tf2_web_republisher_interfaces__rosidl_generator_c.dir/rosidl_generator_c/tf2_web_republisher_interfaces/action/detail/tf_subscription__description.c.o[0m
[3.250s] [ 20%] [32mBuilding C object CMakeFiles/tf2_web_republisher_interfaces__rosidl_generator_c.dir/rosidl_generator_c/tf2_web_republisher_interfaces/action/detail/tf_subscription__functions.c.o[0m
[3.286s] [ 22%] [32mBuilding C object CMakeFiles/tf2_web_republisher_interfaces__rosidl_generator_c.dir/rosidl_generator_c/tf2_web_republisher_interfaces/action/detail/tf_subscription__type_support.c.o[0m
[3.386s] [ 24%] [32m[1mLinking C shared library libtf2_web_republisher_interfaces__rosidl_generator_c.so[0m
[3.416s] [ 24%] Built target tf2_web_republisher_interfaces__rosidl_generator_c
[3.424s] [ 25%] [34m[1mGenerating C++ type support for eProsima Fast-RTPS[0m
[3.424s] [ 27%] [34m[1mGenerating C++ type support dispatch for ROS interfaces[0m
[3.424s] [ 31%] [34m[1mGenerating C type support dispatch for ROS interfaces[0m
[3.425s] [ 31%] [34m[1mGenerating C introspection for ROS interfaces[0m
[3.425s] [ 33%] [34m[1mGenerating C++ introspection for ROS interfaces[0m
[3.426s] [ 35%] [34m[1mGenerating C type support for eProsima Fast-RTPS[0m
[3.751s] [ 40%] [32mBuilding CXX object CMakeFiles/tf2_web_republisher_interfaces__rosidl_typesupport_cpp.dir/rosidl_typesupport_cpp/tf2_web_republisher_interfaces/action/tf_subscription__type_support.cpp.o[0m
[3.751s] [ 40%] [32mBuilding CXX object CMakeFiles/tf2_web_republisher_interfaces__rosidl_typesupport_cpp.dir/rosidl_typesupport_cpp/tf2_web_republisher_interfaces/msg/tf_array__type_support.cpp.o[0m
[3.751s] [ 40%] [32mBuilding CXX object CMakeFiles/tf2_web_republisher_interfaces__rosidl_typesupport_cpp.dir/rosidl_typesupport_cpp/tf2_web_republisher_interfaces/srv/republish_t_fs__type_support.cpp.o[0m
[3.899s] [ 42%] [32mBuilding C object CMakeFiles/tf2_web_republisher_interfaces__rosidl_typesupport_introspection_c.dir/rosidl_typesupport_introspection_c/tf2_web_republisher_interfaces/msg/detail/tf_array__type_support.c.o[0m
[3.954s] [ 44%] [32mBuilding C object CMakeFiles/tf2_web_republisher_interfaces__rosidl_typesupport_introspection_c.dir/rosidl_typesupport_introspection_c/tf2_web_republisher_interfaces/srv/detail/republish_t_fs__type_support.c.o[0m
[3.975s] [ 46%] [32mBuilding CXX object CMakeFiles/tf2_web_republisher_interfaces__rosidl_typesupport_c.dir/rosidl_typesupport_c/tf2_web_republisher_interfaces/msg/tf_array__type_support.cpp.o[0m
[4.021s] [ 48%] [32mBuilding C object CMakeFiles/tf2_web_republisher_interfaces__rosidl_typesupport_introspection_c.dir/rosidl_typesupport_introspection_c/tf2_web_republisher_interfaces/action/detail/tf_subscription__type_support.c.o[0m
[4.053s] [ 50%] [32mBuilding CXX object CMakeFiles/tf2_web_republisher_interfaces__rosidl_typesupport_c.dir/rosidl_typesupport_c/tf2_web_republisher_interfaces/srv/republish_t_fs__type_support.cpp.o[0m
[4.128s] [ 51%] [32mBuilding CXX object CMakeFiles/tf2_web_republisher_interfaces__rosidl_typesupport_c.dir/rosidl_typesupport_c/tf2_web_republisher_interfaces/action/tf_subscription__type_support.cpp.o[0m
[4.140s] [ 53%] [32m[1mLinking C shared library libtf2_web_republisher_interfaces__rosidl_typesupport_introspection_c.so[0m
[4.171s] [ 55%] [32mBuilding CXX object CMakeFiles/tf2_web_republisher_interfaces__rosidl_typesupport_introspection_cpp.dir/rosidl_typesupport_introspection_cpp/tf2_web_republisher_interfaces/msg/detail/tf_array__type_support.cpp.o[0m
[4.191s] [ 57%] [32mBuilding CXX object CMakeFiles/tf2_web_republisher_interfaces__rosidl_typesupport_introspection_cpp.dir/rosidl_typesupport_introspection_cpp/tf2_web_republisher_interfaces/srv/detail/republish_t_fs__type_support.cpp.o[0m
[4.202s] [ 57%] Built target tf2_web_republisher_interfaces__rosidl_typesupport_introspection_c
[4.214s] [ 59%] [32mBuilding CXX object CMakeFiles/tf2_web_republisher_interfaces__rosidl_typesupport_introspection_cpp.dir/rosidl_typesupport_introspection_cpp/tf2_web_republisher_interfaces/action/detail/tf_subscription__type_support.cpp.o[0m
[4.216s] [ 61%] [32m[1mLinking CXX shared library libtf2_web_republisher_interfaces__rosidl_typesupport_c.so[0m
[4.276s] [ 61%] Built target tf2_web_republisher_interfaces__rosidl_typesupport_c
[4.365s] [ 62%] [32mBuilding CXX object CMakeFiles/tf2_web_republisher_interfaces__rosidl_typesupport_fastrtps_cpp.dir/rosidl_typesupport_fastrtps_cpp/tf2_web_republisher_interfaces/msg/detail/dds_fastrtps/tf_array__type_support.cpp.o[0m
[4.365s] [ 64%] [32mBuilding CXX object CMakeFiles/tf2_web_republisher_interfaces__rosidl_typesupport_fastrtps_cpp.dir/rosidl_typesupport_fastrtps_cpp/tf2_web_republisher_interfaces/srv/detail/dds_fastrtps/republish_t_fs__type_support.cpp.o[0m
[4.377s] [ 66%] [32mBuilding CXX object CMakeFiles/tf2_web_republisher_interfaces__rosidl_typesupport_fastrtps_cpp.dir/rosidl_typesupport_fastrtps_cpp/tf2_web_republisher_interfaces/action/detail/dds_fastrtps/tf_subscription__type_support.cpp.o[0m
[4.573s] [ 68%] [32mBuilding CXX object CMakeFiles/tf2_web_republisher_interfaces__rosidl_typesupport_fastrtps_c.dir/rosidl_typesupport_fastrtps_c/tf2_web_republisher_interfaces/msg/detail/tf_array__type_support_c.cpp.o[0m
[4.618s] [ 70%] [32m[1mLinking CXX shared library libtf2_web_republisher_interfaces__rosidl_typesupport_cpp.so[0m
[4.628s] [ 72%] [32mBuilding CXX object CMakeFiles/tf2_web_republisher_interfaces__rosidl_typesupport_fastrtps_c.dir/rosidl_typesupport_fastrtps_c/tf2_web_republisher_interfaces/srv/detail/republish_t_fs__type_support_c.cpp.o[0m
[4.726s] [ 72%] Built target tf2_web_republisher_interfaces__rosidl_typesupport_cpp
[4.737s] [ 74%] [32mBuilding CXX object CMakeFiles/tf2_web_republisher_interfaces__rosidl_typesupport_fastrtps_c.dir/rosidl_typesupport_fastrtps_c/tf2_web_republisher_interfaces/action/detail/tf_subscription__type_support_c.cpp.o[0m
[5.249s] [ 75%] [32m[1mLinking CXX shared library libtf2_web_republisher_interfaces__rosidl_typesupport_introspection_cpp.so[0m
[5.313s] [ 75%] Built target tf2_web_republisher_interfaces__rosidl_typesupport_introspection_cpp
[5.382s] [ 77%] [32m[1mLinking CXX shared library libtf2_web_republisher_interfaces__rosidl_typesupport_fastrtps_c.so[0m
[5.442s] [ 77%] Built target tf2_web_republisher_interfaces__rosidl_typesupport_fastrtps_c
[5.461s] [ 79%] [32m[1mLinking CXX shared library libtf2_web_republisher_interfaces__rosidl_typesupport_fastrtps_cpp.so[0m
[5.525s] [ 79%] Built target tf2_web_republisher_interfaces__rosidl_typesupport_fastrtps_cpp
[5.540s] [ 79%] Built target tf2_web_republisher_interfaces
[5.556s] [ 81%] [34m[1mGenerating Python code for ROS interfaces[0m
[6.273s] [ 81%] Built target tf2_web_republisher_interfaces__py
[6.289s] [ 87%] [32mBuilding C object CMakeFiles/tf2_web_republisher_interfaces__rosidl_generator_py.dir/rosidl_generator_py/tf2_web_republisher_interfaces/msg/_tf_array_s.c.o[0m
[6.289s] [ 87%] [32mBuilding C object CMakeFiles/tf2_web_republisher_interfaces__rosidl_generator_py.dir/rosidl_generator_py/tf2_web_republisher_interfaces/action/_tf_subscription_s.c.o[0m
[6.289s] [ 87%] [32mBuilding C object CMakeFiles/tf2_web_republisher_interfaces__rosidl_generator_py.dir/rosidl_generator_py/tf2_web_republisher_interfaces/srv/_republish_t_fs_s.c.o[0m
[6.450s] [ 88%] [32m[1mLinking C shared library libtf2_web_republisher_interfaces__rosidl_generator_py.so[0m
[6.486s] [ 88%] Built target tf2_web_republisher_interfaces__rosidl_generator_py
[6.500s] [ 94%] [32mBuilding C object CMakeFiles/tf2_web_republisher_interfaces_s__rosidl_typesupport_introspection_c.dir/rosidl_generator_py/tf2_web_republisher_interfaces/_tf2_web_republisher_interfaces_s.ep.rosidl_typesupport_introspection_c.c.o[0m
[6.500s] [ 94%] [32mBuilding C object CMakeFiles/tf2_web_republisher_interfaces_s__rosidl_typesupport_fastrtps_c.dir/rosidl_generator_py/tf2_web_republisher_interfaces/_tf2_web_republisher_interfaces_s.ep.rosidl_typesupport_fastrtps_c.c.o[0m
[6.500s] [ 94%] [32mBuilding C object CMakeFiles/tf2_web_republisher_interfaces_s__rosidl_typesupport_c.dir/rosidl_generator_py/tf2_web_republisher_interfaces/_tf2_web_republisher_interfaces_s.ep.rosidl_typesupport_c.c.o[0m
[6.606s] [ 96%] [32m[1mLinking C shared module rosidl_generator_py/tf2_web_republisher_interfaces/tf2_web_republisher_interfaces_s__rosidl_typesupport_c.so[0m
[6.608s] [ 98%] [32m[1mLinking C shared module rosidl_generator_py/tf2_web_republisher_interfaces/tf2_web_republisher_interfaces_s__rosidl_typesupport_introspection_c.so[0m
[6.610s] [100%] [32m[1mLinking C shared module rosidl_generator_py/tf2_web_republisher_interfaces/tf2_web_republisher_interfaces_s__rosidl_typesupport_fastrtps_c.so[0m
[6.629s] [100%] Built target tf2_web_republisher_interfaces_s__rosidl_typesupport_c
[6.632s] [100%] Built target tf2_web_republisher_interfaces_s__rosidl_typesupport_introspection_c
[6.636s] [100%] Built target tf2_web_republisher_interfaces_s__rosidl_typesupport_fastrtps_c
[6.644s] Invoked command in '/home/mvibot/floorCleaningRobot_ws/build/tf2_web_republisher_interfaces' returned '0': CMAKE_PREFIX_PATH=${CMAKE_PREFIX_PATH}:/opt/ros/jazzy DEBUGINFOD_URLS=https://debuginfod.ubuntu.com /usr/bin/cmake --build /home/mvibot/floorCleaningRobot_ws/build/tf2_web_republisher_interfaces -- -j8 -l8
[6.651s] Invoking command in '/home/mvibot/floorCleaningRobot_ws/build/tf2_web_republisher_interfaces': CMAKE_PREFIX_PATH=${CMAKE_PREFIX_PATH}:/opt/ros/jazzy DEBUGINFOD_URLS=https://debuginfod.ubuntu.com /usr/bin/cmake --install /home/mvibot/floorCleaningRobot_ws/build/tf2_web_republisher_interfaces
[6.657s] -- Install configuration: ""
[6.657s] -- Execute custom install script
[6.657s] -- Symlinking: /home/mvibot/floorCleaningRobot_ws/install/tf2_web_republisher_interfaces/share/ament_index/resource_index/rosidl_interfaces/tf2_web_republisher_interfaces
[6.664s] -- Symlinking: /home/mvibot/floorCleaningRobot_ws/install/tf2_web_republisher_interfaces/share/tf2_web_republisher_interfaces/msg/TFArray.json
[6.670s] -- Symlinking: /home/mvibot/floorCleaningRobot_ws/install/tf2_web_republisher_interfaces/share/tf2_web_republisher_interfaces/srv/RepublishTFs.json
[6.676s] -- Symlinking: /home/mvibot/floorCleaningRobot_ws/install/tf2_web_republisher_interfaces/share/tf2_web_republisher_interfaces/action/TFSubscription.json
[6.683s] -- Symlinking: /home/mvibot/floorCleaningRobot_ws/install/tf2_web_republisher_interfaces/include/tf2_web_republisher_interfaces/tf2_web_republisher_interfaces/action/detail/tf_subscription__functions.h
[6.689s] -- Symlinking: /home/mvibot/floorCleaningRobot_ws/install/tf2_web_republisher_interfaces/include/tf2_web_republisher_interfaces/tf2_web_republisher_interfaces/action/detail/tf_subscription__struct.h
[6.695s] -- Symlinking: /home/mvibot/floorCleaningRobot_ws/install/tf2_web_republisher_interfaces/include/tf2_web_republisher_interfaces/tf2_web_republisher_interfaces/action/detail/tf_subscription__type_support.h
[6.701s] -- Symlinking: /home/mvibot/floorCleaningRobot_ws/install/tf2_web_republisher_interfaces/include/tf2_web_republisher_interfaces/tf2_web_republisher_interfaces/action/tf_subscription.h
[6.707s] -- Symlinking: /home/mvibot/floorCleaningRobot_ws/install/tf2_web_republisher_interfaces/include/tf2_web_republisher_interfaces/tf2_web_republisher_interfaces/msg/detail/tf_array__functions.h
[6.714s] -- Symlinking: /home/mvibot/floorCleaningRobot_ws/install/tf2_web_republisher_interfaces/include/tf2_web_republisher_interfaces/tf2_web_republisher_interfaces/msg/detail/tf_array__struct.h
[6.721s] -- Symlinking: /home/mvibot/floorCleaningRobot_ws/install/tf2_web_republisher_interfaces/include/tf2_web_republisher_interfaces/tf2_web_republisher_interfaces/msg/detail/tf_array__type_support.h
[6.730s] -- Symlinking: /home/mvibot/floorCleaningRobot_ws/install/tf2_web_republisher_interfaces/include/tf2_web_republisher_interfaces/tf2_web_republisher_interfaces/msg/rosidl_generator_c__visibility_control.h
[6.738s] -- Symlinking: /home/mvibot/floorCleaningRobot_ws/install/tf2_web_republisher_interfaces/include/tf2_web_republisher_interfaces/tf2_web_republisher_interfaces/msg/tf_array.h
[6.745s] -- Symlinking: /home/mvibot/floorCleaningRobot_ws/install/tf2_web_republisher_interfaces/include/tf2_web_republisher_interfaces/tf2_web_republisher_interfaces/srv/detail/republish_t_fs__functions.h
[6.752s] -- Symlinking: /home/mvibot/floorCleaningRobot_ws/install/tf2_web_republisher_interfaces/include/tf2_web_republisher_interfaces/tf2_web_republisher_interfaces/srv/detail/republish_t_fs__struct.h
[6.759s] -- Symlinking: /home/mvibot/floorCleaningRobot_ws/install/tf2_web_republisher_interfaces/include/tf2_web_republisher_interfaces/tf2_web_republisher_interfaces/srv/detail/republish_t_fs__type_support.h
[6.767s] -- Symlinking: /home/mvibot/floorCleaningRobot_ws/install/tf2_web_republisher_interfaces/include/tf2_web_republisher_interfaces/tf2_web_republisher_interfaces/srv/republish_t_fs.h
[6.774s] -- Symlinking: /home/mvibot/floorCleaningRobot_ws/install/tf2_web_republisher_interfaces/share/tf2_web_republisher_interfaces/environment/library_path.sh
[6.782s] -- Symlinking: /home/mvibot/floorCleaningRobot_ws/install/tf2_web_republisher_interfaces/share/tf2_web_republisher_interfaces/environment/library_path.dsv
[6.789s] -- Symlinking: /home/mvibot/floorCleaningRobot_ws/install/tf2_web_republisher_interfaces/include/tf2_web_republisher_interfaces/tf2_web_republisher_interfaces/action/detail/tf_subscription__rosidl_typesupport_fastrtps_c.h
[6.796s] -- Symlinking: /home/mvibot/floorCleaningRobot_ws/install/tf2_web_republisher_interfaces/include/tf2_web_republisher_interfaces/tf2_web_republisher_interfaces/msg/detail/tf_array__rosidl_typesupport_fastrtps_c.h
[6.803s] -- Symlinking: /home/mvibot/floorCleaningRobot_ws/install/tf2_web_republisher_interfaces/include/tf2_web_republisher_interfaces/tf2_web_republisher_interfaces/msg/rosidl_typesupport_fastrtps_c__visibility_control.h
[6.809s] -- Symlinking: /home/mvibot/floorCleaningRobot_ws/install/tf2_web_republisher_interfaces/include/tf2_web_republisher_interfaces/tf2_web_republisher_interfaces/srv/detail/republish_t_fs__rosidl_typesupport_fastrtps_c.h
[6.816s] -- Symlinking: /home/mvibot/floorCleaningRobot_ws/install/tf2_web_republisher_interfaces/include/tf2_web_republisher_interfaces/tf2_web_republisher_interfaces/action/detail/tf_subscription__builder.hpp
[6.823s] -- Symlinking: /home/mvibot/floorCleaningRobot_ws/install/tf2_web_republisher_interfaces/include/tf2_web_republisher_interfaces/tf2_web_republisher_interfaces/action/detail/tf_subscription__struct.hpp
[6.830s] -- Symlinking: /home/mvibot/floorCleaningRobot_ws/install/tf2_web_republisher_interfaces/include/tf2_web_republisher_interfaces/tf2_web_republisher_interfaces/action/detail/tf_subscription__traits.hpp
[6.836s] -- Symlinking: /home/mvibot/floorCleaningRobot_ws/install/tf2_web_republisher_interfaces/include/tf2_web_republisher_interfaces/tf2_web_republisher_interfaces/action/detail/tf_subscription__type_support.hpp
[6.842s] -- Symlinking: /home/mvibot/floorCleaningRobot_ws/install/tf2_web_republisher_interfaces/include/tf2_web_republisher_interfaces/tf2_web_republisher_interfaces/action/tf_subscription.hpp
[6.848s] -- Symlinking: /home/mvibot/floorCleaningRobot_ws/install/tf2_web_republisher_interfaces/include/tf2_web_republisher_interfaces/tf2_web_republisher_interfaces/msg/detail/tf_array__builder.hpp
[6.854s] -- Symlinking: /home/mvibot/floorCleaningRobot_ws/install/tf2_web_republisher_interfaces/include/tf2_web_republisher_interfaces/tf2_web_republisher_interfaces/msg/detail/tf_array__struct.hpp
[6.860s] -- Symlinking: /home/mvibot/floorCleaningRobot_ws/install/tf2_web_republisher_interfaces/include/tf2_web_republisher_interfaces/tf2_web_republisher_interfaces/msg/detail/tf_array__traits.hpp
[6.866s] -- Symlinking: /home/mvibot/floorCleaningRobot_ws/install/tf2_web_republisher_interfaces/include/tf2_web_republisher_interfaces/tf2_web_republisher_interfaces/msg/detail/tf_array__type_support.hpp
[6.873s] -- Symlinking: /home/mvibot/floorCleaningRobot_ws/install/tf2_web_republisher_interfaces/include/tf2_web_republisher_interfaces/tf2_web_republisher_interfaces/msg/rosidl_generator_cpp__visibility_control.hpp
[6.878s] -- Symlinking: /home/mvibot/floorCleaningRobot_ws/install/tf2_web_republisher_interfaces/include/tf2_web_republisher_interfaces/tf2_web_republisher_interfaces/msg/tf_array.hpp
[6.884s] -- Symlinking: /home/mvibot/floorCleaningRobot_ws/install/tf2_web_republisher_interfaces/include/tf2_web_republisher_interfaces/tf2_web_republisher_interfaces/srv/detail/republish_t_fs__builder.hpp
[6.890s] -- Symlinking: /home/mvibot/floorCleaningRobot_ws/install/tf2_web_republisher_interfaces/include/tf2_web_republisher_interfaces/tf2_web_republisher_interfaces/srv/detail/republish_t_fs__struct.hpp
[6.897s] -- Symlinking: /home/mvibot/floorCleaningRobot_ws/install/tf2_web_republisher_interfaces/include/tf2_web_republisher_interfaces/tf2_web_republisher_interfaces/srv/detail/republish_t_fs__traits.hpp
[6.903s] -- Symlinking: /home/mvibot/floorCleaningRobot_ws/install/tf2_web_republisher_interfaces/include/tf2_web_republisher_interfaces/tf2_web_republisher_interfaces/srv/detail/republish_t_fs__type_support.hpp
[6.909s] -- Symlinking: /home/mvibot/floorCleaningRobot_ws/install/tf2_web_republisher_interfaces/include/tf2_web_republisher_interfaces/tf2_web_republisher_interfaces/srv/republish_t_fs.hpp
[6.915s] -- Symlinking: /home/mvibot/floorCleaningRobot_ws/install/tf2_web_republisher_interfaces/include/tf2_web_republisher_interfaces/tf2_web_republisher_interfaces/action/detail/tf_subscription__rosidl_typesupport_fastrtps_cpp.hpp
[6.921s] -- Symlinking: /home/mvibot/floorCleaningRobot_ws/install/tf2_web_republisher_interfaces/include/tf2_web_republisher_interfaces/tf2_web_republisher_interfaces/msg/detail/tf_array__rosidl_typesupport_fastrtps_cpp.hpp
[6.928s] -- Symlinking: /home/mvibot/floorCleaningRobot_ws/install/tf2_web_republisher_interfaces/include/tf2_web_republisher_interfaces/tf2_web_republisher_interfaces/msg/rosidl_typesupport_fastrtps_cpp__visibility_control.h
[6.935s] -- Symlinking: /home/mvibot/floorCleaningRobot_ws/install/tf2_web_republisher_interfaces/include/tf2_web_republisher_interfaces/tf2_web_republisher_interfaces/srv/detail/republish_t_fs__rosidl_typesupport_fastrtps_cpp.hpp
[6.942s] -- Symlinking: /home/mvibot/floorCleaningRobot_ws/install/tf2_web_republisher_interfaces/include/tf2_web_republisher_interfaces/tf2_web_republisher_interfaces/action/detail/tf_subscription__rosidl_typesupport_introspection_c.h
[6.949s] -- Symlinking: /home/mvibot/floorCleaningRobot_ws/install/tf2_web_republisher_interfaces/include/tf2_web_republisher_interfaces/tf2_web_republisher_interfaces/msg/detail/tf_array__rosidl_typesupport_introspection_c.h
[6.955s] -- Symlinking: /home/mvibot/floorCleaningRobot_ws/install/tf2_web_republisher_interfaces/include/tf2_web_republisher_interfaces/tf2_web_republisher_interfaces/msg/rosidl_typesupport_introspection_c__visibility_control.h
[6.961s] -- Symlinking: /home/mvibot/floorCleaningRobot_ws/install/tf2_web_republisher_interfaces/include/tf2_web_republisher_interfaces/tf2_web_republisher_interfaces/srv/detail/republish_t_fs__rosidl_typesupport_introspection_c.h
[6.968s] -- Symlinking: /home/mvibot/floorCleaningRobot_ws/install/tf2_web_republisher_interfaces/include/tf2_web_republisher_interfaces/tf2_web_republisher_interfaces/action/detail/tf_subscription__rosidl_typesupport_introspection_cpp.hpp
[6.975s] -- Symlinking: /home/mvibot/floorCleaningRobot_ws/install/tf2_web_republisher_interfaces/include/tf2_web_republisher_interfaces/tf2_web_republisher_interfaces/msg/detail/tf_array__rosidl_typesupport_introspection_cpp.hpp
[6.981s] -- Symlinking: /home/mvibot/floorCleaningRobot_ws/install/tf2_web_republisher_interfaces/include/tf2_web_republisher_interfaces/tf2_web_republisher_interfaces/srv/detail/republish_t_fs__rosidl_typesupport_introspection_cpp.hpp
[6.988s] -- Symlinking: /home/mvibot/floorCleaningRobot_ws/install/tf2_web_republisher_interfaces/share/tf2_web_republisher_interfaces/environment/pythonpath.sh
[6.994s] -- Symlinking: /home/mvibot/floorCleaningRobot_ws/install/tf2_web_republisher_interfaces/share/tf2_web_republisher_interfaces/environment/pythonpath.dsv
[7.000s] -- Symlinking: /home/mvibot/floorCleaningRobot_ws/install/tf2_web_republisher_interfaces/lib/python3.12/site-packages/tf2_web_republisher_interfaces-1.0.0-py3.12.egg-info/PKG-INFO
[7.006s] -- Symlinking: /home/mvibot/floorCleaningRobot_ws/install/tf2_web_republisher_interfaces/lib/python3.12/site-packages/tf2_web_republisher_interfaces-1.0.0-py3.12.egg-info/SOURCES.txt
[7.012s] -- Symlinking: /home/mvibot/floorCleaningRobot_ws/install/tf2_web_republisher_interfaces/lib/python3.12/site-packages/tf2_web_republisher_interfaces-1.0.0-py3.12.egg-info/dependency_links.txt
[7.019s] -- Symlinking: /home/mvibot/floorCleaningRobot_ws/install/tf2_web_republisher_interfaces/lib/python3.12/site-packages/tf2_web_republisher_interfaces-1.0.0-py3.12.egg-info/top_level.txt
[7.026s] -- Symlinking: /home/mvibot/floorCleaningRobot_ws/install/tf2_web_republisher_interfaces/lib/python3.12/site-packages/tf2_web_republisher_interfaces/__init__.py
[7.033s] -- Symlinking: /home/mvibot/floorCleaningRobot_ws/install/tf2_web_republisher_interfaces/lib/python3.12/site-packages/tf2_web_republisher_interfaces/_tf2_web_republisher_interfaces_s.ep.rosidl_typesupport_c.c
[7.039s] -- Symlinking: /home/mvibot/floorCleaningRobot_ws/install/tf2_web_republisher_interfaces/lib/python3.12/site-packages/tf2_web_republisher_interfaces/_tf2_web_republisher_interfaces_s.ep.rosidl_typesupport_fastrtps_c.c
[7.045s] -- Symlinking: /home/mvibot/floorCleaningRobot_ws/install/tf2_web_republisher_interfaces/lib/python3.12/site-packages/tf2_web_republisher_interfaces/_tf2_web_republisher_interfaces_s.ep.rosidl_typesupport_introspection_c.c
[7.051s] -- Symlinking: /home/mvibot/floorCleaningRobot_ws/install/tf2_web_republisher_interfaces/lib/python3.12/site-packages/tf2_web_republisher_interfaces/action/__init__.py
[7.057s] -- Symlinking: /home/mvibot/floorCleaningRobot_ws/install/tf2_web_republisher_interfaces/lib/python3.12/site-packages/tf2_web_republisher_interfaces/action/_tf_subscription.py
[7.063s] -- Symlinking: /home/mvibot/floorCleaningRobot_ws/install/tf2_web_republisher_interfaces/lib/python3.12/site-packages/tf2_web_republisher_interfaces/action/_tf_subscription_s.c
[7.070s] -- Symlinking: /home/mvibot/floorCleaningRobot_ws/install/tf2_web_republisher_interfaces/lib/python3.12/site-packages/tf2_web_republisher_interfaces/msg/__init__.py
[7.075s] -- Symlinking: /home/mvibot/floorCleaningRobot_ws/install/tf2_web_republisher_interfaces/lib/python3.12/site-packages/tf2_web_republisher_interfaces/msg/_tf_array.py
[7.081s] -- Symlinking: /home/mvibot/floorCleaningRobot_ws/install/tf2_web_republisher_interfaces/lib/python3.12/site-packages/tf2_web_republisher_interfaces/msg/_tf_array_s.c
[7.087s] -- Symlinking: /home/mvibot/floorCleaningRobot_ws/install/tf2_web_republisher_interfaces/lib/python3.12/site-packages/tf2_web_republisher_interfaces/srv/__init__.py
[7.094s] -- Symlinking: /home/mvibot/floorCleaningRobot_ws/install/tf2_web_republisher_interfaces/lib/python3.12/site-packages/tf2_web_republisher_interfaces/srv/_republish_t_fs.py
[7.099s] -- Symlinking: /home/mvibot/floorCleaningRobot_ws/install/tf2_web_republisher_interfaces/lib/python3.12/site-packages/tf2_web_republisher_interfaces/srv/_republish_t_fs_s.c
[7.105s] -- Symlinking: /home/mvibot/floorCleaningRobot_ws/install/tf2_web_republisher_interfaces/lib/python3.12/site-packages/tf2_web_republisher_interfaces/tf2_web_republisher_interfaces_s__rosidl_typesupport_c.so
[7.111s] -- Symlinking: /home/mvibot/floorCleaningRobot_ws/install/tf2_web_republisher_interfaces/lib/python3.12/site-packages/tf2_web_republisher_interfaces/tf2_web_republisher_interfaces_s__rosidl_typesupport_fastrtps_c.so
[7.117s] -- Symlinking: /home/mvibot/floorCleaningRobot_ws/install/tf2_web_republisher_interfaces/lib/python3.12/site-packages/tf2_web_republisher_interfaces/tf2_web_republisher_interfaces_s__rosidl_typesupport_introspection_c.so
[7.125s] -- Up-to-date symlink: /home/mvibot/floorCleaningRobot_ws/install/tf2_web_republisher_interfaces/lib/python3.12/site-packages/tf2_web_republisher_interfaces/tf2_web_republisher_interfaces_s__rosidl_typesupport_fastrtps_c.so
[7.125s] -- Up-to-date symlink: /home/mvibot/floorCleaningRobot_ws/install/tf2_web_republisher_interfaces/lib/python3.12/site-packages/tf2_web_republisher_interfaces/tf2_web_republisher_interfaces_s__rosidl_typesupport_introspection_c.so
[7.125s] -- Up-to-date symlink: /home/mvibot/floorCleaningRobot_ws/install/tf2_web_republisher_interfaces/lib/python3.12/site-packages/tf2_web_republisher_interfaces/tf2_web_republisher_interfaces_s__rosidl_typesupport_c.so
[7.125s] -- Symlinking: /home/mvibot/floorCleaningRobot_ws/install/tf2_web_republisher_interfaces/share/tf2_web_republisher_interfaces/msg/TFArray.idl
[7.132s] -- Symlinking: /home/mvibot/floorCleaningRobot_ws/install/tf2_web_republisher_interfaces/share/tf2_web_republisher_interfaces/srv/RepublishTFs.idl
[7.139s] -- Symlinking: /home/mvibot/floorCleaningRobot_ws/install/tf2_web_republisher_interfaces/share/tf2_web_republisher_interfaces/action/TFSubscription.idl
[7.146s] -- Symlinking: /home/mvibot/floorCleaningRobot_ws/install/tf2_web_republisher_interfaces/share/tf2_web_republisher_interfaces/msg/TFArray.msg
[7.152s] -- Symlinking: /home/mvibot/floorCleaningRobot_ws/install/tf2_web_republisher_interfaces/share/tf2_web_republisher_interfaces/srv/RepublishTFs.srv
[7.158s] -- Symlinking: /home/mvibot/floorCleaningRobot_ws/install/tf2_web_republisher_interfaces/share/tf2_web_republisher_interfaces/action/TFSubscription.action
[7.164s] -- Symlinking: /home/mvibot/floorCleaningRobot_ws/install/tf2_web_republisher_interfaces/share/ament_index/resource_index/package_run_dependencies/tf2_web_republisher_interfaces
[7.170s] -- Symlinking: /home/mvibot/floorCleaningRobot_ws/install/tf2_web_republisher_interfaces/share/ament_index/resource_index/parent_prefix_path/tf2_web_republisher_interfaces
[7.177s] -- Symlinking: /home/mvibot/floorCleaningRobot_ws/install/tf2_web_republisher_interfaces/share/tf2_web_republisher_interfaces/environment/ament_prefix_path.sh
[7.183s] -- Symlinking: /home/mvibot/floorCleaningRobot_ws/install/tf2_web_republisher_interfaces/share/tf2_web_republisher_interfaces/environment/ament_prefix_path.dsv
[7.189s] -- Symlinking: /home/mvibot/floorCleaningRobot_ws/install/tf2_web_republisher_interfaces/share/tf2_web_republisher_interfaces/environment/path.sh
[7.195s] -- Symlinking: /home/mvibot/floorCleaningRobot_ws/install/tf2_web_republisher_interfaces/share/tf2_web_republisher_interfaces/environment/path.dsv
[7.201s] -- Symlinking: /home/mvibot/floorCleaningRobot_ws/install/tf2_web_republisher_interfaces/share/tf2_web_republisher_interfaces/local_setup.bash
[7.207s] -- Symlinking: /home/mvibot/floorCleaningRobot_ws/install/tf2_web_republisher_interfaces/share/tf2_web_republisher_interfaces/local_setup.sh
[7.213s] -- Symlinking: /home/mvibot/floorCleaningRobot_ws/install/tf2_web_republisher_interfaces/share/tf2_web_republisher_interfaces/local_setup.zsh
[7.219s] -- Symlinking: /home/mvibot/floorCleaningRobot_ws/install/tf2_web_republisher_interfaces/share/tf2_web_republisher_interfaces/local_setup.dsv
[7.226s] -- Symlinking: /home/mvibot/floorCleaningRobot_ws/install/tf2_web_republisher_interfaces/share/tf2_web_republisher_interfaces/package.dsv
[7.233s] -- Symlinking: /home/mvibot/floorCleaningRobot_ws/install/tf2_web_republisher_interfaces/share/ament_index/resource_index/packages/tf2_web_republisher_interfaces
[7.239s] -- Symlinking: /home/mvibot/floorCleaningRobot_ws/install/tf2_web_republisher_interfaces/share/tf2_web_republisher_interfaces/cmake/rosidl_cmake-extras.cmake
[7.246s] -- Symlinking: /home/mvibot/floorCleaningRobot_ws/install/tf2_web_republisher_interfaces/share/tf2_web_republisher_interfaces/cmake/ament_cmake_export_dependencies-extras.cmake
[7.253s] -- Symlinking: /home/mvibot/floorCleaningRobot_ws/install/tf2_web_republisher_interfaces/share/tf2_web_republisher_interfaces/cmake/ament_cmake_export_include_directories-extras.cmake
[7.259s] -- Symlinking: /home/mvibot/floorCleaningRobot_ws/install/tf2_web_republisher_interfaces/share/tf2_web_republisher_interfaces/cmake/ament_cmake_export_libraries-extras.cmake
[7.265s] -- Symlinking: /home/mvibot/floorCleaningRobot_ws/install/tf2_web_republisher_interfaces/share/tf2_web_republisher_interfaces/cmake/ament_cmake_export_targets-extras.cmake
[7.271s] -- Symlinking: /home/mvibot/floorCleaningRobot_ws/install/tf2_web_republisher_interfaces/share/tf2_web_republisher_interfaces/cmake/rosidl_cmake_export_typesupport_targets-extras.cmake
[7.278s] -- Symlinking: /home/mvibot/floorCleaningRobot_ws/install/tf2_web_republisher_interfaces/share/tf2_web_republisher_interfaces/cmake/rosidl_cmake_export_typesupport_libraries-extras.cmake
[7.284s] -- Symlinking: /home/mvibot/floorCleaningRobot_ws/install/tf2_web_republisher_interfaces/share/tf2_web_republisher_interfaces/cmake/tf2_web_republisher_interfacesConfig.cmake
[7.290s] -- Symlinking: /home/mvibot/floorCleaningRobot_ws/install/tf2_web_republisher_interfaces/share/tf2_web_republisher_interfaces/cmake/tf2_web_republisher_interfacesConfig-version.cmake
[7.296s] -- Symlinking: /home/mvibot/floorCleaningRobot_ws/install/tf2_web_republisher_interfaces/share/tf2_web_republisher_interfaces/package.xml
[7.302s] -- Installing: /home/mvibot/floorCleaningRobot_ws/install/tf2_web_republisher_interfaces/lib/libtf2_web_republisher_interfaces__rosidl_generator_c.so
[7.303s] -- Set non-toolchain portion of runtime path of "/home/mvibot/floorCleaningRobot_ws/install/tf2_web_republisher_interfaces/lib/libtf2_web_republisher_interfaces__rosidl_generator_c.so" to ""
[7.303s] -- Installing: /home/mvibot/floorCleaningRobot_ws/install/tf2_web_republisher_interfaces/lib/libtf2_web_republisher_interfaces__rosidl_typesupport_fastrtps_c.so
[7.303s] -- Set non-toolchain portion of runtime path of "/home/mvibot/floorCleaningRobot_ws/install/tf2_web_republisher_interfaces/lib/libtf2_web_republisher_interfaces__rosidl_typesupport_fastrtps_c.so" to ""
[7.303s] -- Installing: /home/mvibot/floorCleaningRobot_ws/install/tf2_web_republisher_interfaces/lib/libtf2_web_republisher_interfaces__rosidl_typesupport_fastrtps_cpp.so
[7.303s] -- Set non-toolchain portion of runtime path of "/home/mvibot/floorCleaningRobot_ws/install/tf2_web_republisher_interfaces/lib/libtf2_web_republisher_interfaces__rosidl_typesupport_fastrtps_cpp.so" to ""
[7.303s] -- Installing: /home/mvibot/floorCleaningRobot_ws/install/tf2_web_republisher_interfaces/lib/libtf2_web_republisher_interfaces__rosidl_typesupport_introspection_c.so
[7.304s] -- Set non-toolchain portion of runtime path of "/home/mvibot/floorCleaningRobot_ws/install/tf2_web_republisher_interfaces/lib/libtf2_web_republisher_interfaces__rosidl_typesupport_introspection_c.so" to ""
[7.304s] -- Installing: /home/mvibot/floorCleaningRobot_ws/install/tf2_web_republisher_interfaces/lib/libtf2_web_republisher_interfaces__rosidl_typesupport_c.so
[7.304s] -- Set non-toolchain portion of runtime path of "/home/mvibot/floorCleaningRobot_ws/install/tf2_web_republisher_interfaces/lib/libtf2_web_republisher_interfaces__rosidl_typesupport_c.so" to ""
[7.304s] -- Installing: /home/mvibot/floorCleaningRobot_ws/install/tf2_web_republisher_interfaces/lib/libtf2_web_republisher_interfaces__rosidl_typesupport_introspection_cpp.so
[7.304s] -- Set non-toolchain portion of runtime path of "/home/mvibot/floorCleaningRobot_ws/install/tf2_web_republisher_interfaces/lib/libtf2_web_republisher_interfaces__rosidl_typesupport_introspection_cpp.so" to ""
[7.304s] -- Installing: /home/mvibot/floorCleaningRobot_ws/install/tf2_web_republisher_interfaces/lib/libtf2_web_republisher_interfaces__rosidl_typesupport_cpp.so
[7.305s] -- Set non-toolchain portion of runtime path of "/home/mvibot/floorCleaningRobot_ws/install/tf2_web_republisher_interfaces/lib/libtf2_web_republisher_interfaces__rosidl_typesupport_cpp.so" to ""
[7.347s] Listing '/home/mvibot/floorCleaningRobot_ws/install/tf2_web_republisher_interfaces/lib/python3.12/site-packages/tf2_web_republisher_interfaces'...
[7.347s] Compiling '/home/mvibot/floorCleaningRobot_ws/install/tf2_web_republisher_interfaces/lib/python3.12/site-packages/tf2_web_republisher_interfaces/__init__.py'...
[7.347s] Listing '/home/mvibot/floorCleaningRobot_ws/install/tf2_web_republisher_interfaces/lib/python3.12/site-packages/tf2_web_republisher_interfaces/action'...
[7.347s] Compiling '/home/mvibot/floorCleaningRobot_ws/install/tf2_web_republisher_interfaces/lib/python3.12/site-packages/tf2_web_republisher_interfaces/action/__init__.py'...
[7.347s] Compiling '/home/mvibot/floorCleaningRobot_ws/install/tf2_web_republisher_interfaces/lib/python3.12/site-packages/tf2_web_republisher_interfaces/action/_tf_subscription.py'...
[7.347s] Listing '/home/mvibot/floorCleaningRobot_ws/install/tf2_web_republisher_interfaces/lib/python3.12/site-packages/tf2_web_republisher_interfaces/msg'...
[7.347s] Compiling '/home/mvibot/floorCleaningRobot_ws/install/tf2_web_republisher_interfaces/lib/python3.12/site-packages/tf2_web_republisher_interfaces/msg/__init__.py'...
[7.347s] Compiling '/home/mvibot/floorCleaningRobot_ws/install/tf2_web_republisher_interfaces/lib/python3.12/site-packages/tf2_web_republisher_interfaces/msg/_tf_array.py'...
[7.347s] Listing '/home/mvibot/floorCleaningRobot_ws/install/tf2_web_republisher_interfaces/lib/python3.12/site-packages/tf2_web_republisher_interfaces/srv'...
[7.347s] Compiling '/home/mvibot/floorCleaningRobot_ws/install/tf2_web_republisher_interfaces/lib/python3.12/site-packages/tf2_web_republisher_interfaces/srv/__init__.py'...
[7.347s] Compiling '/home/mvibot/floorCleaningRobot_ws/install/tf2_web_republisher_interfaces/lib/python3.12/site-packages/tf2_web_republisher_interfaces/srv/_republish_t_fs.py'...
[7.351s] -- Installing: /home/mvibot/floorCleaningRobot_ws/install/tf2_web_republisher_interfaces/lib/libtf2_web_republisher_interfaces__rosidl_generator_py.so
[7.352s] -- Set non-toolchain portion of runtime path of "/home/mvibot/floorCleaningRobot_ws/install/tf2_web_republisher_interfaces/lib/libtf2_web_republisher_interfaces__rosidl_generator_py.so" to ""
[7.352s] -- Installing: /home/mvibot/floorCleaningRobot_ws/install/tf2_web_republisher_interfaces/share/tf2_web_republisher_interfaces/cmake/export_tf2_web_republisher_interfaces__rosidl_generator_cExport.cmake
[7.352s] -- Installing: /home/mvibot/floorCleaningRobot_ws/install/tf2_web_republisher_interfaces/share/tf2_web_republisher_interfaces/cmake/export_tf2_web_republisher_interfaces__rosidl_generator_cExport-noconfig.cmake
[7.352s] -- Installing: /home/mvibot/floorCleaningRobot_ws/install/tf2_web_republisher_interfaces/share/tf2_web_republisher_interfaces/cmake/export_tf2_web_republisher_interfaces__rosidl_typesupport_fastrtps_cExport.cmake
[7.352s] -- Installing: /home/mvibot/floorCleaningRobot_ws/install/tf2_web_republisher_interfaces/share/tf2_web_republisher_interfaces/cmake/export_tf2_web_republisher_interfaces__rosidl_typesupport_fastrtps_cExport-noconfig.cmake
[7.352s] -- Installing: /home/mvibot/floorCleaningRobot_ws/install/tf2_web_republisher_interfaces/share/tf2_web_republisher_interfaces/cmake/export_tf2_web_republisher_interfaces__rosidl_generator_cppExport.cmake
[7.352s] -- Installing: /home/mvibot/floorCleaningRobot_ws/install/tf2_web_republisher_interfaces/share/tf2_web_republisher_interfaces/cmake/export_tf2_web_republisher_interfaces__rosidl_typesupport_fastrtps_cppExport.cmake
[7.352s] -- Installing: /home/mvibot/floorCleaningRobot_ws/install/tf2_web_republisher_interfaces/share/tf2_web_republisher_interfaces/cmake/export_tf2_web_republisher_interfaces__rosidl_typesupport_fastrtps_cppExport-noconfig.cmake
[7.352s] -- Installing: /home/mvibot/floorCleaningRobot_ws/install/tf2_web_republisher_interfaces/share/tf2_web_republisher_interfaces/cmake/tf2_web_republisher_interfaces__rosidl_typesupport_introspection_cExport.cmake
[7.352s] -- Installing: /home/mvibot/floorCleaningRobot_ws/install/tf2_web_republisher_interfaces/share/tf2_web_republisher_interfaces/cmake/tf2_web_republisher_interfaces__rosidl_typesupport_introspection_cExport-noconfig.cmake
[7.352s] -- Installing: /home/mvibot/floorCleaningRobot_ws/install/tf2_web_republisher_interfaces/share/tf2_web_republisher_interfaces/cmake/tf2_web_republisher_interfaces__rosidl_typesupport_cExport.cmake
[7.352s] -- Installing: /home/mvibot/floorCleaningRobot_ws/install/tf2_web_republisher_interfaces/share/tf2_web_republisher_interfaces/cmake/tf2_web_republisher_interfaces__rosidl_typesupport_cExport-noconfig.cmake
[7.353s] -- Installing: /home/mvibot/floorCleaningRobot_ws/install/tf2_web_republisher_interfaces/share/tf2_web_republisher_interfaces/cmake/tf2_web_republisher_interfaces__rosidl_typesupport_introspection_cppExport.cmake
[7.353s] -- Installing: /home/mvibot/floorCleaningRobot_ws/install/tf2_web_republisher_interfaces/share/tf2_web_republisher_interfaces/cmake/tf2_web_republisher_interfaces__rosidl_typesupport_introspection_cppExport-noconfig.cmake
[7.353s] -- Installing: /home/mvibot/floorCleaningRobot_ws/install/tf2_web_republisher_interfaces/share/tf2_web_republisher_interfaces/cmake/tf2_web_republisher_interfaces__rosidl_typesupport_cppExport.cmake
[7.353s] -- Installing: /home/mvibot/floorCleaningRobot_ws/install/tf2_web_republisher_interfaces/share/tf2_web_republisher_interfaces/cmake/tf2_web_republisher_interfaces__rosidl_typesupport_cppExport-noconfig.cmake
[7.353s] -- Installing: /home/mvibot/floorCleaningRobot_ws/install/tf2_web_republisher_interfaces/share/tf2_web_republisher_interfaces/cmake/export_tf2_web_republisher_interfaces__rosidl_generator_pyExport.cmake
[7.353s] -- Installing: /home/mvibot/floorCleaningRobot_ws/install/tf2_web_republisher_interfaces/share/tf2_web_republisher_interfaces/cmake/export_tf2_web_republisher_interfaces__rosidl_generator_pyExport-noconfig.cmake
[7.355s] Invoked command in '/home/mvibot/floorCleaningRobot_ws/build/tf2_web_republisher_interfaces' returned '0': CMAKE_PREFIX_PATH=${CMAKE_PREFIX_PATH}:/opt/ros/jazzy DEBUGINFOD_URLS=https://debuginfod.ubuntu.com /usr/bin/cmake --install /home/mvibot/floorCleaningRobot_ws/build/tf2_web_republisher_interfaces
